Archive member included to satisfy reference by file (symbol)

/home/darlison/.pico-sdk/toolchain/13_3_Rel1/bin/../lib/gcc/arm-none-eabi/13.3.1/thumb/v6-m/nofp/libgcc.a(_dvmd_tls.o)
                              CMakeFiles/wifimqtt.dir/home/darlison/.pico-sdk/sdk/1.5.1/src/rp2_common/pico_divider/divider.S.obj (__aeabi_idiv0)
/home/darlison/.pico-sdk/toolchain/13_3_Rel1/bin/../lib/gcc/arm-none-eabi/13.3.1/../../../../arm-none-eabi/lib/thumb/v6-m/nofp/libc.a(libc_a-strlen-stub.o)
                              CMakeFiles/wifimqtt.dir/wifimqtt.c.obj (strlen)
/home/darlison/.pico-sdk/toolchain/13_3_Rel1/bin/../lib/gcc/arm-none-eabi/13.3.1/../../../../arm-none-eabi/lib/thumb/v6-m/nofp/libc.a(libc_a-strncmp.o)
                              CMakeFiles/wifimqtt.dir/home/darlison/.pico-sdk/sdk/1.5.1/lib/lwip/src/core/def.c.obj (strncmp)
/home/darlison/.pico-sdk/toolchain/13_3_Rel1/bin/../lib/gcc/arm-none-eabi/13.3.1/../../../../arm-none-eabi/lib/thumb/v6-m/nofp/libc.a(libc_a-malloc.o)
                              CMakeFiles/wifimqtt.dir/home/darlison/.pico-sdk/sdk/1.5.1/src/rp2_common/pico_malloc/pico_malloc.c.obj (malloc)
/home/darlison/.pico-sdk/toolchain/13_3_Rel1/bin/../lib/gcc/arm-none-eabi/13.3.1/../../../../arm-none-eabi/lib/thumb/v6-m/nofp/libc.a(libc_a-mallocr.o)
                              /home/darlison/.pico-sdk/toolchain/13_3_Rel1/bin/../lib/gcc/arm-none-eabi/13.3.1/../../../../arm-none-eabi/lib/thumb/v6-m/nofp/libc.a(libc_a-malloc.o) (_malloc_r)
/home/darlison/.pico-sdk/toolchain/13_3_Rel1/bin/../lib/gcc/arm-none-eabi/13.3.1/../../../../arm-none-eabi/lib/thumb/v6-m/nofp/libc.a(libc_a-strstr.o)
                              CMakeFiles/wifimqtt.dir/home/darlison/.pico-sdk/sdk/1.5.1/lib/mbedtls/library/pem.c.obj (strstr)
/home/darlison/.pico-sdk/toolchain/13_3_Rel1/bin/../lib/gcc/arm-none-eabi/13.3.1/../../../../arm-none-eabi/lib/thumb/v6-m/nofp/libc.a(libc_a-sbrkr.o)
                              /home/darlison/.pico-sdk/toolchain/13_3_Rel1/bin/../lib/gcc/arm-none-eabi/13.3.1/../../../../arm-none-eabi/lib/thumb/v6-m/nofp/libc.a(libc_a-mallocr.o) (_sbrk_r)
/home/darlison/.pico-sdk/toolchain/13_3_Rel1/bin/../lib/gcc/arm-none-eabi/13.3.1/../../../../arm-none-eabi/lib/thumb/v6-m/nofp/libc.a(libc_a-time.o)
                              CMakeFiles/wifimqtt.dir/home/darlison/.pico-sdk/sdk/1.5.1/lib/mbedtls/library/ssl_cli.c.obj (time)
/home/darlison/.pico-sdk/toolchain/13_3_Rel1/bin/../lib/gcc/arm-none-eabi/13.3.1/../../../../arm-none-eabi/lib/thumb/v6-m/nofp/libc.a(libc_a-mlock.o)
                              /home/darlison/.pico-sdk/toolchain/13_3_Rel1/bin/../lib/gcc/arm-none-eabi/13.3.1/../../../../arm-none-eabi/lib/thumb/v6-m/nofp/libc.a(libc_a-mallocr.o) (__malloc_lock)
/home/darlison/.pico-sdk/toolchain/13_3_Rel1/bin/../lib/gcc/arm-none-eabi/13.3.1/../../../../arm-none-eabi/lib/thumb/v6-m/nofp/libc.a(libc_a-atoi.o)
                              CMakeFiles/wifimqtt.dir/wifimqtt.c.obj (atoi)
/home/darlison/.pico-sdk/toolchain/13_3_Rel1/bin/../lib/gcc/arm-none-eabi/13.3.1/../../../../arm-none-eabi/lib/thumb/v6-m/nofp/libc.a(libc_a-calloc.o)
                              CMakeFiles/wifimqtt.dir/home/darlison/.pico-sdk/sdk/1.5.1/src/rp2_common/pico_malloc/pico_malloc.c.obj (calloc)
/home/darlison/.pico-sdk/toolchain/13_3_Rel1/bin/../lib/gcc/arm-none-eabi/13.3.1/../../../../arm-none-eabi/lib/thumb/v6-m/nofp/libc.a(libc_a-memcmp.o)
                              CMakeFiles/wifimqtt.dir/home/darlison/.pico-sdk/sdk/1.5.1/lib/lwip/src/netif/ethernet.c.obj (memcmp)
/home/darlison/.pico-sdk/toolchain/13_3_Rel1/bin/../lib/gcc/arm-none-eabi/13.3.1/../../../../arm-none-eabi/lib/thumb/v6-m/nofp/libc.a(libc_a-callocr.o)
                              /home/darlison/.pico-sdk/toolchain/13_3_Rel1/bin/../lib/gcc/arm-none-eabi/13.3.1/../../../../arm-none-eabi/lib/thumb/v6-m/nofp/libc.a(libc_a-calloc.o) (_calloc_r)
/home/darlison/.pico-sdk/toolchain/13_3_Rel1/bin/../lib/gcc/arm-none-eabi/13.3.1/../../../../arm-none-eabi/lib/thumb/v6-m/nofp/libc.a(libc_a-memmove.o)
                              CMakeFiles/wifimqtt.dir/home/darlison/.pico-sdk/sdk/1.5.1/lib/lwip/src/core/def.c.obj (memmove)
/home/darlison/.pico-sdk/toolchain/13_3_Rel1/bin/../lib/gcc/arm-none-eabi/13.3.1/../../../../arm-none-eabi/lib/thumb/v6-m/nofp/libc.a(libc_a-realloc.o)
                              CMakeFiles/wifimqtt.dir/home/darlison/.pico-sdk/sdk/1.5.1/src/rp2_common/pico_malloc/pico_malloc.c.obj (realloc)
/home/darlison/.pico-sdk/toolchain/13_3_Rel1/bin/../lib/gcc/arm-none-eabi/13.3.1/../../../../arm-none-eabi/lib/thumb/v6-m/nofp/libc.a(libc_a-strchr.o)
                              CMakeFiles/wifimqtt.dir/home/darlison/.pico-sdk/sdk/1.5.1/lib/mbedtls/library/x509.c.obj (strchr)
/home/darlison/.pico-sdk/toolchain/13_3_Rel1/bin/../lib/gcc/arm-none-eabi/13.3.1/../../../../arm-none-eabi/lib/thumb/v6-m/nofp/libc.a(libc_a-ctype_.o)
                              CMakeFiles/wifimqtt.dir/inc/ssd1306_i2c.c.obj (_ctype_)
[...]
Memory Configuration

Name             Origin             Length             Attributes
FLASH            0x10000000         0x00200000         xr
RAM              0x20000000         0x00040000         xrw
SCRATCH_X        0x20040000         0x00001000         xrw
SCRATCH_Y        0x20041000         0x00001000         xrw
*default*        0x00000000         0xffffffff

Linker script and memory map

LOAD /home/darlison/.pico-sdk/toolchain/13_3_Rel1/bin/../lib/gcc/arm-none-eabi/13.3.1/thumb/v6-m/nofp/crti.o
LOAD /home/darlison/.pico-sdk/toolchain/13_3_Rel1/bin/../lib/gcc/arm-none-eabi/13.3.1/thumb/v6-m/nofp/crtbegin.o
LOAD /home/darlison/.pico-sdk/toolchain/13_3_Rel1/bin/../lib/gcc/arm-none-eabi/13.3.1/../../../../arm-none-eabi/lib/thumb/v6-m/nofp/crt0.o

.flash_begin    0x10000000        0x0
                0x10000000                        __flash_binary_start = .

.boot2          0x10000000      0x100
                0x10000000                        __boot2_start__ = .
 *(.boot2)
 .boot2         0x10000000      0x100 /tmp/ccq8B42n.o
                0x10000100                        __boot2_end__ = .
                0x00000001                        ASSERT (((__boot2_end__ - __boot2_start__) == 0x100), ERROR: Pico second stage bootloader must be 256 bytes in size)

.text           0x10000100    0x331d0
                0x10000100                        __logical_binary_start = .
 *(.vectors)
 .vectors       0x10000100       0xd4 CMakeFiles/wifimqtt.dir/home/darlison/.pico-sdk/sdk/1.5.1/src/rp2_common/pico_standard_link/crt0.S.obj
                0x10000100                __vectors
                0x10000100                __VECTOR_TABLE
                0x100001c0                isr_invalid
                0x100001c0                __default_isrs_start
                0x100001c2                isr_nmi
                0x100001c4                isr_hardfault
                0x100001c6                isr_svcall
                0x100001c8                isr_pendsv
                0x100001ca                isr_systick
                0x100001cc                isr_irq30
                0x100001cc                __unhandled_user_irq
                0x100001cc                isr_irq13
                0x100001cc                isr_irq27
                0x100001cc                isr_irq31
                0x100001cc                isr_irq5
                0x100001cc                isr_irq11
                0x100001cc                isr_irq23
                0x100001cc                isr_irq18
                0x100001cc                isr_irq28
                0x100001cc                isr_irq19
                0x100001cc                isr_irq0
                0x100001cc                isr_irq6
                0x100001cc                isr_irq22
                0x100001cc                isr_irq17
                0x100001cc                isr_irq14
                0x100001cc                isr_irq2
                0x100001cc                isr_irq10
                0x100001cc                isr_irq8
                0x100001cc                isr_irq24
                0x100001cc                isr_irq1
                0x100001cc                isr_irq7
                0x100001cc                isr_irq21
                0x100001cc                isr_irq20
                0x100001cc                isr_irq15
                0x100001cc                isr_irq25
                0x100001cc                isr_irq4
                0x100001cc                isr_irq16
                0x100001cc                isr_irq29
                0x100001cc                isr_irq26
                0x100001cc                __default_isrs_end
                0x100001cc                isr_irq3
                0x100001cc                isr_irq12
                0x100001cc                isr_irq9
                0x100001d2                unhandled_user_irq_num_in_r0
 *(.binary_info_header)
 .binary_info_header
                0x100001d4       0x14 CMakeFiles/wifimqtt.dir/home/darlison/.pico-sdk/sdk/1.5.1/src/rp2_common/pico_standard_link/crt0.S.obj
                0x100001e8                        __binary_info_header_end = .
 *(.reset)
 .reset         0x100001e8       0xa0 CMakeFiles/wifimqtt.dir/home/darlison/.pico-sdk/sdk/1.5.1/src/rp2_common/pico_standard_link/crt0.S.obj
                0x100001e8                _entry_point
 .reset         0x10000288       0x30 CMakeFiles/wifimqtt.dir/home/darlison/.pico-sdk/sdk/1.5.1/src/rp2_common/pico_standard_link/binary_info.c.obj
 *(.init)
 .init          0x100002b8        0x4 /home/darlison/.pico-sdk/toolchain/13_3_Rel1/bin/../lib/gcc/arm-none-eabi/13.3.1/thumb/v6-m/nofp/crti.o
                0x100002b8                _init
 *(EXCLUDE_FILE(*libm.a: *libc.a:*lib_a-mem*.o *libgcc.a:) .text*)
 .text.register_tm_clones
                0x100002bc       0x28 /home/darlison/.pico-sdk/toolchain/13_3_Rel1/bin/../lib/gcc/arm-none-eabi/13.3.1/thumb/v6-m/nofp/crtbegin.o
 .text.frame_dummy
                0x100002e4       0x24 /home/darlison/.pico-sdk/toolchain/13_3_Rel1/bin/../lib/gcc/arm-none-eabi/13.3.1/thumb/v6-m/nofp/crtbegin.o
 .text.mqtt_pub_request_cb
                0x10000308       0x10 CMakeFiles/wifimqtt.dir/wifimqtt.c.obj
                0x10000308                mqtt_pub_request_cb
 .text.mqtt_sub_request_cb
                0x10000318       0x10 CMakeFiles/wifimqtt.dir/wifimqtt.c.obj
                0x10000318                mqtt_sub_request_cb
 .text.mqtt_pub_start_cb
                0x10000328       0x10 CMakeFiles/wifimqtt.dir/wifimqtt.c.obj
 .text.dns_found
                0x10000338       0x2c CMakeFiles/wifimqtt.dir/wifimqtt.c.obj
                0x10000338                dns_found
 .text.mqtt_pub_data_cb
                0x10000364       0x44 CMakeFiles/wifimqtt.dir/wifimqtt.c.obj
 .text.mqtt_connection_cb
                0x100003a8       0x8c CMakeFiles/wifimqtt.dir/wifimqtt.c.obj
 .text.run_dns_lookup
                0x10000434       0x40 CMakeFiles/wifimqtt.dir/wifimqtt.c.obj
                0x10000434                run_dns_lookup
 .text.mqtt_publish_machine_status
                0x10000474       0xc4 CMakeFiles/wifimqtt.dir/wifimqtt.c.obj
                0x10000474                mqtt_publish_machine_status
 .text.mqtt_run_test
                0x10000538      0x1ec CMakeFiles/wifimqtt.dir/wifimqtt.c.obj
                0x10000538                mqtt_run_test
 .text.initialize_wifi
                0x10000724       0xf4 CMakeFiles/wifimqtt.dir/wifimqtt.c.obj
                0x10000724                initialize_wifi
 .text.calculate_render_area_buffer_length
                0x10000818       0x18 CMakeFiles/wifimqtt.dir/inc/ssd1306_i2c.c.obj
                0x10000818                calculate_render_area_buffer_length
 .text.ssd1306_init
                0x10000830       0x58 CMakeFiles/wifimqtt.dir/inc/ssd1306_i2c.c.obj
                0x10000830                ssd1306_init
 .text.render_on_display
                0x10000888       0x98 CMakeFiles/wifimqtt.dir/inc/ssd1306_i2c.c.obj
                0x10000888                render_on_display
 .text.ssd1306_draw_string
                0x10000920       0xd8 CMakeFiles/wifimqtt.dir/inc/ssd1306_i2c.c.obj
                0x10000920                ssd1306_draw_string
 .text.pwm_init_buzzer
                0x100009f8       0x80 CMakeFiles/wifimqtt.dir/bell_sound.c.obj
                0x100009f8                pwm_init_buzzer
 .text.play_bell
                0x10000a78      0x100 CMakeFiles/wifimqtt.dir/bell_sound.c.obj
                0x10000a78                play_bell
 .text.init_display_oled
                0x10000b78       0x6c CMakeFiles/wifimqtt.dir/display_oled.c.obj
                0x10000b78                init_display_oled
 .text.display_oled_message
                0x10000be4       0x40 CMakeFiles/wifimqtt.dir/display_oled.c.obj
                0x10000be4                display_oled_message
 .text.handle_machine_interrupt
                0x10000c24       0x88 CMakeFiles/wifimqtt.dir/embarca.c.obj
                0x10000c24                handle_machine_interrupt
 .text.init_leds
                0x10000cac       0x2c CMakeFiles/wifimqtt.dir/embarca.c.obj
                0x10000cac                init_leds
 .text.setup_gpio_interrupts
                0x10000cd8       0x4c CMakeFiles/wifimqtt.dir/embarca.c.obj
                0x10000cd8                setup_gpio_interrupts
 .text.process_machine_assistance
                0x10000d24       0xa4 CMakeFiles/wifimqtt.dir/embarca.c.obj
                0x10000d24                process_machine_assistance
 .text.process_machine_request
                0x10000dc8       0x8c CMakeFiles/wifimqtt.dir/embarca.c.obj
                0x10000dc8                process_machine_request
 .text.update_machines_waiting_times
                0x10000e54       0x54 CMakeFiles/wifimqtt.dir/embarca.c.obj
                0x10000e54                update_machines_waiting_times
 .text.format_waiting_time
                0x10000ea8       0x58 CMakeFiles/wifimqtt.dir/embarca.c.obj
                0x10000ea8                format_waiting_time
 .text.startup.main
                0x10000f00       0x5c CMakeFiles/wifimqtt.dir/main.c.obj
                0x10000f00                main
 .text.lwip_timeout_reached
                0x10000f5c        0x8 CMakeFiles/wifimqtt.dir/home/darlison/.pico-sdk/sdk/1.5.1/src/rp2_common/pico_lwip/lwip_nosys.c.obj
 .text.update_next_timeout
                0x10000f64       0x60 CMakeFiles/wifimqtt.dir/home/darlison/.pico-sdk/sdk/1.5.1/src/rp2_common/pico_lwip/lwip_nosys.c.obj
 .text.lwip_nosys_init
                0x10000fc4       0x30 CMakeFiles/wifimqtt.dir/home/darlison/.pico-sdk/sdk/1.5.1/src/rp2_common/pico_lwip/lwip_nosys.c.obj
                0x10000fc4                lwip_nosys_init
 .text.lwip_nosys_deinit
                0x10000ff4       0x20 CMakeFiles/wifimqtt.dir/home/darlison/.pico-sdk/sdk/1.5.1/src/rp2_common/pico_lwip/lwip_nosys.c.obj
                0x10000ff4                lwip_nosys_deinit
 .text.sys_arch_protect
                0x10001014        0x4 CMakeFiles/wifimqtt.dir/home/darlison/.pico-sdk/sdk/1.5.1/src/rp2_common/pico_lwip/lwip_nosys.c.obj
                0x10001014                sys_arch_protect
 .text.sys_arch_unprotect
                0x10001018        0x4 CMakeFiles/wifimqtt.dir/home/darlison/.pico-sdk/sdk/1.5.1/src/rp2_common/pico_lwip/lwip_nosys.c.obj
                0x10001018                sys_arch_unprotect
 .text.sys_now  0x1000101c       0x20 CMakeFiles/wifimqtt.dir/home/darlison/.pico-sdk/sdk/1.5.1/src/rp2_common/pico_lwip/lwip_nosys.c.obj
                0x1000101c                sys_now
 .text.async_context_base_add_at_time_worker
                0x1000103c       0x24 CMakeFiles/wifimqtt.dir/home/darlison/.pico-sdk/sdk/1.5.1/src/rp2_common/pico_async_context/async_context_base.c.obj
                0x1000103c                async_context_base_add_at_time_worker
 .text.async_context_base_remove_at_time_worker
                0x10001060       0x28 CMakeFiles/wifimqtt.dir/home/darlison/.pico-sdk/sdk/1.5.1/src/rp2_common/pico_async_context/async_context_base.c.obj
                0x10001060                async_context_base_remove_at_time_worker
 .text.async_context_base_add_when_pending_worker
                0x10001088       0x24 CMakeFiles/wifimqtt.dir/home/darlison/.pico-sdk/sdk/1.5.1/src/rp2_common/pico_async_context/async_context_base.c.obj
                0x10001088                async_context_base_add_when_pending_worker
 .text.async_context_base_remove_when_pending_worker
                0x100010ac       0x28 CMakeFiles/wifimqtt.dir/home/darlison/.pico-sdk/sdk/1.5.1/src/rp2_common/pico_async_context/async_context_base.c.obj
                0x100010ac                async_context_base_remove_when_pending_worker
 .text.async_context_base_execute_once
                0x100010d4      0x108 CMakeFiles/wifimqtt.dir/home/darlison/.pico-sdk/sdk/1.5.1/src/rp2_common/pico_async_context/async_context_base.c.obj
                0x100010d4                async_context_base_execute_once
 .text.running_on_fpga
                0x100011dc       0x10 CMakeFiles/wifimqtt.dir/home/darlison/.pico-sdk/sdk/1.5.1/src/rp2_common/pico_platform/platform.c.obj
                0x100011dc                running_on_fpga
 .text.splitmix64
                0x100011ec       0x58 CMakeFiles/wifimqtt.dir/home/darlison/.pico-sdk/sdk/1.5.1/src/rp2_common/pico_rand/rand.c.obj
 .text.xoroshiro128ss
                0x10001244       0x90 CMakeFiles/wifimqtt.dir/home/darlison/.pico-sdk/sdk/1.5.1/src/rp2_common/pico_rand/rand.c.obj
 .text.get_rand_64
                0x100012d4      0x4a4 CMakeFiles/wifimqtt.dir/home/darlison/.pico-sdk/sdk/1.5.1/src/rp2_common/pico_rand/rand.c.obj
                0x100012d4                get_rand_64
 .text.get_rand_32
                0x10001778        0x8 CMakeFiles/wifimqtt.dir/home/darlison/.pico-sdk/sdk/1.5.1/src/rp2_common/pico_rand/rand.c.obj
                0x10001778                get_rand_32
 .text.startup._retrieve_unique_id_on_boot
                0x10001780       0x10 CMakeFiles/wifimqtt.dir/home/darlison/.pico-sdk/sdk/1.5.1/src/rp2_common/pico_unique_id/unique_id.c.obj
 .text.pico_get_unique_board_id
                0x10001790       0x10 CMakeFiles/wifimqtt.dir/home/darlison/.pico-sdk/sdk/1.5.1/src/rp2_common/pico_unique_id/unique_id.c.obj
                0x10001790                pico_get_unique_board_id
 .text.pico_get_unique_board_id_string
                0x100017a0      0x1a8 CMakeFiles/wifimqtt.dir/home/darlison/.pico-sdk/sdk/1.5.1/src/rp2_common/pico_unique_id/unique_id.c.obj
                0x100017a0                pico_get_unique_board_id_string
 .text.flash_get_unique_id
                0x10001948       0x3c CMakeFiles/wifimqtt.dir/home/darlison/.pico-sdk/sdk/1.5.1/src/rp2_common/hardware_flash/flash.c.obj
                0x10001948                flash_get_unique_id
 .text.hw_claim_lock
                0x10001984       0x18 CMakeFiles/wifimqtt.dir/home/darlison/.pico-sdk/sdk/1.5.1/src/rp2_common/hardware_claim/claim.c.obj
                0x10001984                hw_claim_lock
 .text.hw_claim_unlock
                0x1000199c       0x14 CMakeFiles/wifimqtt.dir/home/darlison/.pico-sdk/sdk/1.5.1/src/rp2_common/hardware_claim/claim.c.obj
                0x1000199c                hw_claim_unlock
 .text.hw_claim_or_assert
                0x100019b0       0x44 CMakeFiles/wifimqtt.dir/home/darlison/.pico-sdk/sdk/1.5.1/src/rp2_common/hardware_claim/claim.c.obj
                0x100019b0                hw_claim_or_assert
 .text.hw_claim_unused_from_range
                0x100019f4       0x9c CMakeFiles/wifimqtt.dir/home/darlison/.pico-sdk/sdk/1.5.1/src/rp2_common/hardware_claim/claim.c.obj
                0x100019f4                hw_claim_unused_from_range
 .text.hw_claim_clear
                0x10001a90       0x38 CMakeFiles/wifimqtt.dir/home/darlison/.pico-sdk/sdk/1.5.1/src/rp2_common/hardware_claim/claim.c.obj
                0x10001a90                hw_claim_clear
 .text.spin_locks_reset
                0x10001ac8       0x1c CMakeFiles/wifimqtt.dir/home/darlison/.pico-sdk/sdk/1.5.1/src/rp2_common/hardware_sync/sync.c.obj
                0x10001ac8                spin_locks_reset
 .text.next_striped_spin_lock_num
                0x10001ae4       0x18 CMakeFiles/wifimqtt.dir/home/darlison/.pico-sdk/sdk/1.5.1/src/rp2_common/hardware_sync/sync.c.obj
                0x10001ae4                next_striped_spin_lock_num
 .text.spin_lock_claim_unused
                0x10001afc       0x24 CMakeFiles/wifimqtt.dir/home/darlison/.pico-sdk/sdk/1.5.1/src/rp2_common/hardware_sync/sync.c.obj
                0x10001afc                spin_lock_claim_unused
 .text.rom_func_lookup
                0x10001b20       0x10 CMakeFiles/wifimqtt.dir/home/darlison/.pico-sdk/sdk/1.5.1/src/rp2_common/pico_bootrom/bootrom.c.obj
                0x10001b20                rom_func_lookup
 .text.rom_data_lookup
                0x10001b30       0x10 CMakeFiles/wifimqtt.dir/home/darlison/.pico-sdk/sdk/1.5.1/src/rp2_common/pico_bootrom/bootrom.c.obj
                0x10001b30                rom_data_lookup
 .text.rom_funcs_lookup
                0x10001b40       0x44 CMakeFiles/wifimqtt.dir/home/darlison/.pico-sdk/sdk/1.5.1/src/rp2_common/pico_bootrom/bootrom.c.obj
                0x10001b40                rom_funcs_lookup
 .text.clocks_init
                0x10001b84      0x2c8 CMakeFiles/wifimqtt.dir/home/darlison/.pico-sdk/sdk/1.5.1/src/rp2_common/hardware_clocks/clocks.c.obj
                0x10001b84                clocks_init
 .text.clock_get_hz
                0x10001e4c        0xc CMakeFiles/wifimqtt.dir/home/darlison/.pico-sdk/sdk/1.5.1/src/rp2_common/hardware_clocks/clocks.c.obj
                0x10001e4c                clock_get_hz
 .text.gpio_default_irq_handler
                0x10001e58      0x24c CMakeFiles/wifimqtt.dir/home/darlison/.pico-sdk/sdk/1.5.1/src/rp2_common/hardware_gpio/gpio.c.obj
 .text.gpio_set_function
                0x100020a4       0x30 CMakeFiles/wifimqtt.dir/home/darlison/.pico-sdk/sdk/1.5.1/src/rp2_common/hardware_gpio/gpio.c.obj
                0x100020a4                gpio_set_function
 .text.gpio_set_pulls
                0x100020d4       0x24 CMakeFiles/wifimqtt.dir/home/darlison/.pico-sdk/sdk/1.5.1/src/rp2_common/hardware_gpio/gpio.c.obj
                0x100020d4                gpio_set_pulls
 .text.gpio_set_input_hysteresis_enabled
                0x100020f8       0x28 CMakeFiles/wifimqtt.dir/home/darlison/.pico-sdk/sdk/1.5.1/src/rp2_common/hardware_gpio/gpio.c.obj
                0x100020f8                gpio_set_input_hysteresis_enabled
 .text.gpio_set_irq_enabled
                0x10002120       0x54 CMakeFiles/wifimqtt.dir/home/darlison/.pico-sdk/sdk/1.5.1/src/rp2_common/hardware_gpio/gpio.c.obj
                0x10002120                gpio_set_irq_enabled
 .text.gpio_set_irq_enabled_with_callback
                0x10002174       0xc4 CMakeFiles/wifimqtt.dir/home/darlison/.pico-sdk/sdk/1.5.1/src/rp2_common/hardware_gpio/gpio.c.obj
                0x10002174                gpio_set_irq_enabled_with_callback
 .text.gpio_add_raw_irq_handler_with_order_priority_masked
                0x10002238       0x44 CMakeFiles/wifimqtt.dir/home/darlison/.pico-sdk/sdk/1.5.1/src/rp2_common/hardware_gpio/gpio.c.obj
                0x10002238                gpio_add_raw_irq_handler_with_order_priority_masked
 .text.gpio_remove_raw_irq_handler_masked
                0x1000227c       0x20 CMakeFiles/wifimqtt.dir/home/darlison/.pico-sdk/sdk/1.5.1/src/rp2_common/hardware_gpio/gpio.c.obj
                0x1000227c                gpio_remove_raw_irq_handler_masked
 .text.gpio_init
                0x1000229c       0x3c CMakeFiles/wifimqtt.dir/home/darlison/.pico-sdk/sdk/1.5.1/src/rp2_common/hardware_gpio/gpio.c.obj
                0x1000229c                gpio_init
 .text.irq_set_enabled
                0x100022d8       0x24 CMakeFiles/wifimqtt.dir/home/darlison/.pico-sdk/sdk/1.5.1/src/rp2_common/hardware_irq/irq.c.obj
                0x100022d8                irq_set_enabled
 .text.irq_set_pending
                0x100022fc       0x10 CMakeFiles/wifimqtt.dir/home/darlison/.pico-sdk/sdk/1.5.1/src/rp2_common/hardware_irq/irq.c.obj
                0x100022fc                irq_set_pending
 .text.irq_has_shared_handler
                0x1000230c       0x2c CMakeFiles/wifimqtt.dir/home/darlison/.pico-sdk/sdk/1.5.1/src/rp2_common/hardware_irq/irq.c.obj
                0x1000230c                irq_has_shared_handler
 .text.irq_get_vtable_handler
                0x10002338       0x10 CMakeFiles/wifimqtt.dir/home/darlison/.pico-sdk/sdk/1.5.1/src/rp2_common/hardware_irq/irq.c.obj
                0x10002338                irq_get_vtable_handler
 .text.irq_set_exclusive_handler
                0x10002348       0x54 CMakeFiles/wifimqtt.dir/home/darlison/.pico-sdk/sdk/1.5.1/src/rp2_common/hardware_irq/irq.c.obj
                0x10002348                irq_set_exclusive_handler
 .text.irq_add_shared_handler
                0x1000239c      0x1f4 CMakeFiles/wifimqtt.dir/home/darlison/.pico-sdk/sdk/1.5.1/src/rp2_common/hardware_irq/irq.c.obj
                0x1000239c                irq_add_shared_handler
 .text.irq_remove_handler
                0x10002590      0x1c4 CMakeFiles/wifimqtt.dir/home/darlison/.pico-sdk/sdk/1.5.1/src/rp2_common/hardware_irq/irq.c.obj
                0x10002590                irq_remove_handler
 .text.irq_add_tail_to_free_list
                0x10002754       0xb4 CMakeFiles/wifimqtt.dir/home/darlison/.pico-sdk/sdk/1.5.1/src/rp2_common/hardware_irq/irq.c.obj
                0x10002754                irq_add_tail_to_free_list
 .text.irq_init_priorities
                0x10002808       0x24 CMakeFiles/wifimqtt.dir/home/darlison/.pico-sdk/sdk/1.5.1/src/rp2_common/hardware_irq/irq.c.obj
                0x10002808                irq_init_priorities
 .text.user_irq_claim_unused
                0x1000282c       0x2c CMakeFiles/wifimqtt.dir/home/darlison/.pico-sdk/sdk/1.5.1/src/rp2_common/hardware_irq/irq.c.obj
                0x1000282c                user_irq_claim_unused
 .text.sem_init
                0x10002858       0x20 CMakeFiles/wifimqtt.dir/home/darlison/.pico-sdk/sdk/1.5.1/src/common/pico_sync/sem.c.obj
                0x10002858                sem_init
 .text.lock_init
                0x10002878       0x10 CMakeFiles/wifimqtt.dir/home/darlison/.pico-sdk/sdk/1.5.1/src/common/pico_sync/lock_core.c.obj
                0x10002878                lock_init
 .text.mutex_init
                0x10002888       0x1c CMakeFiles/wifimqtt.dir/home/darlison/.pico-sdk/sdk/1.5.1/src/common/pico_sync/mutex.c.obj
                0x10002888                mutex_init
 .text.recursive_mutex_init
                0x100028a4       0x1c CMakeFiles/wifimqtt.dir/home/darlison/.pico-sdk/sdk/1.5.1/src/common/pico_sync/mutex.c.obj
                0x100028a4                recursive_mutex_init
 .text.critical_section_init
                0x100028c0       0x1c CMakeFiles/wifimqtt.dir/home/darlison/.pico-sdk/sdk/1.5.1/src/common/pico_sync/critical_section.c.obj
                0x100028c0                critical_section_init
 .text.critical_section_init_with_lock_num
                0x100028dc       0x14 CMakeFiles/wifimqtt.dir/home/darlison/.pico-sdk/sdk/1.5.1/src/common/pico_sync/critical_section.c.obj
                0x100028dc                critical_section_init_with_lock_num
 .text.timer_pool_entry_comparator
                0x100028f0       0x34 CMakeFiles/wifimqtt.dir/home/darlison/.pico-sdk/sdk/1.5.1/src/common/pico_time/time.c.obj
                0x100028f0                timer_pool_entry_comparator
 .text.sleep_until_callback
                0x10002924       0x30 CMakeFiles/wifimqtt.dir/home/darlison/.pico-sdk/sdk/1.5.1/src/common/pico_time/time.c.obj
 .text.add_alarm_under_lock.isra.0
                0x10002954      0x100 CMakeFiles/wifimqtt.dir/home/darlison/.pico-sdk/sdk/1.5.1/src/common/pico_time/time.c.obj
 .text.alarm_pool_alarm_callback
                0x10002a54      0x1c0 CMakeFiles/wifimqtt.dir/home/darlison/.pico-sdk/sdk/1.5.1/src/common/pico_time/time.c.obj
 .text.alarm_pool_init_default
                0x10002c14       0x6c CMakeFiles/wifimqtt.dir/home/darlison/.pico-sdk/sdk/1.5.1/src/common/pico_time/time.c.obj
                0x10002c14                alarm_pool_init_default
 .text.alarm_pool_get_default
                0x10002c80        0x8 CMakeFiles/wifimqtt.dir/home/darlison/.pico-sdk/sdk/1.5.1/src/common/pico_time/time.c.obj
                0x10002c80                alarm_pool_get_default
 .text.alarm_pool_add_alarm_at
                0x10002c88      0x17c CMakeFiles/wifimqtt.dir/home/darlison/.pico-sdk/sdk/1.5.1/src/common/pico_time/time.c.obj
                0x10002c88                alarm_pool_add_alarm_at
 .text.alarm_pool_core_num
                0x10002e04        0x4 CMakeFiles/wifimqtt.dir/home/darlison/.pico-sdk/sdk/1.5.1/src/common/pico_time/time.c.obj
                0x10002e04                alarm_pool_core_num
 .text.sleep_until
                0x10002e08       0xc4 CMakeFiles/wifimqtt.dir/home/darlison/.pico-sdk/sdk/1.5.1/src/common/pico_time/time.c.obj
                0x10002e08                sleep_until
 .text.sleep_ms
                0x10002ecc       0x38 CMakeFiles/wifimqtt.dir/home/darlison/.pico-sdk/sdk/1.5.1/src/common/pico_time/time.c.obj
                0x10002ecc                sleep_ms
 .text.best_effort_wfe_or_timeout
                0x10002f04       0xcc CMakeFiles/wifimqtt.dir/home/darlison/.pico-sdk/sdk/1.5.1/src/common/pico_time/time.c.obj
                0x10002f04                best_effort_wfe_or_timeout
 .text.hardware_alarm_irq_handler
                0x10002fd0       0xbc CMakeFiles/wifimqtt.dir/home/darlison/.pico-sdk/sdk/1.5.1/src/rp2_common/hardware_timer/timer.c.obj
 .text.hardware_alarm_claim
                0x1000308c       0x18 CMakeFiles/wifimqtt.dir/home/darlison/.pico-sdk/sdk/1.5.1/src/rp2_common/hardware_timer/timer.c.obj
                0x1000308c                hardware_alarm_claim
 .text.time_us_64
                0x100030a4       0x14 CMakeFiles/wifimqtt.dir/home/darlison/.pico-sdk/sdk/1.5.1/src/rp2_common/hardware_timer/timer.c.obj
                0x100030a4                time_us_64
 .text.busy_wait_us
                0x100030b8       0x68 CMakeFiles/wifimqtt.dir/home/darlison/.pico-sdk/sdk/1.5.1/src/rp2_common/hardware_timer/timer.c.obj
                0x100030b8                busy_wait_us
 .text.busy_wait_until
                0x10003120       0x20 CMakeFiles/wifimqtt.dir/home/darlison/.pico-sdk/sdk/1.5.1/src/rp2_common/hardware_timer/timer.c.obj
                0x10003120                busy_wait_until
 .text.hardware_alarm_set_callback
                0x10003140       0x8c CMakeFiles/wifimqtt.dir/home/darlison/.pico-sdk/sdk/1.5.1/src/rp2_common/hardware_timer/timer.c.obj
                0x10003140                hardware_alarm_set_callback
 .text.hardware_alarm_set_target
                0x100031cc       0xd0 CMakeFiles/wifimqtt.dir/home/darlison/.pico-sdk/sdk/1.5.1/src/rp2_common/hardware_timer/timer.c.obj
                0x100031cc                hardware_alarm_set_target
 .text.hardware_alarm_cancel
                0x1000329c       0x3c CMakeFiles/wifimqtt.dir/home/darlison/.pico-sdk/sdk/1.5.1/src/rp2_common/hardware_timer/timer.c.obj
                0x1000329c                hardware_alarm_cancel
 .text.ph_merge_nodes
                0x100032d8       0x58 CMakeFiles/wifimqtt.dir/home/darlison/.pico-sdk/sdk/1.5.1/src/common/pico_util/pheap.c.obj
 .text.ph_post_alloc_init
                0x10003330       0x3c CMakeFiles/wifimqtt.dir/home/darlison/.pico-sdk/sdk/1.5.1/src/common/pico_util/pheap.c.obj
                0x10003330                ph_post_alloc_init
 .text.ph_merge_two_pass
                0x1000336c       0x8c CMakeFiles/wifimqtt.dir/home/darlison/.pico-sdk/sdk/1.5.1/src/common/pico_util/pheap.c.obj
                0x1000336c                ph_merge_two_pass
 .text.ph_remove_any_head
                0x100033f8      0x100 CMakeFiles/wifimqtt.dir/home/darlison/.pico-sdk/sdk/1.5.1/src/common/pico_util/pheap.c.obj
 .text.ph_remove_head
                0x100034f8      0x104 CMakeFiles/wifimqtt.dir/home/darlison/.pico-sdk/sdk/1.5.1/src/common/pico_util/pheap.c.obj
                0x100034f8                ph_remove_head
 .text.ph_remove_and_free_node
                0x100035fc       0x78 CMakeFiles/wifimqtt.dir/home/darlison/.pico-sdk/sdk/1.5.1/src/common/pico_util/pheap.c.obj
                0x100035fc                ph_remove_and_free_node
 .text.pll_init
                0x10003674       0xa4 CMakeFiles/wifimqtt.dir/home/darlison/.pico-sdk/sdk/1.5.1/src/rp2_common/hardware_pll/pll.c.obj
                0x10003674                pll_init
 .text.watchdog_start_tick
                0x10003718       0x10 CMakeFiles/wifimqtt.dir/home/darlison/.pico-sdk/sdk/1.5.1/src/rp2_common/hardware_watchdog/watchdog.c.obj
                0x10003718                watchdog_start_tick
 .text.watchdog_reboot
                0x10003728       0x9c CMakeFiles/wifimqtt.dir/home/darlison/.pico-sdk/sdk/1.5.1/src/rp2_common/hardware_watchdog/watchdog.c.obj
                0x10003728                watchdog_reboot
 .text.xosc_init
                0x100037c4       0x28 CMakeFiles/wifimqtt.dir/home/darlison/.pico-sdk/sdk/1.5.1/src/rp2_common/hardware_xosc/xosc.c.obj
                0x100037c4                xosc_init
 .text.lwip_init
                0x100037ec       0x24 CMakeFiles/wifimqtt.dir/home/darlison/.pico-sdk/sdk/1.5.1/lib/lwip/src/core/init.c.obj
                0x100037ec                lwip_init
 .text.lwip_htons
                0x10003810        0x8 CMakeFiles/wifimqtt.dir/home/darlison/.pico-sdk/sdk/1.5.1/lib/lwip/src/core/def.c.obj
                0x10003810                lwip_htons
 .text.lwip_htonl
                0x10003818        0x4 CMakeFiles/wifimqtt.dir/home/darlison/.pico-sdk/sdk/1.5.1/lib/lwip/src/core/def.c.obj
                0x10003818                lwip_htonl
 .text.lwip_strnicmp
                0x1000381c       0x40 CMakeFiles/wifimqtt.dir/home/darlison/.pico-sdk/sdk/1.5.1/lib/lwip/src/core/def.c.obj
                0x1000381c                lwip_strnicmp
 .text.dns_call_found
                0x1000385c      0x184 CMakeFiles/wifimqtt.dir/home/darlison/.pico-sdk/sdk/1.5.1/lib/lwip/src/core/dns.c.obj
 .text.dns_send.isra.0
                0x100039e0      0x174 CMakeFiles/wifimqtt.dir/home/darlison/.pico-sdk/sdk/1.5.1/lib/lwip/src/core/dns.c.obj
 .text.dns_check_entry
                0x10003b54      0x130 CMakeFiles/wifimqtt.dir/home/darlison/.pico-sdk/sdk/1.5.1/lib/lwip/src/core/dns.c.obj
 .text.dns_recv
                0x10003c84      0x380 CMakeFiles/wifimqtt.dir/home/darlison/.pico-sdk/sdk/1.5.1/lib/lwip/src/core/dns.c.obj
 .text.dns_init
                0x10004004        0x4 CMakeFiles/wifimqtt.dir/home/darlison/.pico-sdk/sdk/1.5.1/lib/lwip/src/core/dns.c.obj
                0x10004004                dns_init
 .text.dns_setserver
                0x10004008       0x24 CMakeFiles/wifimqtt.dir/home/darlison/.pico-sdk/sdk/1.5.1/lib/lwip/src/core/dns.c.obj
                0x10004008                dns_setserver
 .text.dns_tmr  0x1000402c      0x140 CMakeFiles/wifimqtt.dir/home/darlison/.pico-sdk/sdk/1.5.1/lib/lwip/src/core/dns.c.obj
                0x1000402c                dns_tmr
 .text.dns_gethostbyname_addrtype
                0x1000416c      0x5e0 CMakeFiles/wifimqtt.dir/home/darlison/.pico-sdk/sdk/1.5.1/lib/lwip/src/core/dns.c.obj
                0x1000416c                dns_gethostbyname_addrtype
 .text.dns_gethostbyname
                0x1000474c       0x10 CMakeFiles/wifimqtt.dir/home/darlison/.pico-sdk/sdk/1.5.1/lib/lwip/src/core/dns.c.obj
                0x1000474c                dns_gethostbyname
 .text.lwip_standard_chksum
                0x1000475c       0xdc CMakeFiles/wifimqtt.dir/home/darlison/.pico-sdk/sdk/1.5.1/lib/lwip/src/core/inet_chksum.c.obj
                0x1000475c                lwip_standard_chksum
 .text.inet_chksum_pseudo
                0x10004838       0xbc CMakeFiles/wifimqtt.dir/home/darlison/.pico-sdk/sdk/1.5.1/lib/lwip/src/core/inet_chksum.c.obj
                0x10004838                inet_chksum_pseudo
 .text.ip_chksum_pseudo
                0x100048f4       0x10 CMakeFiles/wifimqtt.dir/home/darlison/.pico-sdk/sdk/1.5.1/lib/lwip/src/core/inet_chksum.c.obj
                0x100048f4                ip_chksum_pseudo
 .text.inet_chksum
                0x10004904        0xc CMakeFiles/wifimqtt.dir/home/darlison/.pico-sdk/sdk/1.5.1/lib/lwip/src/core/inet_chksum.c.obj
                0x10004904                inet_chksum
 .text.inet_chksum_pbuf
                0x10004910       0x78 CMakeFiles/wifimqtt.dir/home/darlison/.pico-sdk/sdk/1.5.1/lib/lwip/src/core/inet_chksum.c.obj
                0x10004910                inet_chksum_pbuf
 .text.mem_init
                0x10004988        0x4 CMakeFiles/wifimqtt.dir/home/darlison/.pico-sdk/sdk/1.5.1/lib/lwip/src/core/mem.c.obj
                0x10004988                mem_init
 .text.mem_trim
                0x1000498c        0x4 CMakeFiles/wifimqtt.dir/home/darlison/.pico-sdk/sdk/1.5.1/lib/lwip/src/core/mem.c.obj
                0x1000498c                mem_trim
 .text.mem_malloc
                0x10004990       0x2c CMakeFiles/wifimqtt.dir/home/darlison/.pico-sdk/sdk/1.5.1/lib/lwip/src/core/mem.c.obj
                0x10004990                mem_malloc
 .text.mem_free
                0x100049bc       0x2c CMakeFiles/wifimqtt.dir/home/darlison/.pico-sdk/sdk/1.5.1/lib/lwip/src/core/mem.c.obj
                0x100049bc                mem_free
 .text.mem_calloc
                0x100049e8        0x8 CMakeFiles/wifimqtt.dir/home/darlison/.pico-sdk/sdk/1.5.1/lib/lwip/src/core/mem.c.obj
                0x100049e8                mem_calloc
 .text.memp_init
                0x100049f0       0x6c CMakeFiles/wifimqtt.dir/home/darlison/.pico-sdk/sdk/1.5.1/lib/lwip/src/core/memp.c.obj
                0x100049f0                memp_init
 .text.memp_malloc
                0x10004a5c       0x40 CMakeFiles/wifimqtt.dir/home/darlison/.pico-sdk/sdk/1.5.1/lib/lwip/src/core/memp.c.obj
                0x10004a5c                memp_malloc
 .text.memp_free
                0x10004a9c       0x38 CMakeFiles/wifimqtt.dir/home/darlison/.pico-sdk/sdk/1.5.1/lib/lwip/src/core/memp.c.obj
                0x10004a9c                memp_free
 .text.netif_null_output_ip4
                0x10004ad4        0x8 CMakeFiles/wifimqtt.dir/home/darlison/.pico-sdk/sdk/1.5.1/lib/lwip/src/core/netif.c.obj
 .text.netif_do_set_ipaddr.isra.0
                0x10004adc       0x60 CMakeFiles/wifimqtt.dir/home/darlison/.pico-sdk/sdk/1.5.1/lib/lwip/src/core/netif.c.obj
 .text.netif_init
                0x10004b3c        0x4 CMakeFiles/wifimqtt.dir/home/darlison/.pico-sdk/sdk/1.5.1/lib/lwip/src/core/netif.c.obj
                0x10004b3c                netif_init
 .text.netif_add
                0x10004b40      0x16c CMakeFiles/wifimqtt.dir/home/darlison/.pico-sdk/sdk/1.5.1/lib/lwip/src/core/netif.c.obj
                0x10004b40                netif_add
 .text.netif_set_addr
                0x10004cac       0xb4 CMakeFiles/wifimqtt.dir/home/darlison/.pico-sdk/sdk/1.5.1/lib/lwip/src/core/netif.c.obj
                0x10004cac                netif_set_addr
 .text.netif_remove
                0x10004d60       0x94 CMakeFiles/wifimqtt.dir/home/darlison/.pico-sdk/sdk/1.5.1/lib/lwip/src/core/netif.c.obj
                0x10004d60                netif_remove
 .text.netif_set_default
                0x10004df4        0xc CMakeFiles/wifimqtt.dir/home/darlison/.pico-sdk/sdk/1.5.1/lib/lwip/src/core/netif.c.obj
                0x10004df4                netif_set_default
 .text.netif_set_up
                0x10004e00       0x40 CMakeFiles/wifimqtt.dir/home/darlison/.pico-sdk/sdk/1.5.1/lib/lwip/src/core/netif.c.obj
                0x10004e00                netif_set_up
 .text.netif_set_link_up
                0x10004e40       0x44 CMakeFiles/wifimqtt.dir/home/darlison/.pico-sdk/sdk/1.5.1/lib/lwip/src/core/netif.c.obj
                0x10004e40                netif_set_link_up
 .text.netif_set_link_down
                0x10004e84       0x20 CMakeFiles/wifimqtt.dir/home/darlison/.pico-sdk/sdk/1.5.1/lib/lwip/src/core/netif.c.obj
                0x10004e84                netif_set_link_down
 .text.netif_get_by_index
                0x10004ea4       0x2c CMakeFiles/wifimqtt.dir/home/darlison/.pico-sdk/sdk/1.5.1/lib/lwip/src/core/netif.c.obj
                0x10004ea4                netif_get_by_index
 .text.pbuf_free.part.0
                0x10004ed0       0x7c CMakeFiles/wifimqtt.dir/home/darlison/.pico-sdk/sdk/1.5.1/lib/lwip/src/core/pbuf.c.obj
 .text.pbuf_free_ooseq
                0x10004f4c       0x34 CMakeFiles/wifimqtt.dir/home/darlison/.pico-sdk/sdk/1.5.1/lib/lwip/src/core/pbuf.c.obj
                0x10004f4c                pbuf_free_ooseq
 .text.pbuf_alloc
                0x10004f80      0x12c CMakeFiles/wifimqtt.dir/home/darlison/.pico-sdk/sdk/1.5.1/lib/lwip/src/core/pbuf.c.obj
                0x10004f80                pbuf_alloc
 .text.pbuf_realloc
                0x100050ac       0x84 CMakeFiles/wifimqtt.dir/home/darlison/.pico-sdk/sdk/1.5.1/lib/lwip/src/core/pbuf.c.obj
                0x100050ac                pbuf_realloc
 .text.pbuf_add_header
                0x10005130       0x50 CMakeFiles/wifimqtt.dir/home/darlison/.pico-sdk/sdk/1.5.1/lib/lwip/src/core/pbuf.c.obj
                0x10005130                pbuf_add_header
 .text.pbuf_remove_header
                0x10005180       0x3c CMakeFiles/wifimqtt.dir/home/darlison/.pico-sdk/sdk/1.5.1/lib/lwip/src/core/pbuf.c.obj
                0x10005180                pbuf_remove_header
 .text.pbuf_header_force
                0x100051bc       0x68 CMakeFiles/wifimqtt.dir/home/darlison/.pico-sdk/sdk/1.5.1/lib/lwip/src/core/pbuf.c.obj
                0x100051bc                pbuf_header_force
 .text.pbuf_free
                0x10005224       0x18 CMakeFiles/wifimqtt.dir/home/darlison/.pico-sdk/sdk/1.5.1/lib/lwip/src/core/pbuf.c.obj
                0x10005224                pbuf_free
 .text.pbuf_clen
                0x1000523c       0x14 CMakeFiles/wifimqtt.dir/home/darlison/.pico-sdk/sdk/1.5.1/lib/lwip/src/core/pbuf.c.obj
                0x1000523c                pbuf_clen
 .text.pbuf_ref
                0x10005250       0x28 CMakeFiles/wifimqtt.dir/home/darlison/.pico-sdk/sdk/1.5.1/lib/lwip/src/core/pbuf.c.obj
                0x10005250                pbuf_ref
 .text.pbuf_cat
                0x10005278       0x44 CMakeFiles/wifimqtt.dir/home/darlison/.pico-sdk/sdk/1.5.1/lib/lwip/src/core/pbuf.c.obj
                0x10005278                pbuf_cat
 .text.pbuf_chain
                0x100052bc       0x64 CMakeFiles/wifimqtt.dir/home/darlison/.pico-sdk/sdk/1.5.1/lib/lwip/src/core/pbuf.c.obj
                0x100052bc                pbuf_chain
 .text.pbuf_copy_partial_pbuf
                0x10005320      0x148 CMakeFiles/wifimqtt.dir/home/darlison/.pico-sdk/sdk/1.5.1/lib/lwip/src/core/pbuf.c.obj
                0x10005320                pbuf_copy_partial_pbuf
 .text.pbuf_copy
                0x10005468       0x18 CMakeFiles/wifimqtt.dir/home/darlison/.pico-sdk/sdk/1.5.1/lib/lwip/src/core/pbuf.c.obj
                0x10005468                pbuf_copy
 .text.pbuf_copy_partial
                0x10005480       0x68 CMakeFiles/wifimqtt.dir/home/darlison/.pico-sdk/sdk/1.5.1/lib/lwip/src/core/pbuf.c.obj
                0x10005480                pbuf_copy_partial
 .text.pbuf_get_contiguous
                0x100054e8       0x9c CMakeFiles/wifimqtt.dir/home/darlison/.pico-sdk/sdk/1.5.1/lib/lwip/src/core/pbuf.c.obj
                0x100054e8                pbuf_get_contiguous
 .text.pbuf_take
                0x10005584       0x78 CMakeFiles/wifimqtt.dir/home/darlison/.pico-sdk/sdk/1.5.1/lib/lwip/src/core/pbuf.c.obj
                0x10005584                pbuf_take
 .text.pbuf_take_at
                0x100055fc       0xcc CMakeFiles/wifimqtt.dir/home/darlison/.pico-sdk/sdk/1.5.1/lib/lwip/src/core/pbuf.c.obj
                0x100055fc                pbuf_take_at
 .text.pbuf_clone
                0x100056c8       0x30 CMakeFiles/wifimqtt.dir/home/darlison/.pico-sdk/sdk/1.5.1/lib/lwip/src/core/pbuf.c.obj
                0x100056c8                pbuf_clone
 .text.pbuf_get_at
                0x100056f8       0x20 CMakeFiles/wifimqtt.dir/home/darlison/.pico-sdk/sdk/1.5.1/lib/lwip/src/core/pbuf.c.obj
                0x100056f8                pbuf_get_at
 .text.pbuf_try_get_at
                0x10005718       0x28 CMakeFiles/wifimqtt.dir/home/darlison/.pico-sdk/sdk/1.5.1/lib/lwip/src/core/pbuf.c.obj
                0x10005718                pbuf_try_get_at
 .text.pbuf_put_at
                0x10005740       0x1c CMakeFiles/wifimqtt.dir/home/darlison/.pico-sdk/sdk/1.5.1/lib/lwip/src/core/pbuf.c.obj
                0x10005740                pbuf_put_at
 .text.raw_input
                0x1000575c      0x164 CMakeFiles/wifimqtt.dir/home/darlison/.pico-sdk/sdk/1.5.1/lib/lwip/src/core/raw.c.obj
                0x1000575c                raw_input
 .text.raw_netif_ip_addr_changed
                0x100058c0       0x40 CMakeFiles/wifimqtt.dir/home/darlison/.pico-sdk/sdk/1.5.1/lib/lwip/src/core/raw.c.obj
                0x100058c0                raw_netif_ip_addr_changed
 .text.stats_init
                0x10005900        0x4 CMakeFiles/wifimqtt.dir/home/darlison/.pico-sdk/sdk/1.5.1/lib/lwip/src/core/stats.c.obj
                0x10005900                stats_init
 .text.altcp_alloc
                0x10005904       0x18 CMakeFiles/wifimqtt.dir/home/darlison/.pico-sdk/sdk/1.5.1/lib/lwip/src/core/altcp.c.obj
                0x10005904                altcp_alloc
 .text.altcp_free
                0x1000591c       0x20 CMakeFiles/wifimqtt.dir/home/darlison/.pico-sdk/sdk/1.5.1/lib/lwip/src/core/altcp.c.obj
                0x1000591c                altcp_free
 .text.altcp_arg
                0x1000593c        0x8 CMakeFiles/wifimqtt.dir/home/darlison/.pico-sdk/sdk/1.5.1/lib/lwip/src/core/altcp.c.obj
                0x1000593c                altcp_arg
 .text.altcp_accept
                0x10005944        0x8 CMakeFiles/wifimqtt.dir/home/darlison/.pico-sdk/sdk/1.5.1/lib/lwip/src/core/altcp.c.obj
                0x10005944                altcp_accept
 .text.altcp_recv
                0x1000594c        0x8 CMakeFiles/wifimqtt.dir/home/darlison/.pico-sdk/sdk/1.5.1/lib/lwip/src/core/altcp.c.obj
                0x1000594c                altcp_recv
 .text.altcp_sent
                0x10005954        0x8 CMakeFiles/wifimqtt.dir/home/darlison/.pico-sdk/sdk/1.5.1/lib/lwip/src/core/altcp.c.obj
                0x10005954                altcp_sent
 .text.altcp_poll
                0x1000595c       0x20 CMakeFiles/wifimqtt.dir/home/darlison/.pico-sdk/sdk/1.5.1/lib/lwip/src/core/altcp.c.obj
                0x1000595c                altcp_poll
 .text.altcp_err
                0x1000597c        0x8 CMakeFiles/wifimqtt.dir/home/darlison/.pico-sdk/sdk/1.5.1/lib/lwip/src/core/altcp.c.obj
                0x1000597c                altcp_err
 .text.altcp_recved
                0x10005984       0x18 CMakeFiles/wifimqtt.dir/home/darlison/.pico-sdk/sdk/1.5.1/lib/lwip/src/core/altcp.c.obj
                0x10005984                altcp_recved
 .text.altcp_bind
                0x1000599c       0x1c CMakeFiles/wifimqtt.dir/home/darlison/.pico-sdk/sdk/1.5.1/lib/lwip/src/core/altcp.c.obj
                0x1000599c                altcp_bind
 .text.altcp_connect
                0x100059b8       0x1c CMakeFiles/wifimqtt.dir/home/darlison/.pico-sdk/sdk/1.5.1/lib/lwip/src/core/altcp.c.obj
                0x100059b8                altcp_connect
 .text.altcp_listen_with_backlog_and_err
                0x100059d4       0x20 CMakeFiles/wifimqtt.dir/home/darlison/.pico-sdk/sdk/1.5.1/lib/lwip/src/core/altcp.c.obj
                0x100059d4                altcp_listen_with_backlog_and_err
 .text.altcp_abort
                0x100059f4       0x18 CMakeFiles/wifimqtt.dir/home/darlison/.pico-sdk/sdk/1.5.1/lib/lwip/src/core/altcp.c.obj
                0x100059f4                altcp_abort
 .text.altcp_close
                0x10005a0c       0x1c CMakeFiles/wifimqtt.dir/home/darlison/.pico-sdk/sdk/1.5.1/lib/lwip/src/core/altcp.c.obj
                0x10005a0c                altcp_close
 .text.altcp_write
                0x10005a28       0x1c CMakeFiles/wifimqtt.dir/home/darlison/.pico-sdk/sdk/1.5.1/lib/lwip/src/core/altcp.c.obj
                0x10005a28                altcp_write
 .text.altcp_output
                0x10005a44       0x1c CMakeFiles/wifimqtt.dir/home/darlison/.pico-sdk/sdk/1.5.1/lib/lwip/src/core/altcp.c.obj
                0x10005a44                altcp_output
 .text.altcp_mss
                0x10005a60       0x20 CMakeFiles/wifimqtt.dir/home/darlison/.pico-sdk/sdk/1.5.1/lib/lwip/src/core/altcp.c.obj
                0x10005a60                altcp_mss
 .text.altcp_sndbuf
                0x10005a80       0x20 CMakeFiles/wifimqtt.dir/home/darlison/.pico-sdk/sdk/1.5.1/lib/lwip/src/core/altcp.c.obj
                0x10005a80                altcp_sndbuf
 .text.altcp_default_bind
                0x10005aa0       0x24 CMakeFiles/wifimqtt.dir/home/darlison/.pico-sdk/sdk/1.5.1/lib/lwip/src/core/altcp.c.obj
                0x10005aa0                altcp_default_bind
 .text.altcp_default_shutdown
                0x10005ac4       0x3c CMakeFiles/wifimqtt.dir/home/darlison/.pico-sdk/sdk/1.5.1/lib/lwip/src/core/altcp.c.obj
                0x10005ac4                altcp_default_shutdown
 .text.altcp_default_output
                0x10005b00       0x24 CMakeFiles/wifimqtt.dir/home/darlison/.pico-sdk/sdk/1.5.1/lib/lwip/src/core/altcp.c.obj
                0x10005b00                altcp_default_output
 .text.altcp_default_sndbuf
                0x10005b24       0x24 CMakeFiles/wifimqtt.dir/home/darlison/.pico-sdk/sdk/1.5.1/lib/lwip/src/core/altcp.c.obj
                0x10005b24                altcp_default_sndbuf
 .text.altcp_default_sndqueuelen
                0x10005b48       0x24 CMakeFiles/wifimqtt.dir/home/darlison/.pico-sdk/sdk/1.5.1/lib/lwip/src/core/altcp.c.obj
                0x10005b48                altcp_default_sndqueuelen
 .text.altcp_default_nagle_disable
                0x10005b6c       0x1c CMakeFiles/wifimqtt.dir/home/darlison/.pico-sdk/sdk/1.5.1/lib/lwip/src/core/altcp.c.obj
                0x10005b6c                altcp_default_nagle_disable
 .text.altcp_default_nagle_enable
                0x10005b88       0x1c CMakeFiles/wifimqtt.dir/home/darlison/.pico-sdk/sdk/1.5.1/lib/lwip/src/core/altcp.c.obj
                0x10005b88                altcp_default_nagle_enable
 .text.altcp_default_nagle_disabled
                0x10005ba4       0x24 CMakeFiles/wifimqtt.dir/home/darlison/.pico-sdk/sdk/1.5.1/lib/lwip/src/core/altcp.c.obj
                0x10005ba4                altcp_default_nagle_disabled
 .text.altcp_default_setprio
                0x10005bc8       0x1c CMakeFiles/wifimqtt.dir/home/darlison/.pico-sdk/sdk/1.5.1/lib/lwip/src/core/altcp.c.obj
                0x10005bc8                altcp_default_setprio
 .text.altcp_default_get_tcp_addrinfo
                0x10005be4       0x24 CMakeFiles/wifimqtt.dir/home/darlison/.pico-sdk/sdk/1.5.1/lib/lwip/src/core/altcp.c.obj
                0x10005be4                altcp_default_get_tcp_addrinfo
 .text.altcp_default_get_ip
                0x10005c08       0x20 CMakeFiles/wifimqtt.dir/home/darlison/.pico-sdk/sdk/1.5.1/lib/lwip/src/core/altcp.c.obj
                0x10005c08                altcp_default_get_ip
 .text.altcp_default_get_port
                0x10005c28       0x24 CMakeFiles/wifimqtt.dir/home/darlison/.pico-sdk/sdk/1.5.1/lib/lwip/src/core/altcp.c.obj
                0x10005c28                altcp_default_get_port
 .text.altcp_default_keepalive_disable
                0x10005c4c       0x1c CMakeFiles/wifimqtt.dir/home/darlison/.pico-sdk/sdk/1.5.1/lib/lwip/src/core/altcp.c.obj
                0x10005c4c                altcp_default_keepalive_disable
 .text.altcp_default_keepalive_enable
                0x10005c68       0x1c CMakeFiles/wifimqtt.dir/home/darlison/.pico-sdk/sdk/1.5.1/lib/lwip/src/core/altcp.c.obj
                0x10005c68                altcp_default_keepalive_enable
 .text.altcp_tls_new
                0x10005c84       0x2c CMakeFiles/wifimqtt.dir/home/darlison/.pico-sdk/sdk/1.5.1/lib/lwip/src/core/altcp_alloc.c.obj
                0x10005c84                altcp_tls_new
 .text.altcp_tcp_err
                0x10005cb0       0x1c CMakeFiles/wifimqtt.dir/home/darlison/.pico-sdk/sdk/1.5.1/lib/lwip/src/core/altcp_tcp.c.obj
 .text.altcp_tcp_get_port
                0x10005ccc       0x2c CMakeFiles/wifimqtt.dir/home/darlison/.pico-sdk/sdk/1.5.1/lib/lwip/src/core/altcp_tcp.c.obj
 .text.altcp_tcp_get_ip
                0x10005cf8       0x2c CMakeFiles/wifimqtt.dir/home/darlison/.pico-sdk/sdk/1.5.1/lib/lwip/src/core/altcp_tcp.c.obj
 .text.altcp_tcp_nagle_disabled
                0x10005d24       0x28 CMakeFiles/wifimqtt.dir/home/darlison/.pico-sdk/sdk/1.5.1/lib/lwip/src/core/altcp_tcp.c.obj
 .text.altcp_tcp_sndqueuelen
                0x10005d4c       0x24 CMakeFiles/wifimqtt.dir/home/darlison/.pico-sdk/sdk/1.5.1/lib/lwip/src/core/altcp_tcp.c.obj
 .text.altcp_tcp_sndbuf
                0x10005d70       0x24 CMakeFiles/wifimqtt.dir/home/darlison/.pico-sdk/sdk/1.5.1/lib/lwip/src/core/altcp_tcp.c.obj
 .text.altcp_tcp_mss
                0x10005d94       0x20 CMakeFiles/wifimqtt.dir/home/darlison/.pico-sdk/sdk/1.5.1/lib/lwip/src/core/altcp_tcp.c.obj
 .text.altcp_tcp_get_tcp_addrinfo
                0x10005db4       0x24 CMakeFiles/wifimqtt.dir/home/darlison/.pico-sdk/sdk/1.5.1/lib/lwip/src/core/altcp_tcp.c.obj
 .text.altcp_tcp_output
                0x10005dd8       0x24 CMakeFiles/wifimqtt.dir/home/darlison/.pico-sdk/sdk/1.5.1/lib/lwip/src/core/altcp_tcp.c.obj
 .text.altcp_tcp_write
                0x10005dfc       0x24 CMakeFiles/wifimqtt.dir/home/darlison/.pico-sdk/sdk/1.5.1/lib/lwip/src/core/altcp_tcp.c.obj
 .text.altcp_tcp_shutdown
                0x10005e20       0x24 CMakeFiles/wifimqtt.dir/home/darlison/.pico-sdk/sdk/1.5.1/lib/lwip/src/core/altcp_tcp.c.obj
 .text.altcp_tcp_listen
                0x10005e44       0x34 CMakeFiles/wifimqtt.dir/home/darlison/.pico-sdk/sdk/1.5.1/lib/lwip/src/core/altcp_tcp.c.obj
 .text.altcp_tcp_connect
                0x10005e78       0x2c CMakeFiles/wifimqtt.dir/home/darlison/.pico-sdk/sdk/1.5.1/lib/lwip/src/core/altcp_tcp.c.obj
 .text.altcp_tcp_bind
                0x10005ea4       0x24 CMakeFiles/wifimqtt.dir/home/darlison/.pico-sdk/sdk/1.5.1/lib/lwip/src/core/altcp_tcp.c.obj
 .text.altcp_tcp_close
                0x10005ec8       0xb8 CMakeFiles/wifimqtt.dir/home/darlison/.pico-sdk/sdk/1.5.1/lib/lwip/src/core/altcp_tcp.c.obj
 .text.altcp_tcp_sent
                0x10005f80       0x3c CMakeFiles/wifimqtt.dir/home/darlison/.pico-sdk/sdk/1.5.1/lib/lwip/src/core/altcp_tcp.c.obj
 .text.altcp_tcp_keepalive_enable.part.0
                0x10005fbc        0xc CMakeFiles/wifimqtt.dir/home/darlison/.pico-sdk/sdk/1.5.1/lib/lwip/src/core/altcp_tcp.c.obj
 .text.altcp_tcp_keepalive_enable
                0x10005fc8       0x48 CMakeFiles/wifimqtt.dir/home/darlison/.pico-sdk/sdk/1.5.1/lib/lwip/src/core/altcp_tcp.c.obj
 .text.altcp_tcp_keepalive_disable
                0x10006010       0x20 CMakeFiles/wifimqtt.dir/home/darlison/.pico-sdk/sdk/1.5.1/lib/lwip/src/core/altcp_tcp.c.obj
 .text.altcp_tcp_dealloc
                0x10006030       0x14 CMakeFiles/wifimqtt.dir/home/darlison/.pico-sdk/sdk/1.5.1/lib/lwip/src/core/altcp_tcp.c.obj
 .text.altcp_tcp_nagle_enable
                0x10006044       0x20 CMakeFiles/wifimqtt.dir/home/darlison/.pico-sdk/sdk/1.5.1/lib/lwip/src/core/altcp_tcp.c.obj
 .text.altcp_tcp_nagle_disable
                0x10006064       0x20 CMakeFiles/wifimqtt.dir/home/darlison/.pico-sdk/sdk/1.5.1/lib/lwip/src/core/altcp_tcp.c.obj
 .text.altcp_tcp_connected
                0x10006084       0x3c CMakeFiles/wifimqtt.dir/home/darlison/.pico-sdk/sdk/1.5.1/lib/lwip/src/core/altcp_tcp.c.obj
 .text.altcp_tcp_poll
                0x100060c0       0x3c CMakeFiles/wifimqtt.dir/home/darlison/.pico-sdk/sdk/1.5.1/lib/lwip/src/core/altcp_tcp.c.obj
 .text.altcp_tcp_recv
                0x100060fc       0x44 CMakeFiles/wifimqtt.dir/home/darlison/.pico-sdk/sdk/1.5.1/lib/lwip/src/core/altcp_tcp.c.obj
 .text.altcp_tcp_setprio
                0x10006140       0x1c CMakeFiles/wifimqtt.dir/home/darlison/.pico-sdk/sdk/1.5.1/lib/lwip/src/core/altcp_tcp.c.obj
 .text.altcp_tcp_set_poll
                0x1000615c       0x24 CMakeFiles/wifimqtt.dir/home/darlison/.pico-sdk/sdk/1.5.1/lib/lwip/src/core/altcp_tcp.c.obj
 .text.altcp_tcp_abort
                0x10006180       0x20 CMakeFiles/wifimqtt.dir/home/darlison/.pico-sdk/sdk/1.5.1/lib/lwip/src/core/altcp_tcp.c.obj
 .text.altcp_tcp_recved
                0x100061a0       0x1c CMakeFiles/wifimqtt.dir/home/darlison/.pico-sdk/sdk/1.5.1/lib/lwip/src/core/altcp_tcp.c.obj
 .text.altcp_tcp_accept
                0x100061bc       0x70 CMakeFiles/wifimqtt.dir/home/darlison/.pico-sdk/sdk/1.5.1/lib/lwip/src/core/altcp_tcp.c.obj
 .text.altcp_tcp_new_ip_type
                0x1000622c       0x60 CMakeFiles/wifimqtt.dir/home/darlison/.pico-sdk/sdk/1.5.1/lib/lwip/src/core/altcp_tcp.c.obj
                0x1000622c                altcp_tcp_new_ip_type
 .text.tcp_close_shutdown_fin
                0x1000628c       0x54 CMakeFiles/wifimqtt.dir/home/darlison/.pico-sdk/sdk/1.5.1/lib/lwip/src/core/tcp.c.obj
 .text.tcp_pcb_purge.part.0
                0x100062e0       0xc4 CMakeFiles/wifimqtt.dir/home/darlison/.pico-sdk/sdk/1.5.1/lib/lwip/src/core/tcp.c.obj
 .text.tcp_init
                0x100063a4       0x20 CMakeFiles/wifimqtt.dir/home/darlison/.pico-sdk/sdk/1.5.1/lib/lwip/src/core/tcp.c.obj
                0x100063a4                tcp_init
 .text.tcp_free
                0x100063c4       0x1c CMakeFiles/wifimqtt.dir/home/darlison/.pico-sdk/sdk/1.5.1/lib/lwip/src/core/tcp.c.obj
                0x100063c4                tcp_free
 .text.tcp_bind
                0x100063e0       0xf4 CMakeFiles/wifimqtt.dir/home/darlison/.pico-sdk/sdk/1.5.1/lib/lwip/src/core/tcp.c.obj
                0x100063e0                tcp_bind
 .text.tcp_listen_with_backlog_and_err
                0x100064d4       0xb8 CMakeFiles/wifimqtt.dir/home/darlison/.pico-sdk/sdk/1.5.1/lib/lwip/src/core/tcp.c.obj
                0x100064d4                tcp_listen_with_backlog_and_err
 .text.tcp_update_rcv_ann_wnd
                0x1000658c       0x54 CMakeFiles/wifimqtt.dir/home/darlison/.pico-sdk/sdk/1.5.1/lib/lwip/src/core/tcp.c.obj
                0x1000658c                tcp_update_rcv_ann_wnd
 .text.tcp_recved
                0x100065e0       0x90 CMakeFiles/wifimqtt.dir/home/darlison/.pico-sdk/sdk/1.5.1/lib/lwip/src/core/tcp.c.obj
                0x100065e0                tcp_recved
 .text.tcp_connect
                0x10006670      0x1b8 CMakeFiles/wifimqtt.dir/home/darlison/.pico-sdk/sdk/1.5.1/lib/lwip/src/core/tcp.c.obj
                0x10006670                tcp_connect
 .text.tcp_slowtmr
                0x10006828      0x524 CMakeFiles/wifimqtt.dir/home/darlison/.pico-sdk/sdk/1.5.1/lib/lwip/src/core/tcp.c.obj
                0x10006828                tcp_slowtmr
 .text.tcp_segs_free
                0x10006d4c       0x38 CMakeFiles/wifimqtt.dir/home/darlison/.pico-sdk/sdk/1.5.1/lib/lwip/src/core/tcp.c.obj
                0x10006d4c                tcp_segs_free
 .text.tcp_seg_free
                0x10006d84       0x1c CMakeFiles/wifimqtt.dir/home/darlison/.pico-sdk/sdk/1.5.1/lib/lwip/src/core/tcp.c.obj
                0x10006d84                tcp_seg_free
 .text.tcp_setprio
                0x10006da0        0x8 CMakeFiles/wifimqtt.dir/home/darlison/.pico-sdk/sdk/1.5.1/lib/lwip/src/core/tcp.c.obj
                0x10006da0                tcp_setprio
 .text.tcp_seg_copy
                0x10006da8       0x2c CMakeFiles/wifimqtt.dir/home/darlison/.pico-sdk/sdk/1.5.1/lib/lwip/src/core/tcp.c.obj
                0x10006da8                tcp_seg_copy
 .text.tcp_arg  0x10006dd4        0x8 CMakeFiles/wifimqtt.dir/home/darlison/.pico-sdk/sdk/1.5.1/lib/lwip/src/core/tcp.c.obj
                0x10006dd4                tcp_arg
 .text.tcp_recv
                0x10006ddc       0x1c CMakeFiles/wifimqtt.dir/home/darlison/.pico-sdk/sdk/1.5.1/lib/lwip/src/core/tcp.c.obj
                0x10006ddc                tcp_recv
 .text.tcp_sent
                0x10006df8       0x1c CMakeFiles/wifimqtt.dir/home/darlison/.pico-sdk/sdk/1.5.1/lib/lwip/src/core/tcp.c.obj
                0x10006df8                tcp_sent
 .text.tcp_err  0x10006e14       0x1c CMakeFiles/wifimqtt.dir/home/darlison/.pico-sdk/sdk/1.5.1/lib/lwip/src/core/tcp.c.obj
                0x10006e14                tcp_err
 .text.tcp_accept
                0x10006e30       0x10 CMakeFiles/wifimqtt.dir/home/darlison/.pico-sdk/sdk/1.5.1/lib/lwip/src/core/tcp.c.obj
                0x10006e30                tcp_accept
 .text.tcp_poll
                0x10006e40       0x20 CMakeFiles/wifimqtt.dir/home/darlison/.pico-sdk/sdk/1.5.1/lib/lwip/src/core/tcp.c.obj
                0x10006e40                tcp_poll
 .text.tcp_pcb_purge
                0x10006e60       0x18 CMakeFiles/wifimqtt.dir/home/darlison/.pico-sdk/sdk/1.5.1/lib/lwip/src/core/tcp.c.obj
                0x10006e60                tcp_pcb_purge
 .text.tcp_pcb_remove
                0x10006e78       0xc8 CMakeFiles/wifimqtt.dir/home/darlison/.pico-sdk/sdk/1.5.1/lib/lwip/src/core/tcp.c.obj
                0x10006e78                tcp_pcb_remove
 .text.tcp_abandon
                0x10006f40      0x1a0 CMakeFiles/wifimqtt.dir/home/darlison/.pico-sdk/sdk/1.5.1/lib/lwip/src/core/tcp.c.obj
                0x10006f40                tcp_abandon
 .text.tcp_abort
                0x100070e0        0xc CMakeFiles/wifimqtt.dir/home/darlison/.pico-sdk/sdk/1.5.1/lib/lwip/src/core/tcp.c.obj
                0x100070e0                tcp_abort
 .text.tcp_accept_null
                0x100070ec       0x20 CMakeFiles/wifimqtt.dir/home/darlison/.pico-sdk/sdk/1.5.1/lib/lwip/src/core/tcp.c.obj
 .text.tcp_alloc
                0x1000710c      0x1d4 CMakeFiles/wifimqtt.dir/home/darlison/.pico-sdk/sdk/1.5.1/lib/lwip/src/core/tcp.c.obj
                0x1000710c                tcp_alloc
 .text.tcp_new_ip_type
                0x100072e0        0xc CMakeFiles/wifimqtt.dir/home/darlison/.pico-sdk/sdk/1.5.1/lib/lwip/src/core/tcp.c.obj
                0x100072e0                tcp_new_ip_type
 .text.tcp_close_shutdown
                0x100072ec      0x184 CMakeFiles/wifimqtt.dir/home/darlison/.pico-sdk/sdk/1.5.1/lib/lwip/src/core/tcp.c.obj
 .text.tcp_shutdown
                0x10007470       0x60 CMakeFiles/wifimqtt.dir/home/darlison/.pico-sdk/sdk/1.5.1/lib/lwip/src/core/tcp.c.obj
                0x10007470                tcp_shutdown
 .text.tcp_recv_null
                0x100074d0       0xc4 CMakeFiles/wifimqtt.dir/home/darlison/.pico-sdk/sdk/1.5.1/lib/lwip/src/core/tcp.c.obj
                0x100074d0                tcp_recv_null
 .text.tcp_process_refused_data
                0x10007594       0x74 CMakeFiles/wifimqtt.dir/home/darlison/.pico-sdk/sdk/1.5.1/lib/lwip/src/core/tcp.c.obj
                0x10007594                tcp_process_refused_data
 .text.tcp_fasttmr
                0x10007608       0x98 CMakeFiles/wifimqtt.dir/home/darlison/.pico-sdk/sdk/1.5.1/lib/lwip/src/core/tcp.c.obj
                0x10007608                tcp_fasttmr
 .text.tcp_tmr  0x100076a0       0x20 CMakeFiles/wifimqtt.dir/home/darlison/.pico-sdk/sdk/1.5.1/lib/lwip/src/core/tcp.c.obj
                0x100076a0                tcp_tmr
 .text.tcp_close
                0x100076c0      0x16c CMakeFiles/wifimqtt.dir/home/darlison/.pico-sdk/sdk/1.5.1/lib/lwip/src/core/tcp.c.obj
                0x100076c0                tcp_close
 .text.tcp_next_iss
                0x1000782c       0x28 CMakeFiles/wifimqtt.dir/home/darlison/.pico-sdk/sdk/1.5.1/lib/lwip/src/core/tcp.c.obj
                0x1000782c                tcp_next_iss
 .text.tcp_eff_send_mss_netif
                0x10007854       0x34 CMakeFiles/wifimqtt.dir/home/darlison/.pico-sdk/sdk/1.5.1/lib/lwip/src/core/tcp.c.obj
                0x10007854                tcp_eff_send_mss_netif
 .text.tcp_netif_ip_addr_changed
                0x10007888       0x94 CMakeFiles/wifimqtt.dir/home/darlison/.pico-sdk/sdk/1.5.1/lib/lwip/src/core/tcp.c.obj
                0x10007888                tcp_netif_ip_addr_changed
 .text.tcp_tcp_get_tcp_addrinfo
                0x1000791c       0x34 CMakeFiles/wifimqtt.dir/home/darlison/.pico-sdk/sdk/1.5.1/lib/lwip/src/core/tcp.c.obj
                0x1000791c                tcp_tcp_get_tcp_addrinfo
 .text.tcp_free_ooseq
                0x10007950       0x40 CMakeFiles/wifimqtt.dir/home/darlison/.pico-sdk/sdk/1.5.1/lib/lwip/src/core/tcp.c.obj
                0x10007950                tcp_free_ooseq
 .text.tcp_parseopt
                0x10007990      0x1bc CMakeFiles/wifimqtt.dir/home/darlison/.pico-sdk/sdk/1.5.1/lib/lwip/src/core/tcp_in.c.obj
 .text.tcp_oos_insert_segment
                0x10007b4c       0xdc CMakeFiles/wifimqtt.dir/home/darlison/.pico-sdk/sdk/1.5.1/lib/lwip/src/core/tcp_in.c.obj
 .text.tcp_free_acked_segments.isra.0
                0x10007c28       0xdc CMakeFiles/wifimqtt.dir/home/darlison/.pico-sdk/sdk/1.5.1/lib/lwip/src/core/tcp_in.c.obj
 .text.tcp_receive
                0x10007d04      0xa00 CMakeFiles/wifimqtt.dir/home/darlison/.pico-sdk/sdk/1.5.1/lib/lwip/src/core/tcp_in.c.obj
 .text.tcp_input
                0x10008704      0xe50 CMakeFiles/wifimqtt.dir/home/darlison/.pico-sdk/sdk/1.5.1/lib/lwip/src/core/tcp_in.c.obj
                0x10008704                tcp_input
 .text.tcp_trigger_input_pcb_close
                0x10009554       0x10 CMakeFiles/wifimqtt.dir/home/darlison/.pico-sdk/sdk/1.5.1/lib/lwip/src/core/tcp_in.c.obj
                0x10009554                tcp_trigger_input_pcb_close
 .text.tcp_create_segment
                0x10009564       0xf8 CMakeFiles/wifimqtt.dir/home/darlison/.pico-sdk/sdk/1.5.1/lib/lwip/src/core/tcp_out.c.obj
 .text.tcp_output_control_segment
                0x1000965c       0xc0 CMakeFiles/wifimqtt.dir/home/darlison/.pico-sdk/sdk/1.5.1/lib/lwip/src/core/tcp_out.c.obj
 .text.tcp_output_alloc_header.constprop.0
                0x1000971c       0xc8 CMakeFiles/wifimqtt.dir/home/darlison/.pico-sdk/sdk/1.5.1/lib/lwip/src/core/tcp_out.c.obj
 .text.tcp_write
                0x100097e4      0x468 CMakeFiles/wifimqtt.dir/home/darlison/.pico-sdk/sdk/1.5.1/lib/lwip/src/core/tcp_out.c.obj
                0x100097e4                tcp_write
 .text.tcp_split_unsent_seg
                0x10009c4c      0x1b4 CMakeFiles/wifimqtt.dir/home/darlison/.pico-sdk/sdk/1.5.1/lib/lwip/src/core/tcp_out.c.obj
                0x10009c4c                tcp_split_unsent_seg
 .text.tcp_send_fin
                0x10009e00      0x118 CMakeFiles/wifimqtt.dir/home/darlison/.pico-sdk/sdk/1.5.1/lib/lwip/src/core/tcp_out.c.obj
                0x10009e00                tcp_send_fin
 .text.tcp_enqueue_flags
                0x10009f18      0x108 CMakeFiles/wifimqtt.dir/home/darlison/.pico-sdk/sdk/1.5.1/lib/lwip/src/core/tcp_out.c.obj
                0x10009f18                tcp_enqueue_flags
 .text.tcp_rexmit_rto_prepare
                0x1000a020       0x9c CMakeFiles/wifimqtt.dir/home/darlison/.pico-sdk/sdk/1.5.1/lib/lwip/src/core/tcp_out.c.obj
                0x1000a020                tcp_rexmit_rto_prepare
 .text.tcp_rexmit
                0x1000a0bc       0x9c CMakeFiles/wifimqtt.dir/home/darlison/.pico-sdk/sdk/1.5.1/lib/lwip/src/core/tcp_out.c.obj
                0x1000a0bc                tcp_rexmit
 .text.tcp_rexmit_fast
                0x1000a158       0x64 CMakeFiles/wifimqtt.dir/home/darlison/.pico-sdk/sdk/1.5.1/lib/lwip/src/core/tcp_out.c.obj
                0x1000a158                tcp_rexmit_fast
 .text.tcp_rst  0x1000a1bc       0xe4 CMakeFiles/wifimqtt.dir/home/darlison/.pico-sdk/sdk/1.5.1/lib/lwip/src/core/tcp_out.c.obj
                0x1000a1bc                tcp_rst
 .text.tcp_rst_netif
                0x1000a2a0      0x12c CMakeFiles/wifimqtt.dir/home/darlison/.pico-sdk/sdk/1.5.1/lib/lwip/src/core/tcp_out.c.obj
                0x1000a2a0                tcp_rst_netif
 .text.tcp_send_empty_ack
                0x1000a3cc       0x4c CMakeFiles/wifimqtt.dir/home/darlison/.pico-sdk/sdk/1.5.1/lib/lwip/src/core/tcp_out.c.obj
                0x1000a3cc                tcp_send_empty_ack
 .text.tcp_output
                0x1000a418      0x454 CMakeFiles/wifimqtt.dir/home/darlison/.pico-sdk/sdk/1.5.1/lib/lwip/src/core/tcp_out.c.obj
                0x1000a418                tcp_output
 .text.tcp_rexmit_rto_commit
                0x1000a86c       0x24 CMakeFiles/wifimqtt.dir/home/darlison/.pico-sdk/sdk/1.5.1/lib/lwip/src/core/tcp_out.c.obj
                0x1000a86c                tcp_rexmit_rto_commit
 .text.tcp_rexmit_rto
                0x1000a890       0xa4 CMakeFiles/wifimqtt.dir/home/darlison/.pico-sdk/sdk/1.5.1/lib/lwip/src/core/tcp_out.c.obj
                0x1000a890                tcp_rexmit_rto
 .text.tcp_keepalive
                0x1000a934       0xdc CMakeFiles/wifimqtt.dir/home/darlison/.pico-sdk/sdk/1.5.1/lib/lwip/src/core/tcp_out.c.obj
                0x1000a934                tcp_keepalive
 .text.tcp_zero_window_probe
                0x1000aa10      0x110 CMakeFiles/wifimqtt.dir/home/darlison/.pico-sdk/sdk/1.5.1/lib/lwip/src/core/tcp_out.c.obj
                0x1000aa10                tcp_zero_window_probe
 .text.tcpip_tcp_timer
                0x1000ab20       0x78 CMakeFiles/wifimqtt.dir/home/darlison/.pico-sdk/sdk/1.5.1/lib/lwip/src/core/timeouts.c.obj
 .text.lwip_cyclic_timer
                0x1000ab98       0x98 CMakeFiles/wifimqtt.dir/home/darlison/.pico-sdk/sdk/1.5.1/lib/lwip/src/core/timeouts.c.obj
 .text.tcp_timer_needed
                0x1000ac30       0x7c CMakeFiles/wifimqtt.dir/home/darlison/.pico-sdk/sdk/1.5.1/lib/lwip/src/core/timeouts.c.obj
                0x1000ac30                tcp_timer_needed
 .text.sys_timeouts_init
                0x1000acac       0x8c CMakeFiles/wifimqtt.dir/home/darlison/.pico-sdk/sdk/1.5.1/lib/lwip/src/core/timeouts.c.obj
                0x1000acac                sys_timeouts_init
 .text.sys_timeout
                0x1000ad38       0x60 CMakeFiles/wifimqtt.dir/home/darlison/.pico-sdk/sdk/1.5.1/lib/lwip/src/core/timeouts.c.obj
                0x1000ad38                sys_timeout
 .text.sys_untimeout
                0x1000ad98       0x40 CMakeFiles/wifimqtt.dir/home/darlison/.pico-sdk/sdk/1.5.1/lib/lwip/src/core/timeouts.c.obj
                0x1000ad98                sys_untimeout
 .text.sys_check_timeouts
                0x1000add8       0x68 CMakeFiles/wifimqtt.dir/home/darlison/.pico-sdk/sdk/1.5.1/lib/lwip/src/core/timeouts.c.obj
                0x1000add8                sys_check_timeouts
 .text.sys_timeouts_sleeptime
                0x1000ae40       0x28 CMakeFiles/wifimqtt.dir/home/darlison/.pico-sdk/sdk/1.5.1/lib/lwip/src/core/timeouts.c.obj
                0x1000ae40                sys_timeouts_sleeptime
 .text.udp_init
                0x1000ae68       0x20 CMakeFiles/wifimqtt.dir/home/darlison/.pico-sdk/sdk/1.5.1/lib/lwip/src/core/udp.c.obj
                0x1000ae68                udp_init
 .text.udp_input
                0x1000ae88      0x320 CMakeFiles/wifimqtt.dir/home/darlison/.pico-sdk/sdk/1.5.1/lib/lwip/src/core/udp.c.obj
                0x1000ae88                udp_input
 .text.udp_bind
                0x1000b1a8      0x118 CMakeFiles/wifimqtt.dir/home/darlison/.pico-sdk/sdk/1.5.1/lib/lwip/src/core/udp.c.obj
                0x1000b1a8                udp_bind
 .text.udp_sendto_if_src
                0x1000b2c0      0x130 CMakeFiles/wifimqtt.dir/home/darlison/.pico-sdk/sdk/1.5.1/lib/lwip/src/core/udp.c.obj
                0x1000b2c0                udp_sendto_if_src
 .text.udp_sendto_if
                0x1000b3f0       0x48 CMakeFiles/wifimqtt.dir/home/darlison/.pico-sdk/sdk/1.5.1/lib/lwip/src/core/udp.c.obj
                0x1000b3f0                udp_sendto_if
 .text.udp_sendto
                0x1000b438       0x78 CMakeFiles/wifimqtt.dir/home/darlison/.pico-sdk/sdk/1.5.1/lib/lwip/src/core/udp.c.obj
                0x1000b438                udp_sendto
 .text.udp_connect
                0x1000b4b0       0x60 CMakeFiles/wifimqtt.dir/home/darlison/.pico-sdk/sdk/1.5.1/lib/lwip/src/core/udp.c.obj
                0x1000b4b0                udp_connect
 .text.udp_recv
                0x1000b510        0xc CMakeFiles/wifimqtt.dir/home/darlison/.pico-sdk/sdk/1.5.1/lib/lwip/src/core/udp.c.obj
                0x1000b510                udp_recv
 .text.udp_remove
                0x1000b51c       0x3c CMakeFiles/wifimqtt.dir/home/darlison/.pico-sdk/sdk/1.5.1/lib/lwip/src/core/udp.c.obj
                0x1000b51c                udp_remove
 .text.udp_new  0x1000b558       0x1c CMakeFiles/wifimqtt.dir/home/darlison/.pico-sdk/sdk/1.5.1/lib/lwip/src/core/udp.c.obj
                0x1000b558                udp_new
 .text.udp_new_ip_type
                0x1000b574       0x1c CMakeFiles/wifimqtt.dir/home/darlison/.pico-sdk/sdk/1.5.1/lib/lwip/src/core/udp.c.obj
                0x1000b574                udp_new_ip_type
 .text.udp_netif_ip_addr_changed
                0x1000b590       0x40 CMakeFiles/wifimqtt.dir/home/darlison/.pico-sdk/sdk/1.5.1/lib/lwip/src/core/udp.c.obj
                0x1000b590                udp_netif_ip_addr_changed
 .text.dhcp_create_msg
                0x1000b5d0      0x164 CMakeFiles/wifimqtt.dir/home/darlison/.pico-sdk/sdk/1.5.1/lib/lwip/src/core/ipv4/dhcp.c.obj
 .text.dhcp_inc_pcb_refcount
                0x1000b734       0x6c CMakeFiles/wifimqtt.dir/home/darlison/.pico-sdk/sdk/1.5.1/lib/lwip/src/core/ipv4/dhcp.c.obj
 .text.dhcp_bind
                0x1000b7a0      0x154 CMakeFiles/wifimqtt.dir/home/darlison/.pico-sdk/sdk/1.5.1/lib/lwip/src/core/ipv4/dhcp.c.obj
 .text.dhcp_option_hostname.isra.0
                0x1000b8f4       0x84 CMakeFiles/wifimqtt.dir/home/darlison/.pico-sdk/sdk/1.5.1/lib/lwip/src/core/ipv4/dhcp.c.obj
 .text.dhcp_handle_ack.isra.0
                0x1000b978       0xcc CMakeFiles/wifimqtt.dir/home/darlison/.pico-sdk/sdk/1.5.1/lib/lwip/src/core/ipv4/dhcp.c.obj
 .text.dhcp_reboot.isra.0
                0x1000ba44      0x178 CMakeFiles/wifimqtt.dir/home/darlison/.pico-sdk/sdk/1.5.1/lib/lwip/src/core/ipv4/dhcp.c.obj
 .text.dhcp_discover
                0x1000bbbc      0x140 CMakeFiles/wifimqtt.dir/home/darlison/.pico-sdk/sdk/1.5.1/lib/lwip/src/core/ipv4/dhcp.c.obj
 .text.dhcp_select.isra.0
                0x1000bcfc      0x1e0 CMakeFiles/wifimqtt.dir/home/darlison/.pico-sdk/sdk/1.5.1/lib/lwip/src/core/ipv4/dhcp.c.obj
 .text.dhcp_recv
                0x1000bedc      0x47c CMakeFiles/wifimqtt.dir/home/darlison/.pico-sdk/sdk/1.5.1/lib/lwip/src/core/ipv4/dhcp.c.obj
 .text.dhcp_set_struct
                0x1000c358       0x44 CMakeFiles/wifimqtt.dir/home/darlison/.pico-sdk/sdk/1.5.1/lib/lwip/src/core/ipv4/dhcp.c.obj
                0x1000c358                dhcp_set_struct
 .text.dhcp_network_changed_link_up
                0x1000c39c       0x40 CMakeFiles/wifimqtt.dir/home/darlison/.pico-sdk/sdk/1.5.1/lib/lwip/src/core/ipv4/dhcp.c.obj
                0x1000c39c                dhcp_network_changed_link_up
 .text.dhcp_renew
                0x1000c3dc      0x138 CMakeFiles/wifimqtt.dir/home/darlison/.pico-sdk/sdk/1.5.1/lib/lwip/src/core/ipv4/dhcp.c.obj
                0x1000c3dc                dhcp_renew
 .text.dhcp_release_and_stop
                0x1000c514      0x158 CMakeFiles/wifimqtt.dir/home/darlison/.pico-sdk/sdk/1.5.1/lib/lwip/src/core/ipv4/dhcp.c.obj
                0x1000c514                dhcp_release_and_stop
 .text.dhcp_start
                0x1000c66c       0xb0 CMakeFiles/wifimqtt.dir/home/darlison/.pico-sdk/sdk/1.5.1/lib/lwip/src/core/ipv4/dhcp.c.obj
                0x1000c66c                dhcp_start
 .text.dhcp_coarse_tmr
                0x1000c71c      0x1d8 CMakeFiles/wifimqtt.dir/home/darlison/.pico-sdk/sdk/1.5.1/lib/lwip/src/core/ipv4/dhcp.c.obj
                0x1000c71c                dhcp_coarse_tmr
 .text.dhcp_fine_tmr
                0x1000c8f4       0x78 CMakeFiles/wifimqtt.dir/home/darlison/.pico-sdk/sdk/1.5.1/lib/lwip/src/core/ipv4/dhcp.c.obj
                0x1000c8f4                dhcp_fine_tmr
 .text.dhcp_stop
                0x1000c96c      0x158 CMakeFiles/wifimqtt.dir/home/darlison/.pico-sdk/sdk/1.5.1/lib/lwip/src/core/ipv4/dhcp.c.obj
                0x1000c96c                dhcp_stop
 .text.etharp_find_entry
                0x1000cac4      0x3c0 CMakeFiles/wifimqtt.dir/home/darlison/.pico-sdk/sdk/1.5.1/lib/lwip/src/core/ipv4/etharp.c.obj
 .text.etharp_raw
                0x1000ce84       0xec CMakeFiles/wifimqtt.dir/home/darlison/.pico-sdk/sdk/1.5.1/lib/lwip/src/core/ipv4/etharp.c.obj
 .text.etharp_output_to_arp_index
                0x1000cf70       0xd0 CMakeFiles/wifimqtt.dir/home/darlison/.pico-sdk/sdk/1.5.1/lib/lwip/src/core/ipv4/etharp.c.obj
 .text.etharp_tmr
                0x1000d040       0x94 CMakeFiles/wifimqtt.dir/home/darlison/.pico-sdk/sdk/1.5.1/lib/lwip/src/core/ipv4/etharp.c.obj
                0x1000d040                etharp_tmr
 .text.etharp_cleanup_netif
                0x1000d0d4      0x188 CMakeFiles/wifimqtt.dir/home/darlison/.pico-sdk/sdk/1.5.1/lib/lwip/src/core/ipv4/etharp.c.obj
                0x1000d0d4                etharp_cleanup_netif
 .text.etharp_input
                0x1000d25c      0x1b8 CMakeFiles/wifimqtt.dir/home/darlison/.pico-sdk/sdk/1.5.1/lib/lwip/src/core/ipv4/etharp.c.obj
                0x1000d25c                etharp_input
 .text.etharp_query
                0x1000d414      0x1b8 CMakeFiles/wifimqtt.dir/home/darlison/.pico-sdk/sdk/1.5.1/lib/lwip/src/core/ipv4/etharp.c.obj
                0x1000d414                etharp_query
 .text.etharp_output
                0x1000d5cc      0x24c CMakeFiles/wifimqtt.dir/home/darlison/.pico-sdk/sdk/1.5.1/lib/lwip/src/core/ipv4/etharp.c.obj
                0x1000d5cc                etharp_output
 .text.etharp_request
                0x1000d818       0x2c CMakeFiles/wifimqtt.dir/home/darlison/.pico-sdk/sdk/1.5.1/lib/lwip/src/core/ipv4/etharp.c.obj
                0x1000d818                etharp_request
 .text.icmp_input
                0x1000d844      0x1ec CMakeFiles/wifimqtt.dir/home/darlison/.pico-sdk/sdk/1.5.1/lib/lwip/src/core/ipv4/icmp.c.obj
                0x1000d844                icmp_input
 .text.icmp_dest_unreach
                0x1000da30       0xcc CMakeFiles/wifimqtt.dir/home/darlison/.pico-sdk/sdk/1.5.1/lib/lwip/src/core/ipv4/icmp.c.obj
                0x1000da30                icmp_dest_unreach
 .text.icmp_time_exceeded
                0x1000dafc       0xcc CMakeFiles/wifimqtt.dir/home/darlison/.pico-sdk/sdk/1.5.1/lib/lwip/src/core/ipv4/icmp.c.obj
                0x1000dafc                icmp_time_exceeded
 .text.ip_reass_free_complete_datagram
                0x1000dbc8      0x11c CMakeFiles/wifimqtt.dir/home/darlison/.pico-sdk/sdk/1.5.1/lib/lwip/src/core/ipv4/ip4_frag.c.obj
 .text.ip_reass_remove_oldest_datagram
                0x1000dce4       0xd8 CMakeFiles/wifimqtt.dir/home/darlison/.pico-sdk/sdk/1.5.1/lib/lwip/src/core/ipv4/ip4_frag.c.obj
 .text.ip_reass_tmr
                0x1000ddbc       0x30 CMakeFiles/wifimqtt.dir/home/darlison/.pico-sdk/sdk/1.5.1/lib/lwip/src/core/ipv4/ip4_frag.c.obj
                0x1000ddbc                ip_reass_tmr
 .text.ip4_reass
                0x1000ddec      0x560 CMakeFiles/wifimqtt.dir/home/darlison/.pico-sdk/sdk/1.5.1/lib/lwip/src/core/ipv4/ip4_frag.c.obj
                0x1000ddec                ip4_reass
 .text.ip4_frag
                0x1000e34c      0x254 CMakeFiles/wifimqtt.dir/home/darlison/.pico-sdk/sdk/1.5.1/lib/lwip/src/core/ipv4/ip4_frag.c.obj
                0x1000e34c                ip4_frag
 .text.ip4_route
                0x1000e5a0       0x7c CMakeFiles/wifimqtt.dir/home/darlison/.pico-sdk/sdk/1.5.1/lib/lwip/src/core/ipv4/ip4.c.obj
                0x1000e5a0                ip4_route
 .text.ip4_input
                0x1000e61c      0x300 CMakeFiles/wifimqtt.dir/home/darlison/.pico-sdk/sdk/1.5.1/lib/lwip/src/core/ipv4/ip4.c.obj
                0x1000e61c                ip4_input
 .text.ip4_output_if
                0x1000e91c      0x190 CMakeFiles/wifimqtt.dir/home/darlison/.pico-sdk/sdk/1.5.1/lib/lwip/src/core/ipv4/ip4.c.obj
                0x1000e91c                ip4_output_if
 .text.ip4_output_if_src
                0x1000eaac      0x184 CMakeFiles/wifimqtt.dir/home/darlison/.pico-sdk/sdk/1.5.1/lib/lwip/src/core/ipv4/ip4.c.obj
                0x1000eaac                ip4_output_if_src
 .text.ip4_addr_isbroadcast_u32
                0x1000ec30       0x3c CMakeFiles/wifimqtt.dir/home/darlison/.pico-sdk/sdk/1.5.1/lib/lwip/src/core/ipv4/ip4_addr.c.obj
                0x1000ec30                ip4_addr_isbroadcast_u32
 .text.ip4addr_aton
                0x1000ec6c      0x1a8 CMakeFiles/wifimqtt.dir/home/darlison/.pico-sdk/sdk/1.5.1/lib/lwip/src/core/ipv4/ip4_addr.c.obj
                0x1000ec6c                ip4addr_aton
 .text.ip4addr_ntoa
                0x1000ee14       0xec CMakeFiles/wifimqtt.dir/home/darlison/.pico-sdk/sdk/1.5.1/lib/lwip/src/core/ipv4/ip4_addr.c.obj
                0x1000ee14                ip4addr_ntoa
 .text.ethernet_input
                0x1000ef00       0xd0 CMakeFiles/wifimqtt.dir/home/darlison/.pico-sdk/sdk/1.5.1/lib/lwip/src/netif/ethernet.c.obj
                0x1000ef00                ethernet_input
 .text.ethernet_output
                0x1000efd0       0x6c CMakeFiles/wifimqtt.dir/home/darlison/.pico-sdk/sdk/1.5.1/lib/lwip/src/netif/ethernet.c.obj
                0x1000efd0                ethernet_output
 .text.cyw43_arch_wifi_connect_bssid_until.part.0
                0x1000f03c      0x150 CMakeFiles/wifimqtt.dir/home/darlison/.pico-sdk/sdk/1.5.1/src/rp2_common/pico_cyw43_arch/cyw43_arch.c.obj
 .text.cyw43_arch_set_async_context
                0x1000f18c        0xc CMakeFiles/wifimqtt.dir/home/darlison/.pico-sdk/sdk/1.5.1/src/rp2_common/pico_cyw43_arch/cyw43_arch.c.obj
                0x1000f18c                cyw43_arch_set_async_context
 .text.cyw43_arch_enable_sta_mode
                0x1000f198       0x1c CMakeFiles/wifimqtt.dir/home/darlison/.pico-sdk/sdk/1.5.1/src/rp2_common/pico_cyw43_arch/cyw43_arch.c.obj
                0x1000f198                cyw43_arch_enable_sta_mode
 .text.cyw43_arch_wifi_connect_timeout_ms
                0x1000f1b4       0xa0 CMakeFiles/wifimqtt.dir/home/darlison/.pico-sdk/sdk/1.5.1/src/rp2_common/pico_cyw43_arch/cyw43_arch.c.obj
                0x1000f1b4                cyw43_arch_wifi_connect_timeout_ms
 .text.cyw43_arch_async_context
                0x1000f254        0xc CMakeFiles/wifimqtt.dir/home/darlison/.pico-sdk/sdk/1.5.1/src/rp2_common/pico_cyw43_arch/cyw43_arch.c.obj
                0x1000f254                cyw43_arch_async_context
 .text.cyw43_arch_poll
                0x1000f260       0x18 CMakeFiles/wifimqtt.dir/home/darlison/.pico-sdk/sdk/1.5.1/src/rp2_common/pico_cyw43_arch/cyw43_arch.c.obj
                0x1000f260                cyw43_arch_poll
 .text.cyw43_arch_init
                0x1000f278       0x68 CMakeFiles/wifimqtt.dir/home/darlison/.pico-sdk/sdk/1.5.1/src/rp2_common/pico_cyw43_arch/cyw43_arch_poll.c.obj
                0x1000f278                cyw43_arch_init
 .text.cyw43_arch_deinit
                0x1000f2e0       0x30 CMakeFiles/wifimqtt.dir/home/darlison/.pico-sdk/sdk/1.5.1/src/rp2_common/pico_cyw43_arch/cyw43_arch_poll.c.obj
                0x1000f2e0                cyw43_arch_deinit
 .text.ns_delay.constprop.0
                0x1000f310       0x20 CMakeFiles/wifimqtt.dir/home/darlison/.pico-sdk/sdk/1.5.1/src/rp2_common/pico_cyw43_driver/cyw43_bus_pio_spi.c.obj
 .text.cyw43_spi_deinit
                0x1000f330       0x7c CMakeFiles/wifimqtt.dir/home/darlison/.pico-sdk/sdk/1.5.1/src/rp2_common/pico_cyw43_driver/cyw43_bus_pio_spi.c.obj
                0x1000f330                cyw43_spi_deinit
 .text.cyw43_spi_init
                0x1000f3ac      0x14c CMakeFiles/wifimqtt.dir/home/darlison/.pico-sdk/sdk/1.5.1/src/rp2_common/pico_cyw43_driver/cyw43_bus_pio_spi.c.obj
                0x1000f3ac                cyw43_spi_init
 .text.cyw43_spi_transfer
                0x1000f4f8      0x3e0 CMakeFiles/wifimqtt.dir/home/darlison/.pico-sdk/sdk/1.5.1/src/rp2_common/pico_cyw43_driver/cyw43_bus_pio_spi.c.obj
                0x1000f4f8                cyw43_spi_transfer
 .text.cyw43_spi_gpio_setup
                0x1000f8d8       0x3c CMakeFiles/wifimqtt.dir/home/darlison/.pico-sdk/sdk/1.5.1/src/rp2_common/pico_cyw43_driver/cyw43_bus_pio_spi.c.obj
                0x1000f8d8                cyw43_spi_gpio_setup
 .text.cyw43_spi_reset
                0x1000f914       0x28 CMakeFiles/wifimqtt.dir/home/darlison/.pico-sdk/sdk/1.5.1/src/rp2_common/pico_cyw43_driver/cyw43_bus_pio_spi.c.obj
                0x1000f914                cyw43_spi_reset
 .text.read_reg_u32_swap
                0x1000f93c       0x3c CMakeFiles/wifimqtt.dir/home/darlison/.pico-sdk/sdk/1.5.1/src/rp2_common/pico_cyw43_driver/cyw43_bus_pio_spi.c.obj
                0x1000f93c                read_reg_u32_swap
 .text.cyw43_read_reg_u32
                0x1000f978       0x50 CMakeFiles/wifimqtt.dir/home/darlison/.pico-sdk/sdk/1.5.1/src/rp2_common/pico_cyw43_driver/cyw43_bus_pio_spi.c.obj
                0x1000f978                cyw43_read_reg_u32
 .text.cyw43_read_reg_u16
                0x1000f9c8       0x50 CMakeFiles/wifimqtt.dir/home/darlison/.pico-sdk/sdk/1.5.1/src/rp2_common/pico_cyw43_driver/cyw43_bus_pio_spi.c.obj
                0x1000f9c8                cyw43_read_reg_u16
 .text.cyw43_read_reg_u8
                0x1000fa18       0x50 CMakeFiles/wifimqtt.dir/home/darlison/.pico-sdk/sdk/1.5.1/src/rp2_common/pico_cyw43_driver/cyw43_bus_pio_spi.c.obj
                0x1000fa18                cyw43_read_reg_u8
 .text.write_reg_u32_swap
                0x1000fa68      0x1e8 CMakeFiles/wifimqtt.dir/home/darlison/.pico-sdk/sdk/1.5.1/src/rp2_common/pico_cyw43_driver/cyw43_bus_pio_spi.c.obj
                0x1000fa68                write_reg_u32_swap
 .text.cyw43_write_reg_u32
                0x1000fc50      0x208 CMakeFiles/wifimqtt.dir/home/darlison/.pico-sdk/sdk/1.5.1/src/rp2_common/pico_cyw43_driver/cyw43_bus_pio_spi.c.obj
                0x1000fc50                cyw43_write_reg_u32
 .text.cyw43_write_reg_u16
                0x1000fe58      0x208 CMakeFiles/wifimqtt.dir/home/darlison/.pico-sdk/sdk/1.5.1/src/rp2_common/pico_cyw43_driver/cyw43_bus_pio_spi.c.obj
                0x1000fe58                cyw43_write_reg_u16
 .text.cyw43_write_reg_u8
                0x10010060      0x208 CMakeFiles/wifimqtt.dir/home/darlison/.pico-sdk/sdk/1.5.1/src/rp2_common/pico_cyw43_driver/cyw43_bus_pio_spi.c.obj
                0x10010060                cyw43_write_reg_u8
 .text.cyw43_read_bytes
                0x10010268       0x78 CMakeFiles/wifimqtt.dir/home/darlison/.pico-sdk/sdk/1.5.1/src/rp2_common/pico_cyw43_driver/cyw43_bus_pio_spi.c.obj
                0x10010268                cyw43_read_bytes
 .text.cyw43_write_bytes
                0x100102e0       0xc0 CMakeFiles/wifimqtt.dir/home/darlison/.pico-sdk/sdk/1.5.1/src/rp2_common/pico_cyw43_driver/cyw43_bus_pio_spi.c.obj
                0x100102e0                cyw43_write_bytes
 .text.cyw43_set_backplane_window
                0x100103a0       0x68 CMakeFiles/wifimqtt.dir/home/darlison/.pico-sdk/sdk/1.5.1/lib/cyw43-driver/src/cyw43_ll.c.obj
 .text.cyw43_ll_parse_async_event
                0x10010408      0x134 CMakeFiles/wifimqtt.dir/home/darlison/.pico-sdk/sdk/1.5.1/lib/cyw43-driver/src/cyw43_ll.c.obj
 .text.cyw43_kso_set
                0x1001053c       0x80 CMakeFiles/wifimqtt.dir/home/darlison/.pico-sdk/sdk/1.5.1/lib/cyw43-driver/src/cyw43_ll.c.obj
 .text.cyw43_ll_sdpcm_poll_device
                0x100105bc      0x238 CMakeFiles/wifimqtt.dir/home/darlison/.pico-sdk/sdk/1.5.1/lib/cyw43-driver/src/cyw43_ll.c.obj
 .text.cyw43_sdpcm_send_common
                0x100107f4       0xf4 CMakeFiles/wifimqtt.dir/home/darlison/.pico-sdk/sdk/1.5.1/lib/cyw43-driver/src/cyw43_ll.c.obj
 .text.cyw43_do_ioctl
                0x100108e8      0x110 CMakeFiles/wifimqtt.dir/home/darlison/.pico-sdk/sdk/1.5.1/lib/cyw43-driver/src/cyw43_ll.c.obj
 .text.cyw43_do_ioctl.constprop.0
                0x100109f8      0x108 CMakeFiles/wifimqtt.dir/home/darlison/.pico-sdk/sdk/1.5.1/lib/cyw43-driver/src/cyw43_ll.c.obj
 .text.cyw43_read_backplane.constprop.0
                0x10010b00       0xe4 CMakeFiles/wifimqtt.dir/home/darlison/.pico-sdk/sdk/1.5.1/lib/cyw43-driver/src/cyw43_ll.c.obj
 .text.reset_device_core.constprop.0
                0x10010be4      0x410 CMakeFiles/wifimqtt.dir/home/darlison/.pico-sdk/sdk/1.5.1/lib/cyw43-driver/src/cyw43_ll.c.obj
 .text.cyw43_ll_init
                0x10010ff4       0x1c CMakeFiles/wifimqtt.dir/home/darlison/.pico-sdk/sdk/1.5.1/lib/cyw43-driver/src/cyw43_ll.c.obj
                0x10010ff4                cyw43_ll_init
 .text.cyw43_ll_deinit
                0x10011010        0x8 CMakeFiles/wifimqtt.dir/home/darlison/.pico-sdk/sdk/1.5.1/lib/cyw43-driver/src/cyw43_ll.c.obj
                0x10011010                cyw43_ll_deinit
 .text.cyw43_ll_send_ethernet
                0x10011018       0x60 CMakeFiles/wifimqtt.dir/home/darlison/.pico-sdk/sdk/1.5.1/lib/cyw43-driver/src/cyw43_ll.c.obj
                0x10011018                cyw43_ll_send_ethernet
 .text.cyw43_ll_process_packets
                0x10011078       0x54 CMakeFiles/wifimqtt.dir/home/darlison/.pico-sdk/sdk/1.5.1/lib/cyw43-driver/src/cyw43_ll.c.obj
                0x10011078                cyw43_ll_process_packets
 .text.cyw43_ll_ioctl
                0x100110cc       0x20 CMakeFiles/wifimqtt.dir/home/darlison/.pico-sdk/sdk/1.5.1/lib/cyw43-driver/src/cyw43_ll.c.obj
                0x100110cc                cyw43_ll_ioctl
 .text.cyw43_ll_bus_sleep
                0x100110ec       0x34 CMakeFiles/wifimqtt.dir/home/darlison/.pico-sdk/sdk/1.5.1/lib/cyw43-driver/src/cyw43_ll.c.obj
                0x100110ec                cyw43_ll_bus_sleep
 .text.cyw43_ll_bus_init
                0x10011120      0xb6c CMakeFiles/wifimqtt.dir/home/darlison/.pico-sdk/sdk/1.5.1/lib/cyw43-driver/src/cyw43_ll.c.obj
                0x10011120                cyw43_ll_bus_init
 .text.cyw43_ll_wifi_on
                0x10011c8c      0x238 CMakeFiles/wifimqtt.dir/home/darlison/.pico-sdk/sdk/1.5.1/lib/cyw43-driver/src/cyw43_ll.c.obj
                0x10011c8c                cyw43_ll_wifi_on
 .text.cyw43_ll_wifi_get_mac
                0x10011ec4       0x40 CMakeFiles/wifimqtt.dir/home/darlison/.pico-sdk/sdk/1.5.1/lib/cyw43-driver/src/cyw43_ll.c.obj
                0x10011ec4                cyw43_ll_wifi_get_mac
 .text.cyw43_ll_wifi_pm
                0x10011f04      0x19c CMakeFiles/wifimqtt.dir/home/darlison/.pico-sdk/sdk/1.5.1/lib/cyw43-driver/src/cyw43_ll.c.obj
                0x10011f04                cyw43_ll_wifi_pm
 .text.cyw43_ll_wifi_join
                0x100120a0      0x2ec CMakeFiles/wifimqtt.dir/home/darlison/.pico-sdk/sdk/1.5.1/lib/cyw43-driver/src/cyw43_ll.c.obj
                0x100120a0                cyw43_ll_wifi_join
 .text.cyw43_ll_wifi_set_wpa_auth
                0x1001238c       0x2c CMakeFiles/wifimqtt.dir/home/darlison/.pico-sdk/sdk/1.5.1/lib/cyw43-driver/src/cyw43_ll.c.obj
                0x1001238c                cyw43_ll_wifi_set_wpa_auth
 .text.cyw43_ll_wifi_rejoin
                0x100123b8       0x1c CMakeFiles/wifimqtt.dir/home/darlison/.pico-sdk/sdk/1.5.1/lib/cyw43-driver/src/cyw43_ll.c.obj
                0x100123b8                cyw43_ll_wifi_rejoin
 .text.cyw43_ll_wifi_ap_init
                0x100123d4      0x2c0 CMakeFiles/wifimqtt.dir/home/darlison/.pico-sdk/sdk/1.5.1/lib/cyw43-driver/src/cyw43_ll.c.obj
                0x100123d4                cyw43_ll_wifi_ap_init
 .text.cyw43_ll_wifi_ap_set_up
                0x10012694       0x54 CMakeFiles/wifimqtt.dir/home/darlison/.pico-sdk/sdk/1.5.1/lib/cyw43-driver/src/cyw43_ll.c.obj
                0x10012694                cyw43_ll_wifi_ap_set_up
 .text.cyw43_ll_has_work
                0x100126e8       0x14 CMakeFiles/wifimqtt.dir/home/darlison/.pico-sdk/sdk/1.5.1/lib/cyw43-driver/src/cyw43_ll.c.obj
                0x100126e8                cyw43_ll_has_work
 .text.cyw43_netif_init
                0x100126fc       0x3c CMakeFiles/wifimqtt.dir/home/darlison/.pico-sdk/sdk/1.5.1/lib/cyw43-driver/src/cyw43_lwip.c.obj
 .text.cyw43_netif_output
                0x10012738       0x34 CMakeFiles/wifimqtt.dir/home/darlison/.pico-sdk/sdk/1.5.1/lib/cyw43-driver/src/cyw43_lwip.c.obj
 .text.cyw43_cb_tcpip_init
                0x1001276c       0xf0 CMakeFiles/wifimqtt.dir/home/darlison/.pico-sdk/sdk/1.5.1/lib/cyw43-driver/src/cyw43_lwip.c.obj
                0x1001276c                cyw43_cb_tcpip_init
 .text.cyw43_cb_tcpip_deinit
                0x1001285c       0x4c CMakeFiles/wifimqtt.dir/home/darlison/.pico-sdk/sdk/1.5.1/lib/cyw43-driver/src/cyw43_lwip.c.obj
                0x1001285c                cyw43_cb_tcpip_deinit
 .text.cyw43_cb_process_ethernet
                0x100128a8       0x6c CMakeFiles/wifimqtt.dir/home/darlison/.pico-sdk/sdk/1.5.1/lib/cyw43-driver/src/cyw43_lwip.c.obj
                0x100128a8                cyw43_cb_process_ethernet
 .text.cyw43_cb_tcpip_set_link_up
                0x10012914       0x18 CMakeFiles/wifimqtt.dir/home/darlison/.pico-sdk/sdk/1.5.1/lib/cyw43-driver/src/cyw43_lwip.c.obj
                0x10012914                cyw43_cb_tcpip_set_link_up
 .text.cyw43_cb_tcpip_set_link_down
                0x1001292c       0x18 CMakeFiles/wifimqtt.dir/home/darlison/.pico-sdk/sdk/1.5.1/lib/cyw43-driver/src/cyw43_lwip.c.obj
                0x1001292c                cyw43_cb_tcpip_set_link_down
 .text.cyw43_tcpip_link_status
                0x10012944       0x34 CMakeFiles/wifimqtt.dir/home/darlison/.pico-sdk/sdk/1.5.1/lib/cyw43-driver/src/cyw43_lwip.c.obj
                0x10012944                cyw43_tcpip_link_status
 .text.cyw43_poll_func
                0x10012978       0xc0 CMakeFiles/wifimqtt.dir/home/darlison/.pico-sdk/sdk/1.5.1/lib/cyw43-driver/src/cyw43_ctrl.c.obj
 .text.cyw43_init
                0x10012a38       0x6c CMakeFiles/wifimqtt.dir/home/darlison/.pico-sdk/sdk/1.5.1/lib/cyw43-driver/src/cyw43_ctrl.c.obj
                0x10012a38                cyw43_init
 .text.cyw43_deinit
                0x10012aa4       0x90 CMakeFiles/wifimqtt.dir/home/darlison/.pico-sdk/sdk/1.5.1/lib/cyw43-driver/src/cyw43_ctrl.c.obj
                0x10012aa4                cyw43_deinit
 .text.cyw43_cb_read_host_interrupt_pin
                0x10012b34        0xc CMakeFiles/wifimqtt.dir/home/darlison/.pico-sdk/sdk/1.5.1/lib/cyw43-driver/src/cyw43_ctrl.c.obj
                0x10012b34                cyw43_cb_read_host_interrupt_pin
 .text.cyw43_cb_ensure_awake
                0x10012b40        0xc CMakeFiles/wifimqtt.dir/home/darlison/.pico-sdk/sdk/1.5.1/lib/cyw43-driver/src/cyw43_ctrl.c.obj
                0x10012b40                cyw43_cb_ensure_awake
 .text.cyw43_cb_process_async_event
                0x10012b4c      0x214 CMakeFiles/wifimqtt.dir/home/darlison/.pico-sdk/sdk/1.5.1/lib/cyw43-driver/src/cyw43_ctrl.c.obj
                0x10012b4c                cyw43_cb_process_async_event
 .text.cyw43_send_ethernet
                0x10012d60       0xc0 CMakeFiles/wifimqtt.dir/home/darlison/.pico-sdk/sdk/1.5.1/lib/cyw43-driver/src/cyw43_ctrl.c.obj
                0x10012d60                cyw43_send_ethernet
 .text.cyw43_wifi_get_mac
                0x10012e20       0x10 CMakeFiles/wifimqtt.dir/home/darlison/.pico-sdk/sdk/1.5.1/lib/cyw43-driver/src/cyw43_ctrl.c.obj
                0x10012e20                cyw43_wifi_get_mac
 .text.cyw43_wifi_set_up
                0x10012e30      0x308 CMakeFiles/wifimqtt.dir/home/darlison/.pico-sdk/sdk/1.5.1/lib/cyw43-driver/src/cyw43_ctrl.c.obj
                0x10012e30                cyw43_wifi_set_up
 .text.cyw43_wifi_link_status
                0x10013138       0x40 CMakeFiles/wifimqtt.dir/home/darlison/.pico-sdk/sdk/1.5.1/lib/cyw43-driver/src/cyw43_ctrl.c.obj
                0x10013138                cyw43_wifi_link_status
 .text.cyw43_wifi_join
                0x10013178       0xf4 CMakeFiles/wifimqtt.dir/home/darlison/.pico-sdk/sdk/1.5.1/lib/cyw43-driver/src/cyw43_ctrl.c.obj
                0x10013178                cyw43_wifi_join
 .text.pio_sm_unclaim
                0x1001326c       0x20 CMakeFiles/wifimqtt.dir/home/darlison/.pico-sdk/sdk/1.5.1/src/rp2_common/hardware_pio/pio.c.obj
                0x1001326c                pio_sm_unclaim
 .text.pio_claim_unused_sm
                0x1001328c       0x3c CMakeFiles/wifimqtt.dir/home/darlison/.pico-sdk/sdk/1.5.1/src/rp2_common/hardware_pio/pio.c.obj
                0x1001328c                pio_claim_unused_sm
 .text.pio_can_add_program
                0x100132c8       0x68 CMakeFiles/wifimqtt.dir/home/darlison/.pico-sdk/sdk/1.5.1/src/rp2_common/hardware_pio/pio.c.obj
                0x100132c8                pio_can_add_program
 .text.pio_add_program
                0x10013330       0xf0 CMakeFiles/wifimqtt.dir/home/darlison/.pico-sdk/sdk/1.5.1/src/rp2_common/hardware_pio/pio.c.obj
                0x10013330                pio_add_program
 .text.pio_remove_program
                0x10013420       0x34 CMakeFiles/wifimqtt.dir/home/darlison/.pico-sdk/sdk/1.5.1/src/rp2_common/hardware_pio/pio.c.obj
                0x10013420                pio_remove_program
 .text.pio_sm_set_pindirs_with_mask
                0x10013454       0xa8 CMakeFiles/wifimqtt.dir/home/darlison/.pico-sdk/sdk/1.5.1/src/rp2_common/hardware_pio/pio.c.obj
                0x10013454                pio_sm_set_pindirs_with_mask
 .text.pio_sm_set_consecutive_pindirs
                0x100134fc       0xa8 CMakeFiles/wifimqtt.dir/home/darlison/.pico-sdk/sdk/1.5.1/src/rp2_common/hardware_pio/pio.c.obj
                0x100134fc                pio_sm_set_consecutive_pindirs
 .text.dma_channel_unclaim
                0x100135a4       0x14 CMakeFiles/wifimqtt.dir/home/darlison/.pico-sdk/sdk/1.5.1/src/rp2_common/hardware_dma/dma.c.obj
                0x100135a4                dma_channel_unclaim
 .text.dma_claim_unused_channel
                0x100135b8       0x24 CMakeFiles/wifimqtt.dir/home/darlison/.pico-sdk/sdk/1.5.1/src/rp2_common/hardware_dma/dma.c.obj
                0x100135b8                dma_claim_unused_channel
 .text.dma_channel_cleanup
                0x100135dc       0x60 CMakeFiles/wifimqtt.dir/home/darlison/.pico-sdk/sdk/1.5.1/src/rp2_common/hardware_dma/dma.c.obj
                0x100135dc                dma_channel_cleanup
 .text.cyw43_sleep_timeout_reached
                0x1001363c       0x10 CMakeFiles/wifimqtt.dir/home/darlison/.pico-sdk/sdk/1.5.1/src/rp2_common/pico_cyw43_driver/cyw43_driver.c.obj
 .text.cyw43_irq_init
                0x1001364c       0x28 CMakeFiles/wifimqtt.dir/home/darlison/.pico-sdk/sdk/1.5.1/src/rp2_common/pico_cyw43_driver/cyw43_driver.c.obj
                0x1001364c                cyw43_irq_init
 .text.cyw43_irq_deinit
                0x10013674       0x20 CMakeFiles/wifimqtt.dir/home/darlison/.pico-sdk/sdk/1.5.1/src/rp2_common/pico_cyw43_driver/cyw43_driver.c.obj
                0x10013674                cyw43_irq_deinit
 .text.cyw43_gpio_irq_handler
                0x10013694       0x44 CMakeFiles/wifimqtt.dir/home/darlison/.pico-sdk/sdk/1.5.1/src/rp2_common/pico_cyw43_driver/cyw43_driver.c.obj
 .text.cyw43_do_poll
                0x100136d8       0x70 CMakeFiles/wifimqtt.dir/home/darlison/.pico-sdk/sdk/1.5.1/src/rp2_common/pico_cyw43_driver/cyw43_driver.c.obj