Archive member included to satisfy reference by file (symbol)

/home/darlison/.pico-sdk/toolchain/13_3_Rel1/bin/../lib/gcc/arm-none-eabi/13.3.1/thumb/v6-m/nofp/libgcc.a(_dvmd_tls.o)
                              CMakeFiles/wifimqtt.dir/home/darlison/.pico-sdk/sdk/1.5.1/src/rp2_common/pico_divider/divider.S.obj (__aeabi_idiv0)
/home/darlison/.pico-sdk/toolchain/13_3_Rel1/bin/../lib/gcc/arm-none-eabi/13.3.1/../../../../arm-none-eabi/lib/thumb/v6-m/nofp/libc.a(libc_a-strlen-stub.o)
                              CMakeFiles/wifimqtt.dir/embarca.c.obj (strlen)
/home/darlison/.pico-sdk/toolchain/13_3_Rel1/bin/../lib/gcc/arm-none-eabi/13.3.1/../../../../arm-none-eabi/lib/thumb/v6-m/nofp/libc.a(libc_a-strncmp.o)
                              CMakeFiles/wifimqtt.dir/home/darlison/.pico-sdk/sdk/1.5.1/lib/lwip/src/core/def.c.obj (strncmp)
/home/darlison/.pico-sdk/toolchain/13_3_Rel1/bin/../lib/gcc/arm-none-eabi/13.3.1/../../../../arm-none-eabi/lib/thumb/v6-m/nofp/libc.a(libc_a-malloc.o)
                              CMakeFiles/wifimqtt.dir/home/darlison/.pico-sdk/sdk/1.5.1/src/rp2_common/pico_malloc/pico_malloc.c.obj (malloc)
/home/darlison/.pico-sdk/toolchain/13_3_Rel1/bin/../lib/gcc/arm-none-eabi/13.3.1/../../../../arm-none-eabi/lib/thumb/v6-m/nofp/libc.a(libc_a-mallocr.o)
                              /home/darlison/.pico-sdk/toolchain/13_3_Rel1/bin/../lib/gcc/arm-none-eabi/13.3.1/../../../../arm-none-eabi/lib/thumb/v6-m/nofp/libc.a(libc_a-malloc.o) (_malloc_r)
/home/darlison/.pico-sdk/toolchain/13_3_Rel1/bin/../lib/gcc/arm-none-eabi/13.3.1/../../../../arm-none-eabi/lib/thumb/v6-m/nofp/libc.a(libc_a-strstr.o)
                              CMakeFiles/wifimqtt.dir/home/darlison/.pico-sdk/sdk/1.5.1/lib/mbedtls/library/pem.c.obj (strstr)
/home/darlison/.pico-sdk/toolchain/13_3_Rel1/bin/../lib/gcc/arm-none-eabi/13.3.1/../../../../arm-none-eabi/lib/thumb/v6-m/nofp/libc.a(libc_a-sbrkr.o)
                              /home/darlison/.pico-sdk/toolchain/13_3_Rel1/bin/../lib/gcc/arm-none-eabi/13.3.1/../../../../arm-none-eabi/lib/thumb/v6-m/nofp/libc.a(libc_a-mallocr.o) (_sbrk_r)
/home/darlison/.pico-sdk/toolchain/13_3_Rel1/bin/../lib/gcc/arm-none-eabi/13.3.1/../../../../arm-none-eabi/lib/thumb/v6-m/nofp/libc.a(libc_a-time.o)
                              CMakeFiles/wifimqtt.dir/home/darlison/.pico-sdk/sdk/1.5.1/lib/mbedtls/library/ssl_cli.c.obj (time)
/home/darlison/.pico-sdk/toolchain/13_3_Rel1/bin/../lib/gcc/arm-none-eabi/13.3.1/../../../../arm-none-eabi/lib/thumb/v6-m/nofp/libc.a(libc_a-mlock.o)
                              /home/darlison/.pico-sdk/toolchain/13_3_Rel1/bin/../lib/gcc/arm-none-eabi/13.3.1/../../../../arm-none-eabi/lib/thumb/v6-m/nofp/libc.a(libc_a-mallocr.o) (__malloc_lock)
/home/darlison/.pico-sdk/toolchain/13_3_Rel1/bin/../lib/gcc/arm-none-eabi/13.3.1/../../../../arm-none-eabi/lib/thumb/v6-m/nofp/libc.a(libc_a-atoi.o)
                              CMakeFiles/wifimqtt.dir/home/darlison/.pico-sdk/sdk/1.5.1/lib/lwip/src/core/netif.c.obj (atoi)
/home/darlison/.pico-sdk/toolchain/13_3_Rel1/bin/../lib/gcc/arm-none-eabi/13.3.1/../../../../arm-none-eabi/lib/thumb/v6-m/nofp/libc.a(libc_a-calloc.o)
                              CMakeFiles/wifimqtt.dir/home/darlison/.pico-sdk/sdk/1.5.1/src/rp2_common/pico_malloc/pico_malloc.c.obj (calloc)
/home/darlison/.pico-sdk/toolchain/13_3_Rel1/bin/../lib/gcc/arm-none-eabi/13.3.1/../../../../arm-none-eabi/lib/thumb/v6-m/nofp/libc.a(libc_a-memcmp.o)
                              CMakeFiles/wifimqtt.dir/home/darlison/.pico-sdk/sdk/1.5.1/lib/lwip/src/netif/ethernet.c.obj (memcmp)
/home/darlison/.pico-sdk/toolchain/13_3_Rel1/bin/../lib/gcc/arm-none-eabi/13.3.1/../../../../arm-none-eabi/lib/thumb/v6-m/nofp/libc.a(libc_a-callocr.o)
                              /home/darlison/.pico-sdk/toolchain/13_3_Rel1/bin/../lib/gcc/arm-none-eabi/13.3.1/../../../../arm-none-eabi/lib/thumb/v6-m/nofp/libc.a(libc_a-calloc.o) (_calloc_r)
/home/darlison/.pico-sdk/toolchain/13_3_Rel1/bin/../lib/gcc/arm-none-eabi/13.3.1/../../../../arm-none-eabi/lib/thumb/v6-m/nofp/libc.a(libc_a-memmove.o)
                              CMakeFiles/wifimqtt.dir/home/darlison/.pico-sdk/sdk/1.5.1/lib/lwip/src/core/def.c.obj (memmove)
/home/darlison/.pico-sdk/toolchain/13_3_Rel1/bin/../lib/gcc/arm-none-eabi/13.3.1/../../../../arm-none-eabi/lib/thumb/v6-m/nofp/libc.a(libc_a-realloc.o)
                              CMakeFiles/wifimqtt.dir/home/darlison/.pico-sdk/sdk/1.5.1/src/rp2_common/pico_malloc/pico_malloc.c.obj (realloc)
/home/darlison/.pico-sdk/toolchain/13_3_Rel1/bin/../lib/gcc/arm-none-eabi/13.3.1/../../../../arm-none-eabi/lib/thumb/v6-m/nofp/libc.a(libc_a-strchr.o)
                              CMakeFiles/wifimqtt.dir/home/darlison/.pico-sdk/sdk/1.5.1/lib/mbedtls/library/x509.c.obj (strchr)
/home/darlison/.pico-sdk/toolchain/13_3_Rel1/bin/../lib/gcc/arm-none-eabi/13.3.1/../../../../arm-none-eabi/lib/thumb/v6-m/nofp/libc.a(libc_a-ctype_.o)
[...]
Memory Configuration

Name             Origin             Length             Attributes
FLASH            0x10000000         0x00200000         xr
RAM              0x20000000         0x00040000         xrw
SCRATCH_X        0x20040000         0x00001000         xrw
SCRATCH_Y        0x20041000         0x00001000         xrw
*default*        0x00000000         0xffffffff

Linker script and memory map

LOAD /home/darlison/.pico-sdk/toolchain/13_3_Rel1/bin/../lib/gcc/arm-none-eabi/13.3.1/thumb/v6-m/nofp/crti.o
LOAD /home/darlison/.pico-sdk/toolchain/13_3_Rel1/bin/../lib/gcc/arm-none-eabi/13.3.1/thumb/v6-m/nofp/crtbegin.o
LOAD /home/darlison/.pico-sdk/toolchain/13_3_Rel1/bin/../lib/gcc/arm-none-eabi/13.3.1/../../../../arm-none-eabi/lib/thumb/v6-m/nofp/crt0.o

.flash_begin    0x10000000        0x0
                0x10000000                        __flash_binary_start = .

.boot2          0x10000000      0x100
                0x10000000                        __boot2_start__ = .
 *(.boot2)
 .boot2         0x10000000      0x100 /tmp/cc5iNWs7.o
                0x10000100                        __boot2_end__ = .
                0x00000001                        ASSERT (((__boot2_end__ - __boot2_start__) == 0x100), ERROR: Pico second stage bootloader must be 256 bytes in size)

.text           0x10000100    0x32428
                0x10000100                        __logical_binary_start = .
 *(.vectors)
 .vectors       0x10000100       0xd4 CMakeFiles/wifimqtt.dir/home/darlison/.pico-sdk/sdk/1.5.1/src/rp2_common/pico_standard_link/crt0.S.obj
                0x10000100                __vectors
                0x10000100                __VECTOR_TABLE
                0x100001c0                isr_invalid
                0x100001c0                __default_isrs_start
                0x100001c2                isr_nmi
                0x100001c4                isr_hardfault
                0x100001c6                isr_svcall
                0x100001c8                isr_pendsv
                0x100001ca                isr_systick
                0x100001cc                isr_irq30
                0x100001cc                __unhandled_user_irq
                0x100001cc                isr_irq13
                0x100001cc                isr_irq27
                0x100001cc                isr_irq31
                0x100001cc                isr_irq5
                0x100001cc                isr_irq11
                0x100001cc                isr_irq23
                0x100001cc                isr_irq18
                0x100001cc                isr_irq28
                0x100001cc                isr_irq19
                0x100001cc                isr_irq0
                0x100001cc                isr_irq6
                0x100001cc                isr_irq22
                0x100001cc                isr_irq17
                0x100001cc                isr_irq14
                0x100001cc                isr_irq2
                0x100001cc                isr_irq10
                0x100001cc                isr_irq8
                0x100001cc                isr_irq24
                0x100001cc                isr_irq1
                0x100001cc                isr_irq7
                0x100001cc                isr_irq21
                0x100001cc                isr_irq20
                0x100001cc                isr_irq15
                0x100001cc                isr_irq25
                0x100001cc                isr_irq4
                0x100001cc                isr_irq16
                0x100001cc                isr_irq29
                0x100001cc                isr_irq26
                0x100001cc                __default_isrs_end
                0x100001cc                isr_irq3
                0x100001cc                isr_irq12
                0x100001cc                isr_irq9
                0x100001d2                unhandled_user_irq_num_in_r0
 *(.binary_info_header)
 .binary_info_header
                0x100001d4       0x14 CMakeFiles/wifimqtt.dir/home/darlison/.pico-sdk/sdk/1.5.1/src/rp2_common/pico_standard_link/crt0.S.obj
                0x100001e8                        __binary_info_header_end = .
 *(.reset)
 .reset         0x100001e8       0xa0 CMakeFiles/wifimqtt.dir/home/darlison/.pico-sdk/sdk/1.5.1/src/rp2_common/pico_standard_link/crt0.S.obj
                0x100001e8                _entry_point
 .reset         0x10000288       0x30 CMakeFiles/wifimqtt.dir/home/darlison/.pico-sdk/sdk/1.5.1/src/rp2_common/pico_standard_link/binary_info.c.obj
 *(.init)
 .init          0x100002b8        0x4 /home/darlison/.pico-sdk/toolchain/13_3_Rel1/bin/../lib/gcc/arm-none-eabi/13.3.1/thumb/v6-m/nofp/crti.o
                0x100002b8                _init
 *(EXCLUDE_FILE(*libm.a: *libc.a:*lib_a-mem*.o *libgcc.a:) .text*)
 .text.register_tm_clones
                0x100002bc       0x28 /home/darlison/.pico-sdk/toolchain/13_3_Rel1/bin/../lib/gcc/arm-none-eabi/13.3.1/thumb/v6-m/nofp/crtbegin.o
 .text.frame_dummy
                0x100002e4       0x24 /home/darlison/.pico-sdk/toolchain/13_3_Rel1/bin/../lib/gcc/arm-none-eabi/13.3.1/thumb/v6-m/nofp/crtbegin.o
 .text.handle_machine_interrupt
                0x10000308       0x88 CMakeFiles/wifimqtt.dir/embarca.c.obj
                0x10000308                handle_machine_interrupt
 .text.mqtt_pub_request_cb
                0x10000390       0x10 CMakeFiles/wifimqtt.dir/embarca.c.obj
                0x10000390                mqtt_pub_request_cb
 .text.dns_found
                0x100003a0       0x2c CMakeFiles/wifimqtt.dir/embarca.c.obj
                0x100003a0                dns_found
 .text.mqtt_connection_cb
                0x100003cc       0x3c CMakeFiles/wifimqtt.dir/embarca.c.obj
 .text.init_leds
                0x10000408       0x20 CMakeFiles/wifimqtt.dir/embarca.c.obj
                0x10000408                init_leds
 .text.initialize_machines
                0x10000428       0x58 CMakeFiles/wifimqtt.dir/embarca.c.obj
                0x10000428                initialize_machines
 .text.setup_gpio_interrupts
                0x10000480       0x4c CMakeFiles/wifimqtt.dir/embarca.c.obj
                0x10000480                setup_gpio_interrupts
 .text.run_dns_lookup
                0x100004cc       0x40 CMakeFiles/wifimqtt.dir/embarca.c.obj
                0x100004cc                run_dns_lookup
 .text.mqtt_test_publish
                0x1000050c      0x1a4 CMakeFiles/wifimqtt.dir/embarca.c.obj
                0x1000050c                mqtt_test_publish
 .text.mqtt_run_test
                0x100006b0       0xb0 CMakeFiles/wifimqtt.dir/embarca.c.obj
                0x100006b0                mqtt_run_test
 .text.connection_status_alert
                0x10000760       0x24 CMakeFiles/wifimqtt.dir/embarca.c.obj
                0x10000760                connection_status_alert
 .text.initialize_wifi
                0x10000784       0x64 CMakeFiles/wifimqtt.dir/main.c.obj
                0x10000784                initialize_wifi
 .text.startup.main
                0x100007e8       0x54 CMakeFiles/wifimqtt.dir/main.c.obj
                0x100007e8                main
 .text.lwip_timeout_reached
                0x1000083c        0x8 CMakeFiles/wifimqtt.dir/home/darlison/.pico-sdk/sdk/1.5.1/src/rp2_common/pico_lwip/lwip_nosys.c.obj
 .text.update_next_timeout
                0x10000844       0x60 CMakeFiles/wifimqtt.dir/home/darlison/.pico-sdk/sdk/1.5.1/src/rp2_common/pico_lwip/lwip_nosys.c.obj
 .text.lwip_nosys_init
                0x100008a4       0x30 CMakeFiles/wifimqtt.dir/home/darlison/.pico-sdk/sdk/1.5.1/src/rp2_common/pico_lwip/lwip_nosys.c.obj
                0x100008a4                lwip_nosys_init
 .text.lwip_nosys_deinit
                0x100008d4       0x20 CMakeFiles/wifimqtt.dir/home/darlison/.pico-sdk/sdk/1.5.1/src/rp2_common/pico_lwip/lwip_nosys.c.obj
                0x100008d4                lwip_nosys_deinit
 .text.sys_arch_protect
                0x100008f4        0x4 CMakeFiles/wifimqtt.dir/home/darlison/.pico-sdk/sdk/1.5.1/src/rp2_common/pico_lwip/lwip_nosys.c.obj
                0x100008f4                sys_arch_protect
 .text.sys_arch_unprotect
                0x100008f8        0x4 CMakeFiles/wifimqtt.dir/home/darlison/.pico-sdk/sdk/1.5.1/src/rp2_common/pico_lwip/lwip_nosys.c.obj
                0x100008f8                sys_arch_unprotect
 .text.sys_now  0x100008fc       0x20 CMakeFiles/wifimqtt.dir/home/darlison/.pico-sdk/sdk/1.5.1/src/rp2_common/pico_lwip/lwip_nosys.c.obj
                0x100008fc                sys_now
 .text.async_context_base_add_at_time_worker
                0x1000091c       0x24 CMakeFiles/wifimqtt.dir/home/darlison/.pico-sdk/sdk/1.5.1/src/rp2_common/pico_async_context/async_context_base.c.obj
                0x1000091c                async_context_base_add_at_time_worker
 .text.async_context_base_remove_at_time_worker
                0x10000940       0x28 CMakeFiles/wifimqtt.dir/home/darlison/.pico-sdk/sdk/1.5.1/src/rp2_common/pico_async_context/async_context_base.c.obj
                0x10000940                async_context_base_remove_at_time_worker
 .text.async_context_base_add_when_pending_worker
                0x10000968       0x24 CMakeFiles/wifimqtt.dir/home/darlison/.pico-sdk/sdk/1.5.1/src/rp2_common/pico_async_context/async_context_base.c.obj
                0x10000968                async_context_base_add_when_pending_worker
 .text.async_context_base_remove_when_pending_worker
                0x1000098c       0x28 CMakeFiles/wifimqtt.dir/home/darlison/.pico-sdk/sdk/1.5.1/src/rp2_common/pico_async_context/async_context_base.c.obj
                0x1000098c                async_context_base_remove_when_pending_worker
 .text.async_context_base_execute_once
                0x100009b4      0x108 CMakeFiles/wifimqtt.dir/home/darlison/.pico-sdk/sdk/1.5.1/src/rp2_common/pico_async_context/async_context_base.c.obj
                0x100009b4                async_context_base_execute_once
 .text.running_on_fpga
                0x10000abc       0x10 CMakeFiles/wifimqtt.dir/home/darlison/.pico-sdk/sdk/1.5.1/src/rp2_common/pico_platform/platform.c.obj
                0x10000abc                running_on_fpga
 .text.splitmix64
                0x10000acc       0x58 CMakeFiles/wifimqtt.dir/home/darlison/.pico-sdk/sdk/1.5.1/src/rp2_common/pico_rand/rand.c.obj
 .text.xoroshiro128ss
                0x10000b24       0x90 CMakeFiles/wifimqtt.dir/home/darlison/.pico-sdk/sdk/1.5.1/src/rp2_common/pico_rand/rand.c.obj
 .text.get_rand_64
                0x10000bb4      0x4a4 CMakeFiles/wifimqtt.dir/home/darlison/.pico-sdk/sdk/1.5.1/src/rp2_common/pico_rand/rand.c.obj
                0x10000bb4                get_rand_64
 .text.get_rand_32
                0x10001058        0x8 CMakeFiles/wifimqtt.dir/home/darlison/.pico-sdk/sdk/1.5.1/src/rp2_common/pico_rand/rand.c.obj
                0x10001058                get_rand_32
 .text.startup._retrieve_unique_id_on_boot
                0x10001060       0x10 CMakeFiles/wifimqtt.dir/home/darlison/.pico-sdk/sdk/1.5.1/src/rp2_common/pico_unique_id/unique_id.c.obj
 .text.pico_get_unique_board_id
                0x10001070       0x10 CMakeFiles/wifimqtt.dir/home/darlison/.pico-sdk/sdk/1.5.1/src/rp2_common/pico_unique_id/unique_id.c.obj
                0x10001070                pico_get_unique_board_id
 .text.pico_get_unique_board_id_string
                0x10001080      0x1a8 CMakeFiles/wifimqtt.dir/home/darlison/.pico-sdk/sdk/1.5.1/src/rp2_common/pico_unique_id/unique_id.c.obj
                0x10001080                pico_get_unique_board_id_string
 .text.flash_get_unique_id
                0x10001228       0x3c CMakeFiles/wifimqtt.dir/home/darlison/.pico-sdk/sdk/1.5.1/src/rp2_common/hardware_flash/flash.c.obj
                0x10001228                flash_get_unique_id
 .text.hw_claim_lock
                0x10001264       0x18 CMakeFiles/wifimqtt.dir/home/darlison/.pico-sdk/sdk/1.5.1/src/rp2_common/hardware_claim/claim.c.obj
                0x10001264                hw_claim_lock
 .text.hw_claim_unlock
                0x1000127c       0x14 CMakeFiles/wifimqtt.dir/home/darlison/.pico-sdk/sdk/1.5.1/src/rp2_common/hardware_claim/claim.c.obj
                0x1000127c                hw_claim_unlock
 .text.hw_claim_or_assert
                0x10001290       0x44 CMakeFiles/wifimqtt.dir/home/darlison/.pico-sdk/sdk/1.5.1/src/rp2_common/hardware_claim/claim.c.obj
                0x10001290                hw_claim_or_assert
 .text.hw_claim_unused_from_range
                0x100012d4       0x9c CMakeFiles/wifimqtt.dir/home/darlison/.pico-sdk/sdk/1.5.1/src/rp2_common/hardware_claim/claim.c.obj
                0x100012d4                hw_claim_unused_from_range
 .text.hw_claim_clear
                0x10001370       0x38 CMakeFiles/wifimqtt.dir/home/darlison/.pico-sdk/sdk/1.5.1/src/rp2_common/hardware_claim/claim.c.obj
                0x10001370                hw_claim_clear
 .text.spin_locks_reset
                0x100013a8       0x1c CMakeFiles/wifimqtt.dir/home/darlison/.pico-sdk/sdk/1.5.1/src/rp2_common/hardware_sync/sync.c.obj
                0x100013a8                spin_locks_reset
 .text.next_striped_spin_lock_num
                0x100013c4       0x18 CMakeFiles/wifimqtt.dir/home/darlison/.pico-sdk/sdk/1.5.1/src/rp2_common/hardware_sync/sync.c.obj
                0x100013c4                next_striped_spin_lock_num
 .text.spin_lock_claim_unused
                0x100013dc       0x24 CMakeFiles/wifimqtt.dir/home/darlison/.pico-sdk/sdk/1.5.1/src/rp2_common/hardware_sync/sync.c.obj
                0x100013dc                spin_lock_claim_unused
 .text.rom_func_lookup
                0x10001400       0x10 CMakeFiles/wifimqtt.dir/home/darlison/.pico-sdk/sdk/1.5.1/src/rp2_common/pico_bootrom/bootrom.c.obj
                0x10001400                rom_func_lookup
 .text.rom_data_lookup
                0x10001410       0x10 CMakeFiles/wifimqtt.dir/home/darlison/.pico-sdk/sdk/1.5.1/src/rp2_common/pico_bootrom/bootrom.c.obj
                0x10001410                rom_data_lookup
 .text.rom_funcs_lookup
                0x10001420       0x44 CMakeFiles/wifimqtt.dir/home/darlison/.pico-sdk/sdk/1.5.1/src/rp2_common/pico_bootrom/bootrom.c.obj
                0x10001420                rom_funcs_lookup
 .text.clocks_init
                0x10001464      0x2c8 CMakeFiles/wifimqtt.dir/home/darlison/.pico-sdk/sdk/1.5.1/src/rp2_common/hardware_clocks/clocks.c.obj
                0x10001464                clocks_init
 .text.clock_get_hz
                0x1000172c        0xc CMakeFiles/wifimqtt.dir/home/darlison/.pico-sdk/sdk/1.5.1/src/rp2_common/hardware_clocks/clocks.c.obj
                0x1000172c                clock_get_hz
 .text.gpio_default_irq_handler
                0x10001738      0x24c CMakeFiles/wifimqtt.dir/home/darlison/.pico-sdk/sdk/1.5.1/src/rp2_common/hardware_gpio/gpio.c.obj
 .text.gpio_set_function
                0x10001984       0x30 CMakeFiles/wifimqtt.dir/home/darlison/.pico-sdk/sdk/1.5.1/src/rp2_common/hardware_gpio/gpio.c.obj
                0x10001984                gpio_set_function
 .text.gpio_set_pulls
                0x100019b4       0x24 CMakeFiles/wifimqtt.dir/home/darlison/.pico-sdk/sdk/1.5.1/src/rp2_common/hardware_gpio/gpio.c.obj
                0x100019b4                gpio_set_pulls
 .text.gpio_set_input_hysteresis_enabled
                0x100019d8       0x28 CMakeFiles/wifimqtt.dir/home/darlison/.pico-sdk/sdk/1.5.1/src/rp2_common/hardware_gpio/gpio.c.obj
                0x100019d8                gpio_set_input_hysteresis_enabled
 .text.gpio_set_irq_enabled
                0x10001a00       0x54 CMakeFiles/wifimqtt.dir/home/darlison/.pico-sdk/sdk/1.5.1/src/rp2_common/hardware_gpio/gpio.c.obj
                0x10001a00                gpio_set_irq_enabled
 .text.gpio_set_irq_enabled_with_callback
                0x10001a54       0xc4 CMakeFiles/wifimqtt.dir/home/darlison/.pico-sdk/sdk/1.5.1/src/rp2_common/hardware_gpio/gpio.c.obj
                0x10001a54                gpio_set_irq_enabled_with_callback
 .text.gpio_add_raw_irq_handler_with_order_priority_masked
                0x10001b18       0x44 CMakeFiles/wifimqtt.dir/home/darlison/.pico-sdk/sdk/1.5.1/src/rp2_common/hardware_gpio/gpio.c.obj
                0x10001b18                gpio_add_raw_irq_handler_with_order_priority_masked
 .text.gpio_remove_raw_irq_handler_masked
                0x10001b5c       0x20 CMakeFiles/wifimqtt.dir/home/darlison/.pico-sdk/sdk/1.5.1/src/rp2_common/hardware_gpio/gpio.c.obj
                0x10001b5c                gpio_remove_raw_irq_handler_masked
 .text.gpio_init
                0x10001b7c       0x3c CMakeFiles/wifimqtt.dir/home/darlison/.pico-sdk/sdk/1.5.1/src/rp2_common/hardware_gpio/gpio.c.obj
                0x10001b7c                gpio_init
 .text.irq_set_enabled
                0x10001bb8       0x24 CMakeFiles/wifimqtt.dir/home/darlison/.pico-sdk/sdk/1.5.1/src/rp2_common/hardware_irq/irq.c.obj
                0x10001bb8                irq_set_enabled
 .text.irq_set_pending
                0x10001bdc       0x10 CMakeFiles/wifimqtt.dir/home/darlison/.pico-sdk/sdk/1.5.1/src/rp2_common/hardware_irq/irq.c.obj
                0x10001bdc                irq_set_pending
 .text.irq_has_shared_handler
                0x10001bec       0x2c CMakeFiles/wifimqtt.dir/home/darlison/.pico-sdk/sdk/1.5.1/src/rp2_common/hardware_irq/irq.c.obj
                0x10001bec                irq_has_shared_handler
 .text.irq_get_vtable_handler
                0x10001c18       0x10 CMakeFiles/wifimqtt.dir/home/darlison/.pico-sdk/sdk/1.5.1/src/rp2_common/hardware_irq/irq.c.obj
                0x10001c18                irq_get_vtable_handler
 .text.irq_set_exclusive_handler
                0x10001c28       0x54 CMakeFiles/wifimqtt.dir/home/darlison/.pico-sdk/sdk/1.5.1/src/rp2_common/hardware_irq/irq.c.obj
                0x10001c28                irq_set_exclusive_handler
 .text.irq_add_shared_handler
                0x10001c7c      0x1f4 CMakeFiles/wifimqtt.dir/home/darlison/.pico-sdk/sdk/1.5.1/src/rp2_common/hardware_irq/irq.c.obj
                0x10001c7c                irq_add_shared_handler
 .text.irq_remove_handler
                0x10001e70      0x1c4 CMakeFiles/wifimqtt.dir/home/darlison/.pico-sdk/sdk/1.5.1/src/rp2_common/hardware_irq/irq.c.obj
                0x10001e70                irq_remove_handler
 .text.irq_add_tail_to_free_list
                0x10002034       0xb4 CMakeFiles/wifimqtt.dir/home/darlison/.pico-sdk/sdk/1.5.1/src/rp2_common/hardware_irq/irq.c.obj
                0x10002034                irq_add_tail_to_free_list
 .text.irq_init_priorities
                0x100020e8       0x24 CMakeFiles/wifimqtt.dir/home/darlison/.pico-sdk/sdk/1.5.1/src/rp2_common/hardware_irq/irq.c.obj
                0x100020e8                irq_init_priorities
 .text.user_irq_claim_unused
                0x1000210c       0x2c CMakeFiles/wifimqtt.dir/home/darlison/.pico-sdk/sdk/1.5.1/src/rp2_common/hardware_irq/irq.c.obj
                0x1000210c                user_irq_claim_unused
 .text.sem_init
                0x10002138       0x20 CMakeFiles/wifimqtt.dir/home/darlison/.pico-sdk/sdk/1.5.1/src/common/pico_sync/sem.c.obj
                0x10002138                sem_init
 .text.lock_init
                0x10002158       0x10 CMakeFiles/wifimqtt.dir/home/darlison/.pico-sdk/sdk/1.5.1/src/common/pico_sync/lock_core.c.obj
                0x10002158                lock_init
 .text.mutex_init
                0x10002168       0x1c CMakeFiles/wifimqtt.dir/home/darlison/.pico-sdk/sdk/1.5.1/src/common/pico_sync/mutex.c.obj
                0x10002168                mutex_init
 .text.recursive_mutex_init
                0x10002184       0x1c CMakeFiles/wifimqtt.dir/home/darlison/.pico-sdk/sdk/1.5.1/src/common/pico_sync/mutex.c.obj
                0x10002184                recursive_mutex_init
 .text.critical_section_init
                0x100021a0       0x1c CMakeFiles/wifimqtt.dir/home/darlison/.pico-sdk/sdk/1.5.1/src/common/pico_sync/critical_section.c.obj
                0x100021a0                critical_section_init
 .text.critical_section_init_with_lock_num
                0x100021bc       0x14 CMakeFiles/wifimqtt.dir/home/darlison/.pico-sdk/sdk/1.5.1/src/common/pico_sync/critical_section.c.obj
                0x100021bc                critical_section_init_with_lock_num
 .text.timer_pool_entry_comparator
                0x100021d0       0x34 CMakeFiles/wifimqtt.dir/home/darlison/.pico-sdk/sdk/1.5.1/src/common/pico_time/time.c.obj
                0x100021d0                timer_pool_entry_comparator
 .text.sleep_until_callback
                0x10002204       0x30 CMakeFiles/wifimqtt.dir/home/darlison/.pico-sdk/sdk/1.5.1/src/common/pico_time/time.c.obj
 .text.add_alarm_under_lock.isra.0
                0x10002234      0x100 CMakeFiles/wifimqtt.dir/home/darlison/.pico-sdk/sdk/1.5.1/src/common/pico_time/time.c.obj
 .text.alarm_pool_alarm_callback
                0x10002334      0x1c0 CMakeFiles/wifimqtt.dir/home/darlison/.pico-sdk/sdk/1.5.1/src/common/pico_time/time.c.obj
 .text.alarm_pool_init_default
                0x100024f4       0x6c CMakeFiles/wifimqtt.dir/home/darlison/.pico-sdk/sdk/1.5.1/src/common/pico_time/time.c.obj
                0x100024f4                alarm_pool_init_default
 .text.alarm_pool_get_default
                0x10002560        0x8 CMakeFiles/wifimqtt.dir/home/darlison/.pico-sdk/sdk/1.5.1/src/common/pico_time/time.c.obj
                0x10002560                alarm_pool_get_default
 .text.alarm_pool_add_alarm_at
                0x10002568      0x17c CMakeFiles/wifimqtt.dir/home/darlison/.pico-sdk/sdk/1.5.1/src/common/pico_time/time.c.obj
                0x10002568                alarm_pool_add_alarm_at
 .text.alarm_pool_core_num
                0x100026e4        0x4 CMakeFiles/wifimqtt.dir/home/darlison/.pico-sdk/sdk/1.5.1/src/common/pico_time/time.c.obj
                0x100026e4                alarm_pool_core_num
 .text.sleep_until
                0x100026e8       0xc4 CMakeFiles/wifimqtt.dir/home/darlison/.pico-sdk/sdk/1.5.1/src/common/pico_time/time.c.obj
                0x100026e8                sleep_until
 .text.sleep_ms
                0x100027ac       0x38 CMakeFiles/wifimqtt.dir/home/darlison/.pico-sdk/sdk/1.5.1/src/common/pico_time/time.c.obj
                0x100027ac                sleep_ms
 .text.best_effort_wfe_or_timeout
                0x100027e4       0xcc CMakeFiles/wifimqtt.dir/home/darlison/.pico-sdk/sdk/1.5.1/src/common/pico_time/time.c.obj
                0x100027e4                best_effort_wfe_or_timeout
 .text.hardware_alarm_irq_handler
                0x100028b0       0xbc CMakeFiles/wifimqtt.dir/home/darlison/.pico-sdk/sdk/1.5.1/src/rp2_common/hardware_timer/timer.c.obj
 .text.hardware_alarm_claim
                0x1000296c       0x18 CMakeFiles/wifimqtt.dir/home/darlison/.pico-sdk/sdk/1.5.1/src/rp2_common/hardware_timer/timer.c.obj
                0x1000296c                hardware_alarm_claim
 .text.time_us_64
                0x10002984       0x14 CMakeFiles/wifimqtt.dir/home/darlison/.pico-sdk/sdk/1.5.1/src/rp2_common/hardware_timer/timer.c.obj
                0x10002984                time_us_64
 .text.busy_wait_us
                0x10002998       0x68 CMakeFiles/wifimqtt.dir/home/darlison/.pico-sdk/sdk/1.5.1/src/rp2_common/hardware_timer/timer.c.obj
                0x10002998                busy_wait_us
 .text.busy_wait_until
                0x10002a00       0x20 CMakeFiles/wifimqtt.dir/home/darlison/.pico-sdk/sdk/1.5.1/src/rp2_common/hardware_timer/timer.c.obj
                0x10002a00                busy_wait_until
 .text.hardware_alarm_set_callback
                0x10002a20       0x8c CMakeFiles/wifimqtt.dir/home/darlison/.pico-sdk/sdk/1.5.1/src/rp2_common/hardware_timer/timer.c.obj
                0x10002a20                hardware_alarm_set_callback
 .text.hardware_alarm_set_target
                0x10002aac       0xd0 CMakeFiles/wifimqtt.dir/home/darlison/.pico-sdk/sdk/1.5.1/src/rp2_common/hardware_timer/timer.c.obj
                0x10002aac                hardware_alarm_set_target
 .text.hardware_alarm_cancel
                0x10002b7c       0x3c CMakeFiles/wifimqtt.dir/home/darlison/.pico-sdk/sdk/1.5.1/src/rp2_common/hardware_timer/timer.c.obj
                0x10002b7c                hardware_alarm_cancel
 .text.ph_merge_nodes
                0x10002bb8       0x58 CMakeFiles/wifimqtt.dir/home/darlison/.pico-sdk/sdk/1.5.1/src/common/pico_util/pheap.c.obj
 .text.ph_post_alloc_init
                0x10002c10       0x3c CMakeFiles/wifimqtt.dir/home/darlison/.pico-sdk/sdk/1.5.1/src/common/pico_util/pheap.c.obj
                0x10002c10                ph_post_alloc_init
 .text.ph_merge_two_pass
                0x10002c4c       0x8c CMakeFiles/wifimqtt.dir/home/darlison/.pico-sdk/sdk/1.5.1/src/common/pico_util/pheap.c.obj
                0x10002c4c                ph_merge_two_pass
 .text.ph_remove_any_head
                0x10002cd8      0x100 CMakeFiles/wifimqtt.dir/home/darlison/.pico-sdk/sdk/1.5.1/src/common/pico_util/pheap.c.obj
 .text.ph_remove_head
                0x10002dd8      0x104 CMakeFiles/wifimqtt.dir/home/darlison/.pico-sdk/sdk/1.5.1/src/common/pico_util/pheap.c.obj
                0x10002dd8                ph_remove_head
 .text.ph_remove_and_free_node
                0x10002edc       0x78 CMakeFiles/wifimqtt.dir/home/darlison/.pico-sdk/sdk/1.5.1/src/common/pico_util/pheap.c.obj
                0x10002edc                ph_remove_and_free_node
 .text.pll_init
                0x10002f54       0xa4 CMakeFiles/wifimqtt.dir/home/darlison/.pico-sdk/sdk/1.5.1/src/rp2_common/hardware_pll/pll.c.obj
                0x10002f54                pll_init
 .text.watchdog_start_tick
                0x10002ff8       0x10 CMakeFiles/wifimqtt.dir/home/darlison/.pico-sdk/sdk/1.5.1/src/rp2_common/hardware_watchdog/watchdog.c.obj
                0x10002ff8                watchdog_start_tick
 .text.watchdog_reboot
                0x10003008       0x9c CMakeFiles/wifimqtt.dir/home/darlison/.pico-sdk/sdk/1.5.1/src/rp2_common/hardware_watchdog/watchdog.c.obj
                0x10003008                watchdog_reboot
 .text.xosc_init
                0x100030a4       0x28 CMakeFiles/wifimqtt.dir/home/darlison/.pico-sdk/sdk/1.5.1/src/rp2_common/hardware_xosc/xosc.c.obj
                0x100030a4                xosc_init
 .text.lwip_init
                0x100030cc       0x24 CMakeFiles/wifimqtt.dir/home/darlison/.pico-sdk/sdk/1.5.1/lib/lwip/src/core/init.c.obj
                0x100030cc                lwip_init
 .text.lwip_htons
                0x100030f0        0x8 CMakeFiles/wifimqtt.dir/home/darlison/.pico-sdk/sdk/1.5.1/lib/lwip/src/core/def.c.obj
                0x100030f0                lwip_htons
 .text.lwip_htonl
                0x100030f8        0x4 CMakeFiles/wifimqtt.dir/home/darlison/.pico-sdk/sdk/1.5.1/lib/lwip/src/core/def.c.obj
                0x100030f8                lwip_htonl
 .text.lwip_strnicmp
                0x100030fc       0x40 CMakeFiles/wifimqtt.dir/home/darlison/.pico-sdk/sdk/1.5.1/lib/lwip/src/core/def.c.obj
                0x100030fc                lwip_strnicmp
 .text.dns_call_found
                0x1000313c      0x184 CMakeFiles/wifimqtt.dir/home/darlison/.pico-sdk/sdk/1.5.1/lib/lwip/src/core/dns.c.obj
 .text.dns_send.isra.0
                0x100032c0      0x174 CMakeFiles/wifimqtt.dir/home/darlison/.pico-sdk/sdk/1.5.1/lib/lwip/src/core/dns.c.obj
 .text.dns_check_entry
                0x10003434      0x130 CMakeFiles/wifimqtt.dir/home/darlison/.pico-sdk/sdk/1.5.1/lib/lwip/src/core/dns.c.obj
 .text.dns_recv
                0x10003564      0x380 CMakeFiles/wifimqtt.dir/home/darlison/.pico-sdk/sdk/1.5.1/lib/lwip/src/core/dns.c.obj
 .text.dns_init
                0x100038e4        0x4 CMakeFiles/wifimqtt.dir/home/darlison/.pico-sdk/sdk/1.5.1/lib/lwip/src/core/dns.c.obj
                0x100038e4                dns_init
 .text.dns_setserver
                0x100038e8       0x24 CMakeFiles/wifimqtt.dir/home/darlison/.pico-sdk/sdk/1.5.1/lib/lwip/src/core/dns.c.obj
                0x100038e8                dns_setserver
 .text.dns_tmr  0x1000390c      0x140 CMakeFiles/wifimqtt.dir/home/darlison/.pico-sdk/sdk/1.5.1/lib/lwip/src/core/dns.c.obj
                0x1000390c                dns_tmr
 .text.dns_gethostbyname_addrtype
                0x10003a4c      0x5e0 CMakeFiles/wifimqtt.dir/home/darlison/.pico-sdk/sdk/1.5.1/lib/lwip/src/core/dns.c.obj
                0x10003a4c                dns_gethostbyname_addrtype
 .text.dns_gethostbyname
                0x1000402c       0x10 CMakeFiles/wifimqtt.dir/home/darlison/.pico-sdk/sdk/1.5.1/lib/lwip/src/core/dns.c.obj
                0x1000402c                dns_gethostbyname
 .text.lwip_standard_chksum
                0x1000403c       0xdc CMakeFiles/wifimqtt.dir/home/darlison/.pico-sdk/sdk/1.5.1/lib/lwip/src/core/inet_chksum.c.obj
                0x1000403c                lwip_standard_chksum
 .text.inet_chksum_pseudo
                0x10004118       0xbc CMakeFiles/wifimqtt.dir/home/darlison/.pico-sdk/sdk/1.5.1/lib/lwip/src/core/inet_chksum.c.obj
                0x10004118                inet_chksum_pseudo
 .text.ip_chksum_pseudo
                0x100041d4       0x10 CMakeFiles/wifimqtt.dir/home/darlison/.pico-sdk/sdk/1.5.1/lib/lwip/src/core/inet_chksum.c.obj
                0x100041d4                ip_chksum_pseudo
 .text.inet_chksum
                0x100041e4        0xc CMakeFiles/wifimqtt.dir/home/darlison/.pico-sdk/sdk/1.5.1/lib/lwip/src/core/inet_chksum.c.obj
                0x100041e4                inet_chksum
 .text.inet_chksum_pbuf
                0x100041f0       0x78 CMakeFiles/wifimqtt.dir/home/darlison/.pico-sdk/sdk/1.5.1/lib/lwip/src/core/inet_chksum.c.obj
                0x100041f0                inet_chksum_pbuf
 .text.mem_init
                0x10004268        0x4 CMakeFiles/wifimqtt.dir/home/darlison/.pico-sdk/sdk/1.5.1/lib/lwip/src/core/mem.c.obj
                0x10004268                mem_init
 .text.mem_trim
                0x1000426c        0x4 CMakeFiles/wifimqtt.dir/home/darlison/.pico-sdk/sdk/1.5.1/lib/lwip/src/core/mem.c.obj
                0x1000426c                mem_trim
 .text.mem_malloc
                0x10004270       0x2c CMakeFiles/wifimqtt.dir/home/darlison/.pico-sdk/sdk/1.5.1/lib/lwip/src/core/mem.c.obj
                0x10004270                mem_malloc
 .text.mem_free
                0x1000429c       0x2c CMakeFiles/wifimqtt.dir/home/darlison/.pico-sdk/sdk/1.5.1/lib/lwip/src/core/mem.c.obj
                0x1000429c                mem_free
 .text.mem_calloc
                0x100042c8        0x8 CMakeFiles/wifimqtt.dir/home/darlison/.pico-sdk/sdk/1.5.1/lib/lwip/src/core/mem.c.obj
                0x100042c8                mem_calloc
 .text.memp_init
                0x100042d0       0x6c CMakeFiles/wifimqtt.dir/home/darlison/.pico-sdk/sdk/1.5.1/lib/lwip/src/core/memp.c.obj
                0x100042d0                memp_init
 .text.memp_malloc
                0x1000433c       0x40 CMakeFiles/wifimqtt.dir/home/darlison/.pico-sdk/sdk/1.5.1/lib/lwip/src/core/memp.c.obj
                0x1000433c                memp_malloc
 .text.memp_free
                0x1000437c       0x38 CMakeFiles/wifimqtt.dir/home/darlison/.pico-sdk/sdk/1.5.1/lib/lwip/src/core/memp.c.obj
                0x1000437c                memp_free
 .text.netif_null_output_ip4
                0x100043b4        0x8 CMakeFiles/wifimqtt.dir/home/darlison/.pico-sdk/sdk/1.5.1/lib/lwip/src/core/netif.c.obj
 .text.netif_do_set_ipaddr.isra.0
                0x100043bc       0x60 CMakeFiles/wifimqtt.dir/home/darlison/.pico-sdk/sdk/1.5.1/lib/lwip/src/core/netif.c.obj
 .text.netif_init
                0x1000441c        0x4 CMakeFiles/wifimqtt.dir/home/darlison/.pico-sdk/sdk/1.5.1/lib/lwip/src/core/netif.c.obj
                0x1000441c                netif_init
 .text.netif_add
                0x10004420      0x16c CMakeFiles/wifimqtt.dir/home/darlison/.pico-sdk/sdk/1.5.1/lib/lwip/src/core/netif.c.obj
                0x10004420                netif_add
 .text.netif_set_addr
                0x1000458c       0xb4 CMakeFiles/wifimqtt.dir/home/darlison/.pico-sdk/sdk/1.5.1/lib/lwip/src/core/netif.c.obj
                0x1000458c                netif_set_addr
 .text.netif_remove
                0x10004640       0x94 CMakeFiles/wifimqtt.dir/home/darlison/.pico-sdk/sdk/1.5.1/lib/lwip/src/core/netif.c.obj
                0x10004640                netif_remove
 .text.netif_set_default
                0x100046d4        0xc CMakeFiles/wifimqtt.dir/home/darlison/.pico-sdk/sdk/1.5.1/lib/lwip/src/core/netif.c.obj
                0x100046d4                netif_set_default
 .text.netif_set_up
                0x100046e0       0x40 CMakeFiles/wifimqtt.dir/home/darlison/.pico-sdk/sdk/1.5.1/lib/lwip/src/core/netif.c.obj
                0x100046e0                netif_set_up
 .text.netif_set_link_up
                0x10004720       0x44 CMakeFiles/wifimqtt.dir/home/darlison/.pico-sdk/sdk/1.5.1/lib/lwip/src/core/netif.c.obj
                0x10004720                netif_set_link_up
 .text.netif_set_link_down
                0x10004764       0x20 CMakeFiles/wifimqtt.dir/home/darlison/.pico-sdk/sdk/1.5.1/lib/lwip/src/core/netif.c.obj
                0x10004764                netif_set_link_down
 .text.netif_get_by_index
                0x10004784       0x2c CMakeFiles/wifimqtt.dir/home/darlison/.pico-sdk/sdk/1.5.1/lib/lwip/src/core/netif.c.obj
                0x10004784                netif_get_by_index
 .text.pbuf_free.part.0
                0x100047b0       0x7c CMakeFiles/wifimqtt.dir/home/darlison/.pico-sdk/sdk/1.5.1/lib/lwip/src/core/pbuf.c.obj
 .text.pbuf_free_ooseq
                0x1000482c       0x34 CMakeFiles/wifimqtt.dir/home/darlison/.pico-sdk/sdk/1.5.1/lib/lwip/src/core/pbuf.c.obj
                0x1000482c                pbuf_free_ooseq
 .text.pbuf_alloc
                0x10004860      0x12c CMakeFiles/wifimqtt.dir/home/darlison/.pico-sdk/sdk/1.5.1/lib/lwip/src/core/pbuf.c.obj
                0x10004860                pbuf_alloc
 .text.pbuf_realloc
                0x1000498c       0x84 CMakeFiles/wifimqtt.dir/home/darlison/.pico-sdk/sdk/1.5.1/lib/lwip/src/core/pbuf.c.obj
                0x1000498c                pbuf_realloc
 .text.pbuf_add_header
                0x10004a10       0x50 CMakeFiles/wifimqtt.dir/home/darlison/.pico-sdk/sdk/1.5.1/lib/lwip/src/core/pbuf.c.obj
                0x10004a10                pbuf_add_header
 .text.pbuf_remove_header
                0x10004a60       0x3c CMakeFiles/wifimqtt.dir/home/darlison/.pico-sdk/sdk/1.5.1/lib/lwip/src/core/pbuf.c.obj
                0x10004a60                pbuf_remove_header
 .text.pbuf_header_force
                0x10004a9c       0x68 CMakeFiles/wifimqtt.dir/home/darlison/.pico-sdk/sdk/1.5.1/lib/lwip/src/core/pbuf.c.obj
                0x10004a9c                pbuf_header_force
 .text.pbuf_free
                0x10004b04       0x18 CMakeFiles/wifimqtt.dir/home/darlison/.pico-sdk/sdk/1.5.1/lib/lwip/src/core/pbuf.c.obj
                0x10004b04                pbuf_free
 .text.pbuf_clen
                0x10004b1c       0x14 CMakeFiles/wifimqtt.dir/home/darlison/.pico-sdk/sdk/1.5.1/lib/lwip/src/core/pbuf.c.obj
                0x10004b1c                pbuf_clen
 .text.pbuf_ref
                0x10004b30       0x28 CMakeFiles/wifimqtt.dir/home/darlison/.pico-sdk/sdk/1.5.1/lib/lwip/src/core/pbuf.c.obj
                0x10004b30                pbuf_ref
 .text.pbuf_cat
                0x10004b58       0x44 CMakeFiles/wifimqtt.dir/home/darlison/.pico-sdk/sdk/1.5.1/lib/lwip/src/core/pbuf.c.obj
                0x10004b58                pbuf_cat
 .text.pbuf_chain
                0x10004b9c       0x64 CMakeFiles/wifimqtt.dir/home/darlison/.pico-sdk/sdk/1.5.1/lib/lwip/src/core/pbuf.c.obj
                0x10004b9c                pbuf_chain
 .text.pbuf_copy_partial_pbuf
                0x10004c00      0x148 CMakeFiles/wifimqtt.dir/home/darlison/.pico-sdk/sdk/1.5.1/lib/lwip/src/core/pbuf.c.obj
                0x10004c00                pbuf_copy_partial_pbuf
 .text.pbuf_copy
                0x10004d48       0x18 CMakeFiles/wifimqtt.dir/home/darlison/.pico-sdk/sdk/1.5.1/lib/lwip/src/core/pbuf.c.obj
                0x10004d48                pbuf_copy
 .text.pbuf_copy_partial
                0x10004d60       0x68 CMakeFiles/wifimqtt.dir/home/darlison/.pico-sdk/sdk/1.5.1/lib/lwip/src/core/pbuf.c.obj
                0x10004d60                pbuf_copy_partial
 .text.pbuf_get_contiguous
                0x10004dc8       0x9c CMakeFiles/wifimqtt.dir/home/darlison/.pico-sdk/sdk/1.5.1/lib/lwip/src/core/pbuf.c.obj
                0x10004dc8                pbuf_get_contiguous
 .text.pbuf_take
                0x10004e64       0x78 CMakeFiles/wifimqtt.dir/home/darlison/.pico-sdk/sdk/1.5.1/lib/lwip/src/core/pbuf.c.obj
                0x10004e64                pbuf_take
 .text.pbuf_take_at
                0x10004edc       0xcc CMakeFiles/wifimqtt.dir/home/darlison/.pico-sdk/sdk/1.5.1/lib/lwip/src/core/pbuf.c.obj
                0x10004edc                pbuf_take_at
 .text.pbuf_clone
                0x10004fa8       0x30 CMakeFiles/wifimqtt.dir/home/darlison/.pico-sdk/sdk/1.5.1/lib/lwip/src/core/pbuf.c.obj
                0x10004fa8                pbuf_clone
 .text.pbuf_get_at
                0x10004fd8       0x20 CMakeFiles/wifimqtt.dir/home/darlison/.pico-sdk/sdk/1.5.1/lib/lwip/src/core/pbuf.c.obj
                0x10004fd8                pbuf_get_at
 .text.pbuf_try_get_at
                0x10004ff8       0x28 CMakeFiles/wifimqtt.dir/home/darlison/.pico-sdk/sdk/1.5.1/lib/lwip/src/core/pbuf.c.obj
                0x10004ff8                pbuf_try_get_at
 .text.pbuf_put_at
                0x10005020       0x1c CMakeFiles/wifimqtt.dir/home/darlison/.pico-sdk/sdk/1.5.1/lib/lwip/src/core/pbuf.c.obj
                0x10005020                pbuf_put_at
 .text.raw_input
                0x1000503c      0x164 CMakeFiles/wifimqtt.dir/home/darlison/.pico-sdk/sdk/1.5.1/lib/lwip/src/core/raw.c.obj
                0x1000503c                raw_input
 .text.raw_netif_ip_addr_changed
                0x100051a0       0x40 CMakeFiles/wifimqtt.dir/home/darlison/.pico-sdk/sdk/1.5.1/lib/lwip/src/core/raw.c.obj
                0x100051a0                raw_netif_ip_addr_changed
 .text.stats_init
                0x100051e0        0x4 CMakeFiles/wifimqtt.dir/home/darlison/.pico-sdk/sdk/1.5.1/lib/lwip/src/core/stats.c.obj
                0x100051e0                stats_init
 .text.altcp_alloc
                0x100051e4       0x18 CMakeFiles/wifimqtt.dir/home/darlison/.pico-sdk/sdk/1.5.1/lib/lwip/src/core/altcp.c.obj
                0x100051e4                altcp_alloc
 .text.altcp_free
                0x100051fc       0x20 CMakeFiles/wifimqtt.dir/home/darlison/.pico-sdk/sdk/1.5.1/lib/lwip/src/core/altcp.c.obj
                0x100051fc                altcp_free
 .text.altcp_arg
                0x1000521c        0x8 CMakeFiles/wifimqtt.dir/home/darlison/.pico-sdk/sdk/1.5.1/lib/lwip/src/core/altcp.c.obj
                0x1000521c                altcp_arg
 .text.altcp_accept
                0x10005224        0x8 CMakeFiles/wifimqtt.dir/home/darlison/.pico-sdk/sdk/1.5.1/lib/lwip/src/core/altcp.c.obj
                0x10005224                altcp_accept
 .text.altcp_recv
                0x1000522c        0x8 CMakeFiles/wifimqtt.dir/home/darlison/.pico-sdk/sdk/1.5.1/lib/lwip/src/core/altcp.c.obj
                0x1000522c                altcp_recv
 .text.altcp_sent
                0x10005234        0x8 CMakeFiles/wifimqtt.dir/home/darlison/.pico-sdk/sdk/1.5.1/lib/lwip/src/core/altcp.c.obj
                0x10005234                altcp_sent
 .text.altcp_poll
                0x1000523c       0x20 CMakeFiles/wifimqtt.dir/home/darlison/.pico-sdk/sdk/1.5.1/lib/lwip/src/core/altcp.c.obj
                0x1000523c                altcp_poll
 .text.altcp_err
                0x1000525c        0x8 CMakeFiles/wifimqtt.dir/home/darlison/.pico-sdk/sdk/1.5.1/lib/lwip/src/core/altcp.c.obj
                0x1000525c                altcp_err
 .text.altcp_recved
                0x10005264       0x18 CMakeFiles/wifimqtt.dir/home/darlison/.pico-sdk/sdk/1.5.1/lib/lwip/src/core/altcp.c.obj
                0x10005264                altcp_recved
 .text.altcp_bind
                0x1000527c       0x1c CMakeFiles/wifimqtt.dir/home/darlison/.pico-sdk/sdk/1.5.1/lib/lwip/src/core/altcp.c.obj
                0x1000527c                altcp_bind
 .text.altcp_connect
                0x10005298       0x1c CMakeFiles/wifimqtt.dir/home/darlison/.pico-sdk/sdk/1.5.1/lib/lwip/src/core/altcp.c.obj
                0x10005298                altcp_connect
 .text.altcp_listen_with_backlog_and_err
                0x100052b4       0x20 CMakeFiles/wifimqtt.dir/home/darlison/.pico-sdk/sdk/1.5.1/lib/lwip/src/core/altcp.c.obj
                0x100052b4                altcp_listen_with_backlog_and_err
 .text.altcp_abort
                0x100052d4       0x18 CMakeFiles/wifimqtt.dir/home/darlison/.pico-sdk/sdk/1.5.1/lib/lwip/src/core/altcp.c.obj
                0x100052d4                altcp_abort
 .text.altcp_close
                0x100052ec       0x1c CMakeFiles/wifimqtt.dir/home/darlison/.pico-sdk/sdk/1.5.1/lib/lwip/src/core/altcp.c.obj
                0x100052ec                altcp_close
 .text.altcp_write
                0x10005308       0x1c CMakeFiles/wifimqtt.dir/home/darlison/.pico-sdk/sdk/1.5.1/lib/lwip/src/core/altcp.c.obj
                0x10005308                altcp_write
 .text.altcp_output
                0x10005324       0x1c CMakeFiles/wifimqtt.dir/home/darlison/.pico-sdk/sdk/1.5.1/lib/lwip/src/core/altcp.c.obj
                0x10005324                altcp_output
 .text.altcp_mss
                0x10005340       0x20 CMakeFiles/wifimqtt.dir/home/darlison/.pico-sdk/sdk/1.5.1/lib/lwip/src/core/altcp.c.obj
                0x10005340                altcp_mss
 .text.altcp_sndbuf
                0x10005360       0x20 CMakeFiles/wifimqtt.dir/home/darlison/.pico-sdk/sdk/1.5.1/lib/lwip/src/core/altcp.c.obj
                0x10005360                altcp_sndbuf
 .text.altcp_default_bind
                0x10005380       0x24 CMakeFiles/wifimqtt.dir/home/darlison/.pico-sdk/sdk/1.5.1/lib/lwip/src/core/altcp.c.obj
                0x10005380                altcp_default_bind
 .text.altcp_default_shutdown
                0x100053a4       0x3c CMakeFiles/wifimqtt.dir/home/darlison/.pico-sdk/sdk/1.5.1/lib/lwip/src/core/altcp.c.obj
                0x100053a4                altcp_default_shutdown
 .text.altcp_default_output
                0x100053e0       0x24 CMakeFiles/wifimqtt.dir/home/darlison/.pico-sdk/sdk/1.5.1/lib/lwip/src/core/altcp.c.obj
                0x100053e0                altcp_default_output
 .text.altcp_default_sndbuf
                0x10005404       0x24 CMakeFiles/wifimqtt.dir/home/darlison/.pico-sdk/sdk/1.5.1/lib/lwip/src/core/altcp.c.obj
                0x10005404                altcp_default_sndbuf
 .text.altcp_default_sndqueuelen
                0x10005428       0x24 CMakeFiles/wifimqtt.dir/home/darlison/.pico-sdk/sdk/1.5.1/lib/lwip/src/core/altcp.c.obj
                0x10005428                altcp_default_sndqueuelen
 .text.altcp_default_nagle_disable
                0x1000544c       0x1c CMakeFiles/wifimqtt.dir/home/darlison/.pico-sdk/sdk/1.5.1/lib/lwip/src/core/altcp.c.obj
                0x1000544c                altcp_default_nagle_disable
 .text.altcp_default_nagle_enable
                0x10005468       0x1c CMakeFiles/wifimqtt.dir/home/darlison/.pico-sdk/sdk/1.5.1/lib/lwip/src/core/altcp.c.obj
                0x10005468                altcp_default_nagle_enable
 .text.altcp_default_nagle_disabled
                0x10005484       0x24 CMakeFiles/wifimqtt.dir/home/darlison/.pico-sdk/sdk/1.5.1/lib/lwip/src/core/altcp.c.obj
                0x10005484                altcp_default_nagle_disabled
 .text.altcp_default_setprio
                0x100054a8       0x1c CMakeFiles/wifimqtt.dir/home/darlison/.pico-sdk/sdk/1.5.1/lib/lwip/src/core/altcp.c.obj
                0x100054a8                altcp_default_setprio
 .text.altcp_default_get_tcp_addrinfo
                0x100054c4       0x24 CMakeFiles/wifimqtt.dir/home/darlison/.pico-sdk/sdk/1.5.1/lib/lwip/src/core/altcp.c.obj
                0x100054c4                altcp_default_get_tcp_addrinfo
 .text.altcp_default_get_ip
                0x100054e8       0x20 CMakeFiles/wifimqtt.dir/home/darlison/.pico-sdk/sdk/1.5.1/lib/lwip/src/core/altcp.c.obj
                0x100054e8                altcp_default_get_ip
 .text.altcp_default_get_port
                0x10005508       0x24 CMakeFiles/wifimqtt.dir/home/darlison/.pico-sdk/sdk/1.5.1/lib/lwip/src/core/altcp.c.obj
                0x10005508                altcp_default_get_port
 .text.altcp_default_keepalive_disable
                0x1000552c       0x1c CMakeFiles/wifimqtt.dir/home/darlison/.pico-sdk/sdk/1.5.1/lib/lwip/src/core/altcp.c.obj
                0x1000552c                altcp_default_keepalive_disable
 .text.altcp_default_keepalive_enable
                0x10005548       0x1c CMakeFiles/wifimqtt.dir/home/darlison/.pico-sdk/sdk/1.5.1/lib/lwip/src/core/altcp.c.obj
                0x10005548                altcp_default_keepalive_enable
 .text.altcp_tls_new
                0x10005564       0x2c CMakeFiles/wifimqtt.dir/home/darlison/.pico-sdk/sdk/1.5.1/lib/lwip/src/core/altcp_alloc.c.obj
                0x10005564                altcp_tls_new
 .text.altcp_tcp_err
                0x10005590       0x1c CMakeFiles/wifimqtt.dir/home/darlison/.pico-sdk/sdk/1.5.1/lib/lwip/src/core/altcp_tcp.c.obj
 .text.altcp_tcp_get_port
                0x100055ac       0x2c CMakeFiles/wifimqtt.dir/home/darlison/.pico-sdk/sdk/1.5.1/lib/lwip/src/core/altcp_tcp.c.obj
 .text.altcp_tcp_get_ip
                0x100055d8       0x2c CMakeFiles/wifimqtt.dir/home/darlison/.pico-sdk/sdk/1.5.1/lib/lwip/src/core/altcp_tcp.c.obj
 .text.altcp_tcp_nagle_disabled
                0x10005604       0x28 CMakeFiles/wifimqtt.dir/home/darlison/.pico-sdk/sdk/1.5.1/lib/lwip/src/core/altcp_tcp.c.obj
 .text.altcp_tcp_sndqueuelen
                0x1000562c       0x24 CMakeFiles/wifimqtt.dir/home/darlison/.pico-sdk/sdk/1.5.1/lib/lwip/src/core/altcp_tcp.c.obj
 .text.altcp_tcp_sndbuf
                0x10005650       0x24 CMakeFiles/wifimqtt.dir/home/darlison/.pico-sdk/sdk/1.5.1/lib/lwip/src/core/altcp_tcp.c.obj
 .text.altcp_tcp_mss
                0x10005674       0x20 CMakeFiles/wifimqtt.dir/home/darlison/.pico-sdk/sdk/1.5.1/lib/lwip/src/core/altcp_tcp.c.obj
 .text.altcp_tcp_get_tcp_addrinfo
                0x10005694       0x24 CMakeFiles/wifimqtt.dir/home/darlison/.pico-sdk/sdk/1.5.1/lib/lwip/src/core/altcp_tcp.c.obj
 .text.altcp_tcp_output
                0x100056b8       0x24 CMakeFiles/wifimqtt.dir/home/darlison/.pico-sdk/sdk/1.5.1/lib/lwip/src/core/altcp_tcp.c.obj
 .text.altcp_tcp_write
                0x100056dc       0x24 CMakeFiles/wifimqtt.dir/home/darlison/.pico-sdk/sdk/1.5.1/lib/lwip/src/core/altcp_tcp.c.obj
 .text.altcp_tcp_shutdown
                0x10005700       0x24 CMakeFiles/wifimqtt.dir/home/darlison/.pico-sdk/sdk/1.5.1/lib/lwip/src/core/altcp_tcp.c.obj
 .text.altcp_tcp_listen
                0x10005724       0x34 CMakeFiles/wifimqtt.dir/home/darlison/.pico-sdk/sdk/1.5.1/lib/lwip/src/core/altcp_tcp.c.obj
 .text.altcp_tcp_connect
                0x10005758       0x2c CMakeFiles/wifimqtt.dir/home/darlison/.pico-sdk/sdk/1.5.1/lib/lwip/src/core/altcp_tcp.c.obj
 .text.altcp_tcp_bind
                0x10005784       0x24 CMakeFiles/wifimqtt.dir/home/darlison/.pico-sdk/sdk/1.5.1/lib/lwip/src/core/altcp_tcp.c.obj
 .text.altcp_tcp_close
                0x100057a8       0xb8 CMakeFiles/wifimqtt.dir/home/darlison/.pico-sdk/sdk/1.5.1/lib/lwip/src/core/altcp_tcp.c.obj
 .text.altcp_tcp_sent
                0x10005860       0x3c CMakeFiles/wifimqtt.dir/home/darlison/.pico-sdk/sdk/1.5.1/lib/lwip/src/core/altcp_tcp.c.obj
 .text.altcp_tcp_keepalive_enable.part.0
                0x1000589c        0xc CMakeFiles/wifimqtt.dir/home/darlison/.pico-sdk/sdk/1.5.1/lib/lwip/src/core/altcp_tcp.c.obj
 .text.altcp_tcp_keepalive_enable
                0x100058a8       0x48 CMakeFiles/wifimqtt.dir/home/darlison/.pico-sdk/sdk/1.5.1/lib/lwip/src/core/altcp_tcp.c.obj
 .text.altcp_tcp_keepalive_disable
                0x100058f0       0x20 CMakeFiles/wifimqtt.dir/home/darlison/.pico-sdk/sdk/1.5.1/lib/lwip/src/core/altcp_tcp.c.obj
 .text.altcp_tcp_dealloc
                0x10005910       0x14 CMakeFiles/wifimqtt.dir/home/darlison/.pico-sdk/sdk/1.5.1/lib/lwip/src/core/altcp_tcp.c.obj
 .text.altcp_tcp_nagle_enable
                0x10005924       0x20 CMakeFiles/wifimqtt.dir/home/darlison/.pico-sdk/sdk/1.5.1/lib/lwip/src/core/altcp_tcp.c.obj
 .text.altcp_tcp_nagle_disable
                0x10005944       0x20 CMakeFiles/wifimqtt.dir/home/darlison/.pico-sdk/sdk/1.5.1/lib/lwip/src/core/altcp_tcp.c.obj
 .text.altcp_tcp_connected
                0x10005964       0x3c CMakeFiles/wifimqtt.dir/home/darlison/.pico-sdk/sdk/1.5.1/lib/lwip/src/core/altcp_tcp.c.obj
 .text.altcp_tcp_poll
                0x100059a0       0x3c CMakeFiles/wifimqtt.dir/home/darlison/.pico-sdk/sdk/1.5.1/lib/lwip/src/core/altcp_tcp.c.obj
 .text.altcp_tcp_recv
                0x100059dc       0x44 CMakeFiles/wifimqtt.dir/home/darlison/.pico-sdk/sdk/1.5.1/lib/lwip/src/core/altcp_tcp.c.obj
 .text.altcp_tcp_setprio
                0x10005a20       0x1c CMakeFiles/wifimqtt.dir/home/darlison/.pico-sdk/sdk/1.5.1/lib/lwip/src/core/altcp_tcp.c.obj
 .text.altcp_tcp_set_poll
                0x10005a3c       0x24 CMakeFiles/wifimqtt.dir/home/darlison/.pico-sdk/sdk/1.5.1/lib/lwip/src/core/altcp_tcp.c.obj
 .text.altcp_tcp_abort
                0x10005a60       0x20 CMakeFiles/wifimqtt.dir/home/darlison/.pico-sdk/sdk/1.5.1/lib/lwip/src/core/altcp_tcp.c.obj
 .text.altcp_tcp_recved
                0x10005a80       0x1c CMakeFiles/wifimqtt.dir/home/darlison/.pico-sdk/sdk/1.5.1/lib/lwip/src/core/altcp_tcp.c.obj
 .text.altcp_tcp_accept
                0x10005a9c       0x70 CMakeFiles/wifimqtt.dir/home/darlison/.pico-sdk/sdk/1.5.1/lib/lwip/src/core/altcp_tcp.c.obj
 .text.altcp_tcp_new_ip_type
                0x10005b0c       0x60 CMakeFiles/wifimqtt.dir/home/darlison/.pico-sdk/sdk/1.5.1/lib/lwip/src/core/altcp_tcp.c.obj
                0x10005b0c                altcp_tcp_new_ip_type
 .text.tcp_close_shutdown_fin
                0x10005b6c       0x54 CMakeFiles/wifimqtt.dir/home/darlison/.pico-sdk/sdk/1.5.1/lib/lwip/src/core/tcp.c.obj
 .text.tcp_pcb_purge.part.0
                0x10005bc0       0xc4 CMakeFiles/wifimqtt.dir/home/darlison/.pico-sdk/sdk/1.5.1/lib/lwip/src/core/tcp.c.obj
 .text.tcp_init
                0x10005c84       0x20 CMakeFiles/wifimqtt.dir/home/darlison/.pico-sdk/sdk/1.5.1/lib/lwip/src/core/tcp.c.obj
                0x10005c84                tcp_init
 .text.tcp_free
                0x10005ca4       0x1c CMakeFiles/wifimqtt.dir/home/darlison/.pico-sdk/sdk/1.5.1/lib/lwip/src/core/tcp.c.obj
                0x10005ca4                tcp_free
 .text.tcp_bind
                0x10005cc0       0xf4 CMakeFiles/wifimqtt.dir/home/darlison/.pico-sdk/sdk/1.5.1/lib/lwip/src/core/tcp.c.obj
                0x10005cc0                tcp_bind
 .text.tcp_listen_with_backlog_and_err
                0x10005db4       0xb8 CMakeFiles/wifimqtt.dir/home/darlison/.pico-sdk/sdk/1.5.1/lib/lwip/src/core/tcp.c.obj
                0x10005db4                tcp_listen_with_backlog_and_err
 .text.tcp_update_rcv_ann_wnd
                0x10005e6c       0x54 CMakeFiles/wifimqtt.dir/home/darlison/.pico-sdk/sdk/1.5.1/lib/lwip/src/core/tcp.c.obj
                0x10005e6c                tcp_update_rcv_ann_wnd
 .text.tcp_recved
                0x10005ec0       0x90 CMakeFiles/wifimqtt.dir/home/darlison/.pico-sdk/sdk/1.5.1/lib/lwip/src/core/tcp.c.obj
                0x10005ec0                tcp_recved
 .text.tcp_connect
                0x10005f50      0x1b8 CMakeFiles/wifimqtt.dir/home/darlison/.pico-sdk/sdk/1.5.1/lib/lwip/src/core/tcp.c.obj
                0x10005f50                tcp_connect
 .text.tcp_slowtmr
                0x10006108      0x524 CMakeFiles/wifimqtt.dir/home/darlison/.pico-sdk/sdk/1.5.1/lib/lwip/src/core/tcp.c.obj
                0x10006108                tcp_slowtmr
 .text.tcp_segs_free
                0x1000662c       0x38 CMakeFiles/wifimqtt.dir/home/darlison/.pico-sdk/sdk/1.5.1/lib/lwip/src/core/tcp.c.obj
                0x1000662c                tcp_segs_free
 .text.tcp_seg_free
                0x10006664       0x1c CMakeFiles/wifimqtt.dir/home/darlison/.pico-sdk/sdk/1.5.1/lib/lwip/src/core/tcp.c.obj
                0x10006664                tcp_seg_free
 .text.tcp_setprio
                0x10006680        0x8 CMakeFiles/wifimqtt.dir/home/darlison/.pico-sdk/sdk/1.5.1/lib/lwip/src/core/tcp.c.obj
                0x10006680                tcp_setprio
 .text.tcp_seg_copy
                0x10006688       0x2c CMakeFiles/wifimqtt.dir/home/darlison/.pico-sdk/sdk/1.5.1/lib/lwip/src/core/tcp.c.obj
                0x10006688                tcp_seg_copy
 .text.tcp_arg  0x100066b4        0x8 CMakeFiles/wifimqtt.dir/home/darlison/.pico-sdk/sdk/1.5.1/lib/lwip/src/core/tcp.c.obj
                0x100066b4                tcp_arg
 .text.tcp_recv
                0x100066bc       0x1c CMakeFiles/wifimqtt.dir/home/darlison/.pico-sdk/sdk/1.5.1/lib/lwip/src/core/tcp.c.obj
                0x100066bc                tcp_recv
 .text.tcp_sent
                0x100066d8       0x1c CMakeFiles/wifimqtt.dir/home/darlison/.pico-sdk/sdk/1.5.1/lib/lwip/src/core/tcp.c.obj
                0x100066d8                tcp_sent
 .text.tcp_err  0x100066f4       0x1c CMakeFiles/wifimqtt.dir/home/darlison/.pico-sdk/sdk/1.5.1/lib/lwip/src/core/tcp.c.obj
                0x100066f4                tcp_err
 .text.tcp_accept
                0x10006710       0x10 CMakeFiles/wifimqtt.dir/home/darlison/.pico-sdk/sdk/1.5.1/lib/lwip/src/core/tcp.c.obj
                0x10006710                tcp_accept
 .text.tcp_poll
                0x10006720       0x20 CMakeFiles/wifimqtt.dir/home/darlison/.pico-sdk/sdk/1.5.1/lib/lwip/src/core/tcp.c.obj
                0x10006720                tcp_poll
 .text.tcp_pcb_purge
                0x10006740       0x18 CMakeFiles/wifimqtt.dir/home/darlison/.pico-sdk/sdk/1.5.1/lib/lwip/src/core/tcp.c.obj
                0x10006740                tcp_pcb_purge
 .text.tcp_pcb_remove
                0x10006758       0xc8 CMakeFiles/wifimqtt.dir/home/darlison/.pico-sdk/sdk/1.5.1/lib/lwip/src/core/tcp.c.obj
                0x10006758                tcp_pcb_remove
 .text.tcp_abandon
                0x10006820      0x1a0 CMakeFiles/wifimqtt.dir/home/darlison/.pico-sdk/sdk/1.5.1/lib/lwip/src/core/tcp.c.obj
                0x10006820                tcp_abandon
 .text.tcp_abort
                0x100069c0        0xc CMakeFiles/wifimqtt.dir/home/darlison/.pico-sdk/sdk/1.5.1/lib/lwip/src/core/tcp.c.obj
                0x100069c0                tcp_abort
 .text.tcp_accept_null
                0x100069cc       0x20 CMakeFiles/wifimqtt.dir/home/darlison/.pico-sdk/sdk/1.5.1/lib/lwip/src/core/tcp.c.obj
 .text.tcp_alloc
                0x100069ec      0x1d4 CMakeFiles/wifimqtt.dir/home/darlison/.pico-sdk/sdk/1.5.1/lib/lwip/src/core/tcp.c.obj
                0x100069ec                tcp_alloc
 .text.tcp_new_ip_type
                0x10006bc0        0xc CMakeFiles/wifimqtt.dir/home/darlison/.pico-sdk/sdk/1.5.1/lib/lwip/src/core/tcp.c.obj
                0x10006bc0                tcp_new_ip_type
 .text.tcp_close_shutdown
                0x10006bcc      0x184 CMakeFiles/wifimqtt.dir/home/darlison/.pico-sdk/sdk/1.5.1/lib/lwip/src/core/tcp.c.obj
 .text.tcp_shutdown
                0x10006d50       0x60 CMakeFiles/wifimqtt.dir/home/darlison/.pico-sdk/sdk/1.5.1/lib/lwip/src/core/tcp.c.obj
                0x10006d50                tcp_shutdown
 .text.tcp_recv_null
                0x10006db0       0xc4 CMakeFiles/wifimqtt.dir/home/darlison/.pico-sdk/sdk/1.5.1/lib/lwip/src/core/tcp.c.obj
                0x10006db0                tcp_recv_null
 .text.tcp_process_refused_data
                0x10006e74       0x74 CMakeFiles/wifimqtt.dir/home/darlison/.pico-sdk/sdk/1.5.1/lib/lwip/src/core/tcp.c.obj
                0x10006e74                tcp_process_refused_data
 .text.tcp_fasttmr
                0x10006ee8       0x98 CMakeFiles/wifimqtt.dir/home/darlison/.pico-sdk/sdk/1.5.1/lib/lwip/src/core/tcp.c.obj
                0x10006ee8                tcp_fasttmr
 .text.tcp_tmr  0x10006f80       0x20 CMakeFiles/wifimqtt.dir/home/darlison/.pico-sdk/sdk/1.5.1/lib/lwip/src/core/tcp.c.obj
                0x10006f80                tcp_tmr
 .text.tcp_close
                0x10006fa0      0x16c CMakeFiles/wifimqtt.dir/home/darlison/.pico-sdk/sdk/1.5.1/lib/lwip/src/core/tcp.c.obj
                0x10006fa0                tcp_close
 .text.tcp_next_iss
                0x1000710c       0x28 CMakeFiles/wifimqtt.dir/home/darlison/.pico-sdk/sdk/1.5.1/lib/lwip/src/core/tcp.c.obj
                0x1000710c                tcp_next_iss
 .text.tcp_eff_send_mss_netif
                0x10007134       0x34 CMakeFiles/wifimqtt.dir/home/darlison/.pico-sdk/sdk/1.5.1/lib/lwip/src/core/tcp.c.obj
                0x10007134                tcp_eff_send_mss_netif
 .text.tcp_netif_ip_addr_changed
                0x10007168       0x94 CMakeFiles/wifimqtt.dir/home/darlison/.pico-sdk/sdk/1.5.1/lib/lwip/src/core/tcp.c.obj
                0x10007168                tcp_netif_ip_addr_changed
 .text.tcp_tcp_get_tcp_addrinfo
                0x100071fc       0x34 CMakeFiles/wifimqtt.dir/home/darlison/.pico-sdk/sdk/1.5.1/lib/lwip/src/core/tcp.c.obj
                0x100071fc                tcp_tcp_get_tcp_addrinfo
 .text.tcp_free_ooseq
                0x10007230       0x40 CMakeFiles/wifimqtt.dir/home/darlison/.pico-sdk/sdk/1.5.1/lib/lwip/src/core/tcp.c.obj
                0x10007230                tcp_free_ooseq
 .text.tcp_parseopt
                0x10007270      0x1bc CMakeFiles/wifimqtt.dir/home/darlison/.pico-sdk/sdk/1.5.1/lib/lwip/src/core/tcp_in.c.obj
 .text.tcp_oos_insert_segment
                0x1000742c       0xdc CMakeFiles/wifimqtt.dir/home/darlison/.pico-sdk/sdk/1.5.1/lib/lwip/src/core/tcp_in.c.obj
 .text.tcp_free_acked_segments.isra.0
                0x10007508       0xdc CMakeFiles/wifimqtt.dir/home/darlison/.pico-sdk/sdk/1.5.1/lib/lwip/src/core/tcp_in.c.obj
 .text.tcp_receive
                0x100075e4      0xa00 CMakeFiles/wifimqtt.dir/home/darlison/.pico-sdk/sdk/1.5.1/lib/lwip/src/core/tcp_in.c.obj
 .text.tcp_input
                0x10007fe4      0xe50 CMakeFiles/wifimqtt.dir/home/darlison/.pico-sdk/sdk/1.5.1/lib/lwip/src/core/tcp_in.c.obj
                0x10007fe4                tcp_input
 .text.tcp_trigger_input_pcb_close
                0x10008e34       0x10 CMakeFiles/wifimqtt.dir/home/darlison/.pico-sdk/sdk/1.5.1/lib/lwip/src/core/tcp_in.c.obj
                0x10008e34                tcp_trigger_input_pcb_close
 .text.tcp_create_segment
                0x10008e44       0xf8 CMakeFiles/wifimqtt.dir/home/darlison/.pico-sdk/sdk/1.5.1/lib/lwip/src/core/tcp_out.c.obj
 .text.tcp_output_control_segment
                0x10008f3c       0xc0 CMakeFiles/wifimqtt.dir/home/darlison/.pico-sdk/sdk/1.5.1/lib/lwip/src/core/tcp_out.c.obj
 .text.tcp_output_alloc_header.constprop.0
                0x10008ffc       0xc8 CMakeFiles/wifimqtt.dir/home/darlison/.pico-sdk/sdk/1.5.1/lib/lwip/src/core/tcp_out.c.obj
 .text.tcp_write
                0x100090c4      0x468 CMakeFiles/wifimqtt.dir/home/darlison/.pico-sdk/sdk/1.5.1/lib/lwip/src/core/tcp_out.c.obj
                0x100090c4                tcp_write
 .text.tcp_split_unsent_seg
                0x1000952c      0x1b4 CMakeFiles/wifimqtt.dir/home/darlison/.pico-sdk/sdk/1.5.1/lib/lwip/src/core/tcp_out.c.obj
                0x1000952c                tcp_split_unsent_seg
 .text.tcp_send_fin
                0x100096e0      0x118 CMakeFiles/wifimqtt.dir/home/darlison/.pico-sdk/sdk/1.5.1/lib/lwip/src/core/tcp_out.c.obj
                0x100096e0                tcp_send_fin
 .text.tcp_enqueue_flags
                0x100097f8      0x108 CMakeFiles/wifimqtt.dir/home/darlison/.pico-sdk/sdk/1.5.1/lib/lwip/src/core/tcp_out.c.obj
                0x100097f8                tcp_enqueue_flags
 .text.tcp_rexmit_rto_prepare
                0x10009900       0x9c CMakeFiles/wifimqtt.dir/home/darlison/.pico-sdk/sdk/1.5.1/lib/lwip/src/core/tcp_out.c.obj
                0x10009900                tcp_rexmit_rto_prepare
 .text.tcp_rexmit
                0x1000999c       0x9c CMakeFiles/wifimqtt.dir/home/darlison/.pico-sdk/sdk/1.5.1/lib/lwip/src/core/tcp_out.c.obj
                0x1000999c                tcp_rexmit
 .text.tcp_rexmit_fast
                0x10009a38       0x64 CMakeFiles/wifimqtt.dir/home/darlison/.pico-sdk/sdk/1.5.1/lib/lwip/src/core/tcp_out.c.obj
                0x10009a38                tcp_rexmit_fast
 .text.tcp_rst  0x10009a9c       0xe4 CMakeFiles/wifimqtt.dir/home/darlison/.pico-sdk/sdk/1.5.1/lib/lwip/src/core/tcp_out.c.obj
                0x10009a9c                tcp_rst
 .text.tcp_rst_netif
                0x10009b80      0x12c CMakeFiles/wifimqtt.dir/home/darlison/.pico-sdk/sdk/1.5.1/lib/lwip/src/core/tcp_out.c.obj
                0x10009b80                tcp_rst_netif
 .text.tcp_send_empty_ack
                0x10009cac       0x4c CMakeFiles/wifimqtt.dir/home/darlison/.pico-sdk/sdk/1.5.1/lib/lwip/src/core/tcp_out.c.obj
                0x10009cac                tcp_send_empty_ack
 .text.tcp_output
                0x10009cf8      0x454 CMakeFiles/wifimqtt.dir/home/darlison/.pico-sdk/sdk/1.5.1/lib/lwip/src/core/tcp_out.c.obj
                0x10009cf8                tcp_output
 .text.tcp_rexmit_rto_commit
                0x1000a14c       0x24 CMakeFiles/wifimqtt.dir/home/darlison/.pico-sdk/sdk/1.5.1/lib/lwip/src/core/tcp_out.c.obj
                0x1000a14c                tcp_rexmit_rto_commit
 .text.tcp_rexmit_rto
                0x1000a170       0xa4 CMakeFiles/wifimqtt.dir/home/darlison/.pico-sdk/sdk/1.5.1/lib/lwip/src/core/tcp_out.c.obj
                0x1000a170                tcp_rexmit_rto
 .text.tcp_keepalive
                0x1000a214       0xdc CMakeFiles/wifimqtt.dir/home/darlison/.pico-sdk/sdk/1.5.1/lib/lwip/src/core/tcp_out.c.obj
                0x1000a214                tcp_keepalive
 .text.tcp_zero_window_probe
                0x1000a2f0      0x110 CMakeFiles/wifimqtt.dir/home/darlison/.pico-sdk/sdk/1.5.1/lib/lwip/src/core/tcp_out.c.obj
                0x1000a2f0                tcp_zero_window_probe
 .text.tcpip_tcp_timer
                0x1000a400       0x78 CMakeFiles/wifimqtt.dir/home/darlison/.pico-sdk/sdk/1.5.1/lib/lwip/src/core/timeouts.c.obj
 .text.lwip_cyclic_timer
                0x1000a478       0x98 CMakeFiles/wifimqtt.dir/home/darlison/.pico-sdk/sdk/1.5.1/lib/lwip/src/core/timeouts.c.obj
 .text.tcp_timer_needed
                0x1000a510       0x7c CMakeFiles/wifimqtt.dir/home/darlison/.pico-sdk/sdk/1.5.1/lib/lwip/src/core/timeouts.c.obj
                0x1000a510                tcp_timer_needed
 .text.sys_timeouts_init
                0x1000a58c       0x8c CMakeFiles/wifimqtt.dir/home/darlison/.pico-sdk/sdk/1.5.1/lib/lwip/src/core/timeouts.c.obj
                0x1000a58c                sys_timeouts_init
 .text.sys_timeout
                0x1000a618       0x60 CMakeFiles/wifimqtt.dir/home/darlison/.pico-sdk/sdk/1.5.1/lib/lwip/src/core/timeouts.c.obj
                0x1000a618                sys_timeout
 .text.sys_untimeout
                0x1000a678       0x40 CMakeFiles/wifimqtt.dir/home/darlison/.pico-sdk/sdk/1.5.1/lib/lwip/src/core/timeouts.c.obj
                0x1000a678                sys_untimeout
 .text.sys_check_timeouts
                0x1000a6b8       0x68 CMakeFiles/wifimqtt.dir/home/darlison/.pico-sdk/sdk/1.5.1/lib/lwip/src/core/timeouts.c.obj
                0x1000a6b8                sys_check_timeouts
 .text.sys_timeouts_sleeptime
                0x1000a720       0x28 CMakeFiles/wifimqtt.dir/home/darlison/.pico-sdk/sdk/1.5.1/lib/lwip/src/core/timeouts.c.obj
                0x1000a720                sys_timeouts_sleeptime
 .text.udp_init
                0x1000a748       0x20 CMakeFiles/wifimqtt.dir/home/darlison/.pico-sdk/sdk/1.5.1/lib/lwip/src/core/udp.c.obj
                0x1000a748                udp_init
 .text.udp_input
                0x1000a768      0x320 CMakeFiles/wifimqtt.dir/home/darlison/.pico-sdk/sdk/1.5.1/lib/lwip/src/core/udp.c.obj
                0x1000a768                udp_input
 .text.udp_bind
                0x1000aa88      0x118 CMakeFiles/wifimqtt.dir/home/darlison/.pico-sdk/sdk/1.5.1/lib/lwip/src/core/udp.c.obj
                0x1000aa88                udp_bind
 .text.udp_sendto_if_src
                0x1000aba0      0x130 CMakeFiles/wifimqtt.dir/home/darlison/.pico-sdk/sdk/1.5.1/lib/lwip/src/core/udp.c.obj
                0x1000aba0                udp_sendto_if_src
 .text.udp_sendto_if
                0x1000acd0       0x48 CMakeFiles/wifimqtt.dir/home/darlison/.pico-sdk/sdk/1.5.1/lib/lwip/src/core/udp.c.obj
                0x1000acd0                udp_sendto_if
 .text.udp_sendto
                0x1000ad18       0x78 CMakeFiles/wifimqtt.dir/home/darlison/.pico-sdk/sdk/1.5.1/lib/lwip/src/core/udp.c.obj
                0x1000ad18                udp_sendto
 .text.udp_connect
                0x1000ad90       0x60 CMakeFiles/wifimqtt.dir/home/darlison/.pico-sdk/sdk/1.5.1/lib/lwip/src/core/udp.c.obj
                0x1000ad90                udp_connect
 .text.udp_recv
                0x1000adf0        0xc CMakeFiles/wifimqtt.dir/home/darlison/.pico-sdk/sdk/1.5.1/lib/lwip/src/core/udp.c.obj
                0x1000adf0                udp_recv
 .text.udp_remove
                0x1000adfc       0x3c CMakeFiles/wifimqtt.dir/home/darlison/.pico-sdk/sdk/1.5.1/lib/lwip/src/core/udp.c.obj
                0x1000adfc                udp_remove
 .text.udp_new  0x1000ae38       0x1c CMakeFiles/wifimqtt.dir/home/darlison/.pico-sdk/sdk/1.5.1/lib/lwip/src/core/udp.c.obj
                0x1000ae38                udp_new
 .text.udp_new_ip_type
                0x1000ae54       0x1c CMakeFiles/wifimqtt.dir/home/darlison/.pico-sdk/sdk/1.5.1/lib/lwip/src/core/udp.c.obj
                0x1000ae54                udp_new_ip_type
 .text.udp_netif_ip_addr_changed
                0x1000ae70       0x40 CMakeFiles/wifimqtt.dir/home/darlison/.pico-sdk/sdk/1.5.1/lib/lwip/src/core/udp.c.obj
                0x1000ae70                udp_netif_ip_addr_changed
 .text.dhcp_create_msg
                0x1000aeb0      0x164 CMakeFiles/wifimqtt.dir/home/darlison/.pico-sdk/sdk/1.5.1/lib/lwip/src/core/ipv4/dhcp.c.obj
 .text.dhcp_inc_pcb_refcount
                0x1000b014       0x6c CMakeFiles/wifimqtt.dir/home/darlison/.pico-sdk/sdk/1.5.1/lib/lwip/src/core/ipv4/dhcp.c.obj
 .text.dhcp_bind
                0x1000b080      0x154 CMakeFiles/wifimqtt.dir/home/darlison/.pico-sdk/sdk/1.5.1/lib/lwip/src/core/ipv4/dhcp.c.obj
 .text.dhcp_option_hostname.isra.0
                0x1000b1d4       0x84 CMakeFiles/wifimqtt.dir/home/darlison/.pico-sdk/sdk/1.5.1/lib/lwip/src/core/ipv4/dhcp.c.obj
 .text.dhcp_handle_ack.isra.0
                0x1000b258       0xcc CMakeFiles/wifimqtt.dir/home/darlison/.pico-sdk/sdk/1.5.1/lib/lwip/src/core/ipv4/dhcp.c.obj
 .text.dhcp_reboot.isra.0
                0x1000b324      0x178 CMakeFiles/wifimqtt.dir/home/darlison/.pico-sdk/sdk/1.5.1/lib/lwip/src/core/ipv4/dhcp.c.obj
 .text.dhcp_discover
                0x1000b49c      0x140 CMakeFiles/wifimqtt.dir/home/darlison/.pico-sdk/sdk/1.5.1/lib/lwip/src/core/ipv4/dhcp.c.obj
 .text.dhcp_select.isra.0
                0x1000b5dc      0x1e0 CMakeFiles/wifimqtt.dir/home/darlison/.pico-sdk/sdk/1.5.1/lib/lwip/src/core/ipv4/dhcp.c.obj
 .text.dhcp_recv
                0x1000b7bc      0x47c CMakeFiles/wifimqtt.dir/home/darlison/.pico-sdk/sdk/1.5.1/lib/lwip/src/core/ipv4/dhcp.c.obj
 .text.dhcp_set_struct
                0x1000bc38       0x44 CMakeFiles/wifimqtt.dir/home/darlison/.pico-sdk/sdk/1.5.1/lib/lwip/src/core/ipv4/dhcp.c.obj
                0x1000bc38                dhcp_set_struct
 .text.dhcp_network_changed_link_up
                0x1000bc7c       0x40 CMakeFiles/wifimqtt.dir/home/darlison/.pico-sdk/sdk/1.5.1/lib/lwip/src/core/ipv4/dhcp.c.obj
                0x1000bc7c                dhcp_network_changed_link_up
 .text.dhcp_renew
                0x1000bcbc      0x138 CMakeFiles/wifimqtt.dir/home/darlison/.pico-sdk/sdk/1.5.1/lib/lwip/src/core/ipv4/dhcp.c.obj
                0x1000bcbc                dhcp_renew
 .text.dhcp_release_and_stop
                0x1000bdf4      0x158 CMakeFiles/wifimqtt.dir/home/darlison/.pico-sdk/sdk/1.5.1/lib/lwip/src/core/ipv4/dhcp.c.obj
                0x1000bdf4                dhcp_release_and_stop
 .text.dhcp_start
                0x1000bf4c       0xb0 CMakeFiles/wifimqtt.dir/home/darlison/.pico-sdk/sdk/1.5.1/lib/lwip/src/core/ipv4/dhcp.c.obj
                0x1000bf4c                dhcp_start
 .text.dhcp_coarse_tmr
                0x1000bffc      0x1d8 CMakeFiles/wifimqtt.dir/home/darlison/.pico-sdk/sdk/1.5.1/lib/lwip/src/core/ipv4/dhcp.c.obj
                0x1000bffc                dhcp_coarse_tmr
 .text.dhcp_fine_tmr
                0x1000c1d4       0x78 CMakeFiles/wifimqtt.dir/home/darlison/.pico-sdk/sdk/1.5.1/lib/lwip/src/core/ipv4/dhcp.c.obj
                0x1000c1d4                dhcp_fine_tmr
 .text.dhcp_stop
                0x1000c24c      0x158 CMakeFiles/wifimqtt.dir/home/darlison/.pico-sdk/sdk/1.5.1/lib/lwip/src/core/ipv4/dhcp.c.obj
                0x1000c24c                dhcp_stop
 .text.etharp_find_entry
                0x1000c3a4      0x3c0 CMakeFiles/wifimqtt.dir/home/darlison/.pico-sdk/sdk/1.5.1/lib/lwip/src/core/ipv4/etharp.c.obj
 .text.etharp_raw
                0x1000c764       0xec CMakeFiles/wifimqtt.dir/home/darlison/.pico-sdk/sdk/1.5.1/lib/lwip/src/core/ipv4/etharp.c.obj
 .text.etharp_output_to_arp_index
                0x1000c850       0xd0 CMakeFiles/wifimqtt.dir/home/darlison/.pico-sdk/sdk/1.5.1/lib/lwip/src/core/ipv4/etharp.c.obj
 .text.etharp_tmr
                0x1000c920       0x94 CMakeFiles/wifimqtt.dir/home/darlison/.pico-sdk/sdk/1.5.1/lib/lwip/src/core/ipv4/etharp.c.obj
                0x1000c920                etharp_tmr
 .text.etharp_cleanup_netif
                0x1000c9b4      0x188 CMakeFiles/wifimqtt.dir/home/darlison/.pico-sdk/sdk/1.5.1/lib/lwip/src/core/ipv4/etharp.c.obj
                0x1000c9b4                etharp_cleanup_netif
 .text.etharp_input
                0x1000cb3c      0x1b8 CMakeFiles/wifimqtt.dir/home/darlison/.pico-sdk/sdk/1.5.1/lib/lwip/src/core/ipv4/etharp.c.obj
                0x1000cb3c                etharp_input
 .text.etharp_query
                0x1000ccf4      0x1b8 CMakeFiles/wifimqtt.dir/home/darlison/.pico-sdk/sdk/1.5.1/lib/lwip/src/core/ipv4/etharp.c.obj
                0x1000ccf4                etharp_query
 .text.etharp_output
                0x1000ceac      0x24c CMakeFiles/wifimqtt.dir/home/darlison/.pico-sdk/sdk/1.5.1/lib/lwip/src/core/ipv4/etharp.c.obj
                0x1000ceac                etharp_output
 .text.etharp_request
                0x1000d0f8       0x2c CMakeFiles/wifimqtt.dir/home/darlison/.pico-sdk/sdk/1.5.1/lib/lwip/src/core/ipv4/etharp.c.obj
                0x1000d0f8                etharp_request
 .text.icmp_input
                0x1000d124      0x1ec CMakeFiles/wifimqtt.dir/home/darlison/.pico-sdk/sdk/1.5.1/lib/lwip/src/core/ipv4/icmp.c.obj
                0x1000d124                icmp_input
 .text.icmp_dest_unreach
                0x1000d310       0xcc CMakeFiles/wifimqtt.dir/home/darlison/.pico-sdk/sdk/1.5.1/lib/lwip/src/core/ipv4/icmp.c.obj
                0x1000d310                icmp_dest_unreach
 .text.icmp_time_exceeded
                0x1000d3dc       0xcc CMakeFiles/wifimqtt.dir/home/darlison/.pico-sdk/sdk/1.5.1/lib/lwip/src/core/ipv4/icmp.c.obj
                0x1000d3dc                icmp_time_exceeded
 .text.ip_reass_free_complete_datagram
                0x1000d4a8      0x11c CMakeFiles/wifimqtt.dir/home/darlison/.pico-sdk/sdk/1.5.1/lib/lwip/src/core/ipv4/ip4_frag.c.obj
 .text.ip_reass_remove_oldest_datagram
                0x1000d5c4       0xd8 CMakeFiles/wifimqtt.dir/home/darlison/.pico-sdk/sdk/1.5.1/lib/lwip/src/core/ipv4/ip4_frag.c.obj
 .text.ip_reass_tmr
                0x1000d69c       0x30 CMakeFiles/wifimqtt.dir/home/darlison/.pico-sdk/sdk/1.5.1/lib/lwip/src/core/ipv4/ip4_frag.c.obj
                0x1000d69c                ip_reass_tmr
 .text.ip4_reass
                0x1000d6cc      0x560 CMakeFiles/wifimqtt.dir/home/darlison/.pico-sdk/sdk/1.5.1/lib/lwip/src/core/ipv4/ip4_frag.c.obj
                0x1000d6cc                ip4_reass
 .text.ip4_frag
                0x1000dc2c      0x254 CMakeFiles/wifimqtt.dir/home/darlison/.pico-sdk/sdk/1.5.1/lib/lwip/src/core/ipv4/ip4_frag.c.obj
                0x1000dc2c                ip4_frag
 .text.ip4_route
                0x1000de80       0x7c CMakeFiles/wifimqtt.dir/home/darlison/.pico-sdk/sdk/1.5.1/lib/lwip/src/core/ipv4/ip4.c.obj
                0x1000de80                ip4_route
 .text.ip4_input
                0x1000defc      0x300 CMakeFiles/wifimqtt.dir/home/darlison/.pico-sdk/sdk/1.5.1/lib/lwip/src/core/ipv4/ip4.c.obj
                0x1000defc                ip4_input
 .text.ip4_output_if
                0x1000e1fc      0x190 CMakeFiles/wifimqtt.dir/home/darlison/.pico-sdk/sdk/1.5.1/lib/lwip/src/core/ipv4/ip4.c.obj
                0x1000e1fc                ip4_output_if
 .text.ip4_output_if_src
                0x1000e38c      0x184 CMakeFiles/wifimqtt.dir/home/darlison/.pico-sdk/sdk/1.5.1/lib/lwip/src/core/ipv4/ip4.c.obj
                0x1000e38c                ip4_output_if_src
 .text.ip4_addr_isbroadcast_u32
                0x1000e510       0x3c CMakeFiles/wifimqtt.dir/home/darlison/.pico-sdk/sdk/1.5.1/lib/lwip/src/core/ipv4/ip4_addr.c.obj
                0x1000e510                ip4_addr_isbroadcast_u32
 .text.ip4addr_aton
                0x1000e54c      0x1a8 CMakeFiles/wifimqtt.dir/home/darlison/.pico-sdk/sdk/1.5.1/lib/lwip/src/core/ipv4/ip4_addr.c.obj
                0x1000e54c                ip4addr_aton
 .text.ip4addr_ntoa
                0x1000e6f4       0xec CMakeFiles/wifimqtt.dir/home/darlison/.pico-sdk/sdk/1.5.1/lib/lwip/src/core/ipv4/ip4_addr.c.obj
                0x1000e6f4                ip4addr_ntoa
 .text.ethernet_input
                0x1000e7e0       0xd0 CMakeFiles/wifimqtt.dir/home/darlison/.pico-sdk/sdk/1.5.1/lib/lwip/src/netif/ethernet.c.obj
                0x1000e7e0                ethernet_input
 .text.ethernet_output
                0x1000e8b0       0x6c CMakeFiles/wifimqtt.dir/home/darlison/.pico-sdk/sdk/1.5.1/lib/lwip/src/netif/ethernet.c.obj
                0x1000e8b0                ethernet_output
 .text.cyw43_arch_wifi_connect_bssid_until.part.0
                0x1000e91c      0x150 CMakeFiles/wifimqtt.dir/home/darlison/.pico-sdk/sdk/1.5.1/src/rp2_common/pico_cyw43_arch/cyw43_arch.c.obj
 .text.cyw43_arch_set_async_context
                0x1000ea6c        0xc CMakeFiles/wifimqtt.dir/home/darlison/.pico-sdk/sdk/1.5.1/src/rp2_common/pico_cyw43_arch/cyw43_arch.c.obj
                0x1000ea6c                cyw43_arch_set_async_context
 .text.cyw43_arch_enable_sta_mode
                0x1000ea78       0x1c CMakeFiles/wifimqtt.dir/home/darlison/.pico-sdk/sdk/1.5.1/src/rp2_common/pico_cyw43_arch/cyw43_arch.c.obj
                0x1000ea78                cyw43_arch_enable_sta_mode
 .text.cyw43_arch_wifi_connect_timeout_ms
                0x1000ea94       0xa0 CMakeFiles/wifimqtt.dir/home/darlison/.pico-sdk/sdk/1.5.1/src/rp2_common/pico_cyw43_arch/cyw43_arch.c.obj
                0x1000ea94                cyw43_arch_wifi_connect_timeout_ms
 .text.cyw43_arch_async_context
                0x1000eb34        0xc CMakeFiles/wifimqtt.dir/home/darlison/.pico-sdk/sdk/1.5.1/src/rp2_common/pico_cyw43_arch/cyw43_arch.c.obj
                0x1000eb34                cyw43_arch_async_context
 .text.cyw43_arch_poll
                0x1000eb40       0x18 CMakeFiles/wifimqtt.dir/home/darlison/.pico-sdk/sdk/1.5.1/src/rp2_common/pico_cyw43_arch/cyw43_arch.c.obj
                0x1000eb40                cyw43_arch_poll
 .text.cyw43_arch_init
                0x1000eb58       0x68 CMakeFiles/wifimqtt.dir/home/darlison/.pico-sdk/sdk/1.5.1/src/rp2_common/pico_cyw43_arch/cyw43_arch_poll.c.obj
                0x1000eb58                cyw43_arch_init
 .text.cyw43_arch_deinit
                0x1000ebc0       0x30 CMakeFiles/wifimqtt.dir/home/darlison/.pico-sdk/sdk/1.5.1/src/rp2_common/pico_cyw43_arch/cyw43_arch_poll.c.obj
                0x1000ebc0                cyw43_arch_deinit
 .text.ns_delay.constprop.0
                0x1000ebf0       0x20 CMakeFiles/wifimqtt.dir/home/darlison/.pico-sdk/sdk/1.5.1/src/rp2_common/pico_cyw43_driver/cyw43_bus_pio_spi.c.obj
 .text.cyw43_spi_deinit
                0x1000ec10       0x7c CMakeFiles/wifimqtt.dir/home/darlison/.pico-sdk/sdk/1.5.1/src/rp2_common/pico_cyw43_driver/cyw43_bus_pio_spi.c.obj
                0x1000ec10                cyw43_spi_deinit
 .text.cyw43_spi_init
                0x1000ec8c      0x14c CMakeFiles/wifimqtt.dir/home/darlison/.pico-sdk/sdk/1.5.1/src/rp2_common/pico_cyw43_driver/cyw43_bus_pio_spi.c.obj
                0x1000ec8c                cyw43_spi_init
 .text.cyw43_spi_transfer
                0x1000edd8      0x3e0 CMakeFiles/wifimqtt.dir/home/darlison/.pico-sdk/sdk/1.5.1/src/rp2_common/pico_cyw43_driver/cyw43_bus_pio_spi.c.obj
                0x1000edd8                cyw43_spi_transfer
 .text.cyw43_spi_gpio_setup
                0x1000f1b8       0x3c CMakeFiles/wifimqtt.dir/home/darlison/.pico-sdk/sdk/1.5.1/src/rp2_common/pico_cyw43_driver/cyw43_bus_pio_spi.c.obj
                0x1000f1b8                cyw43_spi_gpio_setup
 .text.cyw43_spi_reset
                0x1000f1f4       0x28 CMakeFiles/wifimqtt.dir/home/darlison/.pico-sdk/sdk/1.5.1/src/rp2_common/pico_cyw43_driver/cyw43_bus_pio_spi.c.obj
                0x1000f1f4                cyw43_spi_reset
 .text.read_reg_u32_swap
                0x1000f21c       0x3c CMakeFiles/wifimqtt.dir/home/darlison/.pico-sdk/sdk/1.5.1/src/rp2_common/pico_cyw43_driver/cyw43_bus_pio_spi.c.obj
                0x1000f21c                read_reg_u32_swap
 .text.cyw43_read_reg_u32
                0x1000f258       0x50 CMakeFiles/wifimqtt.dir/home/darlison/.pico-sdk/sdk/1.5.1/src/rp2_common/pico_cyw43_driver/cyw43_bus_pio_spi.c.obj
                0x1000f258                cyw43_read_reg_u32
 .text.cyw43_read_reg_u16
                0x1000f2a8       0x50 CMakeFiles/wifimqtt.dir/home/darlison/.pico-sdk/sdk/1.5.1/src/rp2_common/pico_cyw43_driver/cyw43_bus_pio_spi.c.obj
                0x1000f2a8                cyw43_read_reg_u16
 .text.cyw43_read_reg_u8
                0x1000f2f8       0x50 CMakeFiles/wifimqtt.dir/home/darlison/.pico-sdk/sdk/1.5.1/src/rp2_common/pico_cyw43_driver/cyw43_bus_pio_spi.c.obj
                0x1000f2f8                cyw43_read_reg_u8
 .text.write_reg_u32_swap
                0x1000f348      0x1e8 CMakeFiles/wifimqtt.dir/home/darlison/.pico-sdk/sdk/1.5.1/src/rp2_common/pico_cyw43_driver/cyw43_bus_pio_spi.c.obj
                0x1000f348                write_reg_u32_swap
 .text.cyw43_write_reg_u32
                0x1000f530      0x208 CMakeFiles/wifimqtt.dir/home/darlison/.pico-sdk/sdk/1.5.1/src/rp2_common/pico_cyw43_driver/cyw43_bus_pio_spi.c.obj
                0x1000f530                cyw43_write_reg_u32
 .text.cyw43_write_reg_u16
                0x1000f738      0x208 CMakeFiles/wifimqtt.dir/home/darlison/.pico-sdk/sdk/1.5.1/src/rp2_common/pico_cyw43_driver/cyw43_bus_pio_spi.c.obj
                0x1000f738                cyw43_write_reg_u16
 .text.cyw43_write_reg_u8
                0x1000f940      0x208 CMakeFiles/wifimqtt.dir/home/darlison/.pico-sdk/sdk/1.5.1/src/rp2_common/pico_cyw43_driver/cyw43_bus_pio_spi.c.obj
                0x1000f940                cyw43_write_reg_u8
 .text.cyw43_read_bytes
                0x1000fb48       0x78 CMakeFiles/wifimqtt.dir/home/darlison/.pico-sdk/sdk/1.5.1/src/rp2_common/pico_cyw43_driver/cyw43_bus_pio_spi.c.obj
                0x1000fb48                cyw43_read_bytes
 .text.cyw43_write_bytes
                0x1000fbc0       0xc0 CMakeFiles/wifimqtt.dir/home/darlison/.pico-sdk/sdk/1.5.1/src/rp2_common/pico_cyw43_driver/cyw43_bus_pio_spi.c.obj
                0x1000fbc0                cyw43_write_bytes
 .text.cyw43_set_backplane_window
                0x1000fc80       0x68 CMakeFiles/wifimqtt.dir/home/darlison/.pico-sdk/sdk/1.5.1/lib/cyw43-driver/src/cyw43_ll.c.obj
 .text.cyw43_ll_parse_async_event
                0x1000fce8      0x134 CMakeFiles/wifimqtt.dir/home/darlison/.pico-sdk/sdk/1.5.1/lib/cyw43-driver/src/cyw43_ll.c.obj
 .text.cyw43_kso_set
                0x1000fe1c       0x80 CMakeFiles/wifimqtt.dir/home/darlison/.pico-sdk/sdk/1.5.1/lib/cyw43-driver/src/cyw43_ll.c.obj
 .text.cyw43_ll_sdpcm_poll_device
                0x1000fe9c      0x238 CMakeFiles/wifimqtt.dir/home/darlison/.pico-sdk/sdk/1.5.1/lib/cyw43-driver/src/cyw43_ll.c.obj
 .text.cyw43_sdpcm_send_common
                0x100100d4       0xf4 CMakeFiles/wifimqtt.dir/home/darlison/.pico-sdk/sdk/1.5.1/lib/cyw43-driver/src/cyw43_ll.c.obj
 .text.cyw43_do_ioctl
                0x100101c8      0x110 CMakeFiles/wifimqtt.dir/home/darlison/.pico-sdk/sdk/1.5.1/lib/cyw43-driver/src/cyw43_ll.c.obj
 .text.cyw43_do_ioctl.constprop.0
                0x100102d8      0x108 CMakeFiles/wifimqtt.dir/home/darlison/.pico-sdk/sdk/1.5.1/lib/cyw43-driver/src/cyw43_ll.c.obj
 .text.cyw43_read_backplane.constprop.0
                0x100103e0       0xe4 CMakeFiles/wifimqtt.dir/home/darlison/.pico-sdk/sdk/1.5.1/lib/cyw43-driver/src/cyw43_ll.c.obj
 .text.reset_device_core.constprop.0
                0x100104c4      0x410 CMakeFiles/wifimqtt.dir/home/darlison/.pico-sdk/sdk/1.5.1/lib/cyw43-driver/src/cyw43_ll.c.obj
 .text.cyw43_ll_init
                0x100108d4       0x1c CMakeFiles/wifimqtt.dir/home/darlison/.pico-sdk/sdk/1.5.1/lib/cyw43-driver/src/cyw43_ll.c.obj
                0x100108d4                cyw43_ll_init
 .text.cyw43_ll_deinit
                0x100108f0        0x8 CMakeFiles/wifimqtt.dir/home/darlison/.pico-sdk/sdk/1.5.1/lib/cyw43-driver/src/cyw43_ll.c.obj
                0x100108f0                cyw43_ll_deinit
 .text.cyw43_ll_send_ethernet
                0x100108f8       0x60 CMakeFiles/wifimqtt.dir/home/darlison/.pico-sdk/sdk/1.5.1/lib/cyw43-driver/src/cyw43_ll.c.obj
                0x100108f8                cyw43_ll_send_ethernet
 .text.cyw43_ll_process_packets
                0x10010958       0x54 CMakeFiles/wifimqtt.dir/home/darlison/.pico-sdk/sdk/1.5.1/lib/cyw43-driver/src/cyw43_ll.c.obj
                0x10010958                cyw43_ll_process_packets
 .text.cyw43_ll_ioctl
                0x100109ac       0x20 CMakeFiles/wifimqtt.dir/home/darlison/.pico-sdk/sdk/1.5.1/lib/cyw43-driver/src/cyw43_ll.c.obj
                0x100109ac                cyw43_ll_ioctl
 .text.cyw43_ll_bus_sleep
                0x100109cc       0x34 CMakeFiles/wifimqtt.dir/home/darlison/.pico-sdk/sdk/1.5.1/lib/cyw43-driver/src/cyw43_ll.c.obj
                0x100109cc                cyw43_ll_bus_sleep
 .text.cyw43_ll_bus_init
                0x10010a00      0xb6c CMakeFiles/wifimqtt.dir/home/darlison/.pico-sdk/sdk/1.5.1/lib/cyw43-driver/src/cyw43_ll.c.obj
                0x10010a00                cyw43_ll_bus_init
 .text.cyw43_ll_wifi_on
                0x1001156c      0x238 CMakeFiles/wifimqtt.dir/home/darlison/.pico-sdk/sdk/1.5.1/lib/cyw43-driver/src/cyw43_ll.c.obj
                0x1001156c                cyw43_ll_wifi_on
 .text.cyw43_ll_wifi_get_mac
                0x100117a4       0x40 CMakeFiles/wifimqtt.dir/home/darlison/.pico-sdk/sdk/1.5.1/lib/cyw43-driver/src/cyw43_ll.c.obj
                0x100117a4                cyw43_ll_wifi_get_mac
 .text.cyw43_ll_wifi_pm
                0x100117e4      0x19c CMakeFiles/wifimqtt.dir/home/darlison/.pico-sdk/sdk/1.5.1/lib/cyw43-driver/src/cyw43_ll.c.obj
                0x100117e4                cyw43_ll_wifi_pm
 .text.cyw43_ll_wifi_join
                0x10011980      0x2ec CMakeFiles/wifimqtt.dir/home/darlison/.pico-sdk/sdk/1.5.1/lib/cyw43-driver/src/cyw43_ll.c.obj
                0x10011980                cyw43_ll_wifi_join
 .text.cyw43_ll_wifi_set_wpa_auth
                0x10011c6c       0x2c CMakeFiles/wifimqtt.dir/home/darlison/.pico-sdk/sdk/1.5.1/lib/cyw43-driver/src/cyw43_ll.c.obj
                0x10011c6c                cyw43_ll_wifi_set_wpa_auth
 .text.cyw43_ll_wifi_rejoin
                0x10011c98       0x1c CMakeFiles/wifimqtt.dir/home/darlison/.pico-sdk/sdk/1.5.1/lib/cyw43-driver/src/cyw43_ll.c.obj
                0x10011c98                cyw43_ll_wifi_rejoin
 .text.cyw43_ll_wifi_ap_init
                0x10011cb4      0x2c0 CMakeFiles/wifimqtt.dir/home/darlison/.pico-sdk/sdk/1.5.1/lib/cyw43-driver/src/cyw43_ll.c.obj
                0x10011cb4                cyw43_ll_wifi_ap_init
 .text.cyw43_ll_wifi_ap_set_up
                0x10011f74       0x54 CMakeFiles/wifimqtt.dir/home/darlison/.pico-sdk/sdk/1.5.1/lib/cyw43-driver/src/cyw43_ll.c.obj
                0x10011f74                cyw43_ll_wifi_ap_set_up
 .text.cyw43_ll_has_work
                0x10011fc8       0x14 CMakeFiles/wifimqtt.dir/home/darlison/.pico-sdk/sdk/1.5.1/lib/cyw43-driver/src/cyw43_ll.c.obj
                0x10011fc8                cyw43_ll_has_work
 .text.cyw43_netif_init
                0x10011fdc       0x3c CMakeFiles/wifimqtt.dir/home/darlison/.pico-sdk/sdk/1.5.1/lib/cyw43-driver/src/cyw43_lwip.c.obj
 .text.cyw43_netif_output
                0x10012018       0x34 CMakeFiles/wifimqtt.dir/home/darlison/.pico-sdk/sdk/1.5.1/lib/cyw43-driver/src/cyw43_lwip.c.obj
 .text.cyw43_cb_tcpip_init
                0x1001204c       0xf0 CMakeFiles/wifimqtt.dir/home/darlison/.pico-sdk/sdk/1.5.1/lib/cyw43-driver/src/cyw43_lwip.c.obj
                0x1001204c                cyw43_cb_tcpip_init
 .text.cyw43_cb_tcpip_deinit
                0x1001213c       0x4c CMakeFiles/wifimqtt.dir/home/darlison/.pico-sdk/sdk/1.5.1/lib/cyw43-driver/src/cyw43_lwip.c.obj
                0x1001213c                cyw43_cb_tcpip_deinit
 .text.cyw43_cb_process_ethernet
                0x10012188       0x6c CMakeFiles/wifimqtt.dir/home/darlison/.pico-sdk/sdk/1.5.1/lib/cyw43-driver/src/cyw43_lwip.c.obj
                0x10012188                cyw43_cb_process_ethernet
 .text.cyw43_cb_tcpip_set_link_up
                0x100121f4       0x18 CMakeFiles/wifimqtt.dir/home/darlison/.pico-sdk/sdk/1.5.1/lib/cyw43-driver/src/cyw43_lwip.c.obj
                0x100121f4                cyw43_cb_tcpip_set_link_up
 .text.cyw43_cb_tcpip_set_link_down
                0x1001220c       0x18 CMakeFiles/wifimqtt.dir/home/darlison/.pico-sdk/sdk/1.5.1/lib/cyw43-driver/src/cyw43_lwip.c.obj
                0x1001220c                cyw43_cb_tcpip_set_link_down
 .text.cyw43_tcpip_link_status
                0x10012224       0x34 CMakeFiles/wifimqtt.dir/home/darlison/.pico-sdk/sdk/1.5.1/lib/cyw43-driver/src/cyw43_lwip.c.obj
                0x10012224                cyw43_tcpip_link_status
 .text.cyw43_poll_func
                0x10012258       0xc0 CMakeFiles/wifimqtt.dir/home/darlison/.pico-sdk/sdk/1.5.1/lib/cyw43-driver/src/cyw43_ctrl.c.obj
 .text.cyw43_init
                0x10012318       0x6c CMakeFiles/wifimqtt.dir/home/darlison/.pico-sdk/sdk/1.5.1/lib/cyw43-driver/src/cyw43_ctrl.c.obj
                0x10012318                cyw43_init
 .text.cyw43_deinit
                0x10012384       0x90 CMakeFiles/wifimqtt.dir/home/darlison/.pico-sdk/sdk/1.5.1/lib/cyw43-driver/src/cyw43_ctrl.c.obj
                0x10012384                cyw43_deinit
 .text.cyw43_cb_read_host_interrupt_pin
                0x10012414        0xc CMakeFiles/wifimqtt.dir/home/darlison/.pico-sdk/sdk/1.5.1/lib/cyw43-driver/src/cyw43_ctrl.c.obj
                0x10012414                cyw43_cb_read_host_interrupt_pin
 .text.cyw43_cb_ensure_awake
                0x10012420        0xc CMakeFiles/wifimqtt.dir/home/darlison/.pico-sdk/sdk/1.5.1/lib/cyw43-driver/src/cyw43_ctrl.c.obj
                0x10012420                cyw43_cb_ensure_awake
 .text.cyw43_cb_process_async_event
                0x1001242c      0x214 CMakeFiles/wifimqtt.dir/home/darlison/.pico-sdk/sdk/1.5.1/lib/cyw43-driver/src/cyw43_ctrl.c.obj
                0x1001242c                cyw43_cb_process_async_event
 .text.cyw43_send_ethernet
                0x10012640       0xc0 CMakeFiles/wifimqtt.dir/home/darlison/.pico-sdk/sdk/1.5.1/lib/cyw43-driver/src/cyw43_ctrl.c.obj
                0x10012640                cyw43_send_ethernet
 .text.cyw43_wifi_get_mac
                0x10012700       0x10 CMakeFiles/wifimqtt.dir/home/darlison/.pico-sdk/sdk/1.5.1/lib/cyw43-driver/src/cyw43_ctrl.c.obj
                0x10012700                cyw43_wifi_get_mac
 .text.cyw43_wifi_set_up
                0x10012710      0x308 CMakeFiles/wifimqtt.dir/home/darlison/.pico-sdk/sdk/1.5.1/lib/cyw43-driver/src/cyw43_ctrl.c.obj
                0x10012710                cyw43_wifi_set_up
 .text.cyw43_wifi_link_status
                0x10012a18       0x40 CMakeFiles/wifimqtt.dir/home/darlison/.pico-sdk/sdk/1.5.1/lib/cyw43-driver/src/cyw43_ctrl.c.obj
                0x10012a18                cyw43_wifi_link_status
 .text.cyw43_wifi_join
                0x10012a58       0xf4 CMakeFiles/wifimqtt.dir/home/darlison/.pico-sdk/sdk/1.5.1/lib/cyw43-driver/src/cyw43_ctrl.c.obj
                0x10012a58                cyw43_wifi_join
 .text.pio_sm_unclaim
                0x10012b4c       0x20 CMakeFiles/wifimqtt.dir/home/darlison/.pico-sdk/sdk/1.5.1/src/rp2_common/hardware_pio/pio.c.obj
                0x10012b4c                pio_sm_unclaim
 .text.pio_claim_unused_sm
                0x10012b6c       0x3c CMakeFiles/wifimqtt.dir/home/darlison/.pico-sdk/sdk/1.5.1/src/rp2_common/hardware_pio/pio.c.obj
                0x10012b6c                pio_claim_unused_sm
 .text.pio_can_add_program
                0x10012ba8       0x68 CMakeFiles/wifimqtt.dir/home/darlison/.pico-sdk/sdk/1.5.1/src/rp2_common/hardware_pio/pio.c.obj
                0x10012ba8                pio_can_add_program
 .text.pio_add_program
                0x10012c10       0xf0 CMakeFiles/wifimqtt.dir/home/darlison/.pico-sdk/sdk/1.5.1/src/rp2_common/hardware_pio/pio.c.obj
                0x10012c10                pio_add_program
 .text.pio_remove_program
                0x10012d00       0x34 CMakeFiles/wifimqtt.dir/home/darlison/.pico-sdk/sdk/1.5.1/src/rp2_common/hardware_pio/pio.c.obj
                0x10012d00                pio_remove_program
 .text.pio_sm_set_pindirs_with_mask
                0x10012d34       0xa8 CMakeFiles/wifimqtt.dir/home/darlison/.pico-sdk/sdk/1.5.1/src/rp2_common/hardware_pio/pio.c.obj
                0x10012d34                pio_sm_set_pindirs_with_mask
 .text.pio_sm_set_consecutive_pindirs
                0x10012ddc       0xa8 CMakeFiles/wifimqtt.dir/home/darlison/.pico-sdk/sdk/1.5.1/src/rp2_common/hardware_pio/pio.c.obj
                0x10012ddc                pio_sm_set_consecutive_pindirs
 .text.dma_channel_unclaim
                0x10012e84       0x14 CMakeFiles/wifimqtt.dir/home/darlison/.pico-sdk/sdk/1.5.1/src/rp2_common/hardware_dma/dma.c.obj
                0x10012e84                dma_channel_unclaim
 .text.dma_claim_unused_channel
                0x10012e98       0x24 CMakeFiles/wifimqtt.dir/home/darlison/.pico-sdk/sdk/1.5.1/src/rp2_common/hardware_dma/dma.c.obj
                0x10012e98                dma_claim_unused_channel
 .text.dma_channel_cleanup
                0x10012ebc       0x60 CMakeFiles/wifimqtt.dir/home/darlison/.pico-sdk/sdk/1.5.1/src/rp2_common/hardware_dma/dma.c.obj
                0x10012ebc                dma_channel_cleanup
 .text.cyw43_sleep_timeout_reached
                0x10012f1c       0x10 CMakeFiles/wifimqtt.dir/home/darlison/.pico-sdk/sdk/1.5.1/src/rp2_common/pico_cyw43_driver/cyw43_driver.c.obj
 .text.cyw43_irq_init
                0x10012f2c       0x28 CMakeFiles/wifimqtt.dir/home/darlison/.pico-sdk/sdk/1.5.1/src/rp2_common/pico_cyw43_driver/cyw43_driver.c.obj
                0x10012f2c                cyw43_irq_init
 .text.cyw43_irq_deinit
                0x10012f54       0x20 CMakeFiles/wifimqtt.dir/home/darlison/.pico-sdk/sdk/1.5.1/src/rp2_common/pico_cyw43_driver/cyw43_driver.c.obj
                0x10012f54                cyw43_irq_deinit
 .text.cyw43_gpio_irq_handler
                0x10012f74       0x44 CMakeFiles/wifimqtt.dir/home/darlison/.pico-sdk/sdk/1.5.1/src/rp2_common/pico_cyw43_driver/cyw43_driver.c.obj
 .text.cyw43_do_poll
                0x10012fb8       0x70 CMakeFiles/wifimqtt.dir/home/darlison/.pico-sdk/sdk/1.5.1/src/rp2_common/pico_cyw43_driver/cyw43_driver.c.obj
 .text.cyw43_post_poll_hook
                0x10013028       0x10 CMakeFiles/wifimqtt.dir/home/darlison/.pico-sdk/sdk/1.5.1/src/rp2_common/pico_cyw43_driver/cyw43_driver.c.obj
                0x10013028                cyw43_post_poll_hook
 .text.cyw43_schedule_internal_poll_dispatch
                0x10013038       0x18 CMakeFiles/wifimqtt.dir/home/darlison/.pico-sdk/sdk/1.5.1/src/rp2_common/pico_cyw43_driver/cyw43_driver.c.obj
                0x10013038                cyw43_schedule_internal_poll_dispatch
 .text.cyw43_driver_init
                0x10013050       0x38 CMakeFiles/wifimqtt.dir/home/darlison/.pico-sdk/sdk/1.5.1/src/rp2_common/pico_cyw43_driver/cyw43_driver.c.obj
                0x10013050                cyw43_driver_init
 .text.cyw43_driver_deinit
                0x10013088       0x44 CMakeFiles/wifimqtt.dir/home/darlison/.pico-sdk/sdk/1.5.1/src/rp2_common/pico_cyw43_driver/cyw43_driver.c.obj
                0x10013088                cyw43_driver_deinit
 .text.cyw43_hal_generate_laa_mac
                0x100130cc       0x28 CMakeFiles/wifimqtt.dir/home/darlison/.pico-sdk/sdk/1.5.1/src/rp2_common/pico_cyw43_driver/cyw43_driver.c.obj
                0x100130cc                cyw43_hal_generate_laa_mac
 .text.cyw43_hal_get_mac
                0x100130f4       0x14 CMakeFiles/wifimqtt.dir/home/darlison/.pico-sdk/sdk/1.5.1/src/rp2_common/pico_cyw43_driver/cyw43_driver.c.obj
                0x100130f4                cyw43_hal_get_mac
 .text.cyw43_thread_enter
                0x10013108       0x14 CMakeFiles/wifimqtt.dir/home/darlison/.pico-sdk/sdk/1.5.1/src/rp2_common/pico_cyw43_driver/cyw43_driver.c.obj
                0x10013108                cyw43_thread_enter
 .text.cyw43_thread_exit
                0x1001311c       0x14 CMakeFiles/wifimqtt.dir/home/darlison/.pico-sdk/sdk/1.5.1/src/rp2_common/pico_cyw43_driver/cyw43_driver.c.obj
                0x1001311c                cyw43_thread_exit
 .text.cyw43_await_background_or_timeout_us